Archive member included to satisfy reference by file (symbol)

/home/jonathan/workspace/st_mini_stdperiph_lib/Debug/libst_mini_stdperiph_lib.a(misc.o)
                              src/NVIC.o (NVIC_PriorityGroupConfig)
/home/jonathan/workspace/st_mini_stdperiph_lib/Debug/libst_mini_stdperiph_lib.a(stm32f10x_adc.o)
                              src/ADC.o (ADC_Init)
/home/jonathan/workspace/st_mini_stdperiph_lib/Debug/libst_mini_stdperiph_lib.a(stm32f10x_dma.o)
                              src/DMA.o (DMA_DeInit)
/home/jonathan/workspace/st_mini_stdperiph_lib/Debug/libst_mini_stdperiph_lib.a(stm32f10x_gpio.o)
                              src/GPIO.o (GPIO_Init)
/home/jonathan/workspace/st_mini_stdperiph_lib/Debug/libst_mini_stdperiph_lib.a(stm32f10x_i2c.o)
                              src/LCD_I2C.o (I2C_Init)
/home/jonathan/workspace/st_mini_stdperiph_lib/Debug/libst_mini_stdperiph_lib.a(stm32f10x_rcc.o)
                              /home/jonathan/workspace/st_mini_stdperiph_lib/Debug/libst_mini_stdperiph_lib.a(stm32f10x_i2c.o) (RCC_GetClocksFreq)
/home/jonathan/workspace/st_mini_stdperiph_lib/Debug/libst_mini_stdperiph_lib.a(stm32f10x_spi.o)
                              src/ILI9163.o (SPI_I2S_DeInit)
/home/jonathan/workspace/st_mini_stdperiph_lib/Debug/libst_mini_stdperiph_lib.a(stm32f10x_usart.o)
                              src/UART.o (USART_Init)
/home/jonathan/Ac6/SystemWorkbench/plugins/fr.ac6.mcu.externaltools.arm-none.linux64_1.12.0.201611241417/tools/compiler/bin/../lib/gcc/arm-none-eabi/5.4.1/armv7-m/libgcc.a(_arm_addsubsf3.o)
                              src/GFXC.o (__aeabi_fsub)
/home/jonathan/Ac6/SystemWorkbench/plugins/fr.ac6.mcu.externaltools.arm-none.linux64_1.12.0.201611241417/tools/compiler/bin/../lib/gcc/arm-none-eabi/5.4.1/armv7-m/libgcc.a(_arm_muldivsf3.o)
                              src/GFXC.o (__aeabi_fmul)
/home/jonathan/Ac6/SystemWorkbench/plugins/fr.ac6.mcu.externaltools.arm-none.linux64_1.12.0.201611241417/tools/compiler/bin/../lib/gcc/arm-none-eabi/5.4.1/armv7-m/libgcc.a(_arm_cmpsf2.o)
                              src/GFXC.o (__aeabi_fcmplt)
/home/jonathan/Ac6/SystemWorkbench/plugins/fr.ac6.mcu.externaltools.arm-none.linux64_1.12.0.201611241417/tools/compiler/bin/../lib/gcc/arm-none-eabi/5.4.1/armv7-m/libgcc.a(_arm_fixsfsi.o)
                              src/GFXC.o (__aeabi_f2iz)
/home/jonathan/Ac6/SystemWorkbench/plugins/fr.ac6.mcu.externaltools.arm-none.linux64_1.12.0.201611241417/tools/compiler/bin/../lib/gcc/arm-none-eabi/5.4.1/../../../../arm-none-eabi/lib/armv7-m/libc.a(lib_a-errno.o)
                              src/syscalls.o (__errno)
/home/jonathan/Ac6/SystemWorkbench/plugins/fr.ac6.mcu.externaltools.arm-none.linux64_1.12.0.201611241417/tools/compiler/bin/../lib/gcc/arm-none-eabi/5.4.1/../../../../arm-none-eabi/lib/armv7-m/libc.a(lib_a-exit.o)
                              /home/jonathan/Ac6/SystemWorkbench/plugins/fr.ac6.mcu.externaltools.arm-none.linux64_1.12.0.201611241417/tools/compiler/bin/../lib/gcc/arm-none-eabi/5.4.1/../../../../arm-none-eabi/lib/armv7-m/crt0.o (exit)
/home/jonathan/Ac6/SystemWorkbench/plugins/fr.ac6.mcu.externaltools.arm-none.linux64_1.12.0.201611241417/tools/compiler/bin/../lib/gcc/arm-none-eabi/5.4.1/../../../../arm-none-eabi/lib/armv7-m/libc.a(lib_a-impure.o)
                              /home/jonathan/Ac6/SystemWorkbench/plugins/fr.ac6.mcu.externaltools.arm-none.linux64_1.12.0.201611241417/tools/compiler/bin/../lib/gcc/arm-none-eabi/5.4.1/../../../../arm-none-eabi/lib/armv7-m/libc.a(lib_a-exit.o) (_global_impure_ptr)
/home/jonathan/Ac6/SystemWorkbench/plugins/fr.ac6.mcu.externaltools.arm-none.linux64_1.12.0.201611241417/tools/compiler/bin/../lib/gcc/arm-none-eabi/5.4.1/../../../../arm-none-eabi/lib/armv7-m/libc.a(lib_a-init.o)
                              /home/jonathan/Ac6/SystemWorkbench/plugins/fr.ac6.mcu.externaltools.arm-none.linux64_1.12.0.201611241417/tools/compiler/bin/../lib/gcc/arm-none-eabi/5.4.1/../../../../arm-none-eabi/lib/armv7-m/crt0.o (__libc_init_array)
/home/jonathan/Ac6/SystemWorkbench/plugins/fr.ac6.mcu.externaltools.arm-none.linux64_1.12.0.201611241417/tools/compiler/bin/../lib/gcc/arm-none-eabi/5.4.1/../../../../arm-none-eabi/lib/armv7-m/libc.a(lib_a-memset.o)
                              /home/jonathan/Ac6/SystemWorkbench/plugins/fr.ac6.mcu.externaltools.arm-none.linux64_1.12.0.201611241417/tools/compiler/bin/../lib/gcc/arm-none-eabi/5.4.1/../../../../arm-none-eabi/lib/armv7-m/crt0.o (memset)
/home/jonathan/Ac6/SystemWorkbench/plugins/fr.ac6.mcu.externaltools.arm-none.linux64_1.12.0.201611241417/tools/compiler/bin/../lib/gcc/arm-none-eabi/5.4.1/../../../../arm-none-eabi/lib/armv7-m/libc.a(lib_a-sprintf.o)
                              src/main.o (sprintf)
/home/jonathan/Ac6/SystemWorkbench/plugins/fr.ac6.mcu.externaltools.arm-none.linux64_1.12.0.201611241417/tools/compiler/bin/../lib/gcc/arm-none-eabi/5.4.1/../../../../arm-none-eabi/lib/armv7-m/libc.a(lib_a-strlen-stub.o)
[...]
Memory Configuration

Name             Origin             Length             Attributes
RAM              0x20000000         0x00005000         xrw
ROM              0x08000000         0x00010000         xr
*default*        0x00000000         0xffffffff

Linker script and memory map

LOAD /home/jonathan/Ac6/SystemWorkbench/plugins/fr.ac6.mcu.externaltools.arm-none.linux64_1.12.0.201611241417/tools/compiler/bin/../lib/gcc/arm-none-eabi/5.4.1/armv7-m/crti.o
LOAD /home/jonathan/Ac6/SystemWorkbench/plugins/fr.ac6.mcu.externaltools.arm-none.linux64_1.12.0.201611241417/tools/compiler/bin/../lib/gcc/arm-none-eabi/5.4.1/armv7-m/crtbegin.o
LOAD /home/jonathan/Ac6/SystemWorkbench/plugins/fr.ac6.mcu.externaltools.arm-none.linux64_1.12.0.201611241417/tools/compiler/bin/../lib/gcc/arm-none-eabi/5.4.1/../../../../arm-none-eabi/lib/armv7-m/crt0.o
LOAD /home/jonathan/Ac6/SystemWorkbench/plugins/fr.ac6.mcu.externaltools.arm-none.linux64_1.12.0.201611241417/tools/compiler/bin/../lib/gcc/arm-none-eabi/5.4.1/../../../../arm-none-eabi/lib/armv7-m/libm.a
LOAD startup/startup_stm32f10x_md.o
LOAD src/ADC.o
LOAD src/DMA.o
LOAD src/GFXC.o
LOAD src/GPIO.o
LOAD src/ILI9163.o
LOAD src/LCD_I2C.o
LOAD src/NVIC.o
LOAD src/RCC.o
LOAD src/UART.o
LOAD src/main.o
LOAD src/stm32f10x_it.o
LOAD src/syscalls.o
LOAD src/system_stm32f10x.o
LOAD /home/jonathan/workspace/st_mini_stdperiph_lib/Debug/libst_mini_stdperiph_lib.a
START GROUP
LOAD /home/jonathan/Ac6/SystemWorkbench/plugins/fr.ac6.mcu.externaltools.arm-none.linux64_1.12.0.201611241417/tools/compiler/bin/../lib/gcc/arm-none-eabi/5.4.1/armv7-m/libgcc.a
LOAD /home/jonathan/Ac6/SystemWorkbench/plugins/fr.ac6.mcu.externaltools.arm-none.linux64_1.12.0.201611241417/tools/compiler/bin/../lib/gcc/arm-none-eabi/5.4.1/../../../../arm-none-eabi/lib/armv7-m/libc.a
END GROUP
LOAD /home/jonathan/Ac6/SystemWorkbench/plugins/fr.ac6.mcu.externaltools.arm-none.linux64_1.12.0.201611241417/tools/compiler/bin/../lib/gcc/arm-none-eabi/5.4.1/armv7-m/crtend.o
LOAD /home/jonathan/Ac6/SystemWorkbench/plugins/fr.ac6.mcu.externaltools.arm-none.linux64_1.12.0.201611241417/tools/compiler/bin/../lib/gcc/arm-none-eabi/5.4.1/armv7-m/crtn.o
                0x20005000                _estack = 0x20005000
                0x00000000                _Min_Heap_Size = 0x0
                0x00000400                _Min_Stack_Size = 0x400

.isr_vector     0x08000000      0x10c
                0x08000000                . = ALIGN (0x4)
 *(.isr_vector)
 .isr_vector    0x08000000      0x10c startup/startup_stm32f10x_md.o
                0x08000000                g_pfnVectors
                0x0800010c                . = ALIGN (0x4)

.text           0x08000110     0x785c
                0x08000110                . = ALIGN (0x4)
 *(.text)
 .text          0x08000110       0x5c /home/jonathan/Ac6/SystemWorkbench/plugins/fr.ac6.mcu.externaltools.arm-none.linux64_1.12.0.201611241417/tools/compiler/bin/../lib/gcc/arm-none-eabi/5.4.1/armv7-m/crtbegin.o
 .text          0x0800016c       0xec /home/jonathan/Ac6/SystemWorkbench/plugins/fr.ac6.mcu.externaltools.arm-none.linux64_1.12.0.201611241417/tools/compiler/bin/../lib/gcc/arm-none-eabi/5.4.1/../../../../arm-none-eabi/lib/armv7-m/libc.a(lib_a-memcpy.o)
                0x0800016c                memcpy
 .text          0x08000258      0x370 /home/jonathan/Ac6/SystemWorkbench/plugins/fr.ac6.mcu.externaltools.arm-none.linux64_1.12.0.201611241417/tools/compiler/bin/../lib/gcc/arm-none-eabi/5.4.1/armv7-m/libgcc.a(_arm_addsubdf3.o)
                0x08000258                __aeabi_drsub
                0x08000260                __aeabi_dsub
                0x08000260                __subdf3
                0x08000264                __adddf3
                0x08000264                __aeabi_dadd
                0x080004dc                __aeabi_ui2d
                0x080004dc                __floatunsidf
                0x080004fc                __floatsidf
                0x080004fc                __aeabi_i2d
                0x08000520                __extendsfdf2
                0x08000520                __aeabi_f2d
                0x0800055c                __aeabi_ul2d
                0x0800055c                __floatundidf
                0x0800056c                __floatdidf
                0x0800056c                __aeabi_l2d
 .text          0x080005c8      0x424 /home/jonathan/Ac6/SystemWorkbench/plugins/fr.ac6.mcu.externaltools.arm-none.linux64_1.12.0.201611241417/tools/compiler/bin/../lib/gcc/arm-none-eabi/5.4.1/armv7-m/libgcc.a(_arm_muldivdf3.o)
                0x080005c8                __aeabi_dmul
                0x080005c8                __muldf3
                0x0800081c                __aeabi_ddiv
                0x0800081c                __divdf3
 .text          0x080009ec      0x110 /home/jonathan/Ac6/SystemWorkbench/plugins/fr.ac6.mcu.externaltools.arm-none.linux64_1.12.0.201611241417/tools/compiler/bin/../lib/gcc/arm-none-eabi/5.4.1/armv7-m/libgcc.a(_arm_cmpdf2.o)
                0x080009ec                __gtdf2
                0x080009ec                __gedf2
                0x080009f4                __ltdf2
                0x080009f4                __ledf2
                0x080009fc                __cmpdf2
                0x080009fc                __eqdf2
                0x080009fc                __nedf2
                0x08000a78                __aeabi_cdrcmple
                0x08000a88                __aeabi_cdcmple
                0x08000a88                __aeabi_cdcmpeq
                0x08000a98                __aeabi_dcmpeq
                0x08000aac                __aeabi_dcmplt
                0x08000ac0                __aeabi_dcmple
                0x08000ad4                __aeabi_dcmpge
                0x08000ae8                __aeabi_dcmpgt
 .text          0x08000afc       0x2c /home/jonathan/Ac6/SystemWorkbench/plugins/fr.ac6.mcu.externaltools.arm-none.linux64_1.12.0.201611241417/tools/compiler/bin/../lib/gcc/arm-none-eabi/5.4.1/armv7-m/libgcc.a(_arm_unorddf2.o)
                0x08000afc                __aeabi_dcmpun
                0x08000afc                __unorddf2
 .text          0x08000b28       0x50 /home/jonathan/Ac6/SystemWorkbench/plugins/fr.ac6.mcu.externaltools.arm-none.linux64_1.12.0.201611241417/tools/compiler/bin/../lib/gcc/arm-none-eabi/5.4.1/armv7-m/libgcc.a(_arm_fixdfsi.o)
                0x08000b28                __fixdfsi
                0x08000b28                __aeabi_d2iz
 .text          0x08000b78       0x30 /home/jonathan/Ac6/SystemWorkbench/plugins/fr.ac6.mcu.externaltools.arm-none.linux64_1.12.0.201611241417/tools/compiler/bin/../lib/gcc/arm-none-eabi/5.4.1/armv7-m/libgcc.a(_aeabi_uldivmod.o)
                0x08000b78                __aeabi_uldivmod
 .text          0x08000ba8      0x2ec /home/jonathan/Ac6/SystemWorkbench/plugins/fr.ac6.mcu.externaltools.arm-none.linux64_1.12.0.201611241417/tools/compiler/bin/../lib/gcc/arm-none-eabi/5.4.1/armv7-m/libgcc.a(_udivmoddi4.o)
                0x08000ba8                __udivmoddi4
 .text          0x08000e94        0x4 /home/jonathan/Ac6/SystemWorkbench/plugins/fr.ac6.mcu.externaltools.arm-none.linux64_1.12.0.201611241417/tools/compiler/bin/../lib/gcc/arm-none-eabi/5.4.1/armv7-m/libgcc.a(_dvmd_tls.o)
                0x08000e94                __aeabi_ldiv0
                0x08000e94                __aeabi_idiv0
 *(.text*)
 .text.Reset_Handler
                0x08000e98       0x44 startup/startup_stm32f10x_md.o
                0x08000e98                Reset_Handler
 .text.Default_Handler
                0x08000edc        0x2 startup/startup_stm32f10x_md.o
                0x08000edc                EXTI2_IRQHandler
                0x08000edc                TIM1_CC_IRQHandler
                0x08000edc                PVD_IRQHandler
                0x08000edc                EXTI3_IRQHandler
                0x08000edc                EXTI0_IRQHandler
                0x08000edc                I2C2_EV_IRQHandler
                0x08000edc                SPI1_IRQHandler
                0x08000edc                TAMPER_IRQHandler
                0x08000edc                DMA1_Channel4_IRQHandler
                0x08000edc                USART3_IRQHandler
                0x08000edc                RTC_IRQHandler
                0x08000edc                DMA1_Channel7_IRQHandler
                0x08000edc                CAN1_RX1_IRQHandler
                0x08000edc                TIM4_IRQHandler
                0x08000edc                I2C1_EV_IRQHandler
                0x08000edc                DMA1_Channel6_IRQHandler
                0x08000edc                TIM3_IRQHandler
                0x08000edc                RCC_IRQHandler
                0x08000edc                TIM1_TRG_COM_IRQHandler
                0x08000edc                DMA1_Channel1_IRQHandler
                0x08000edc                Default_Handler
                0x08000edc                EXTI15_10_IRQHandler
                0x08000edc                EXTI9_5_IRQHandler
                0x08000edc                SPI2_IRQHandler
                0x08000edc                EXTI4_IRQHandler
                0x08000edc                USB_LP_CAN1_RX0_IRQHandler
                0x08000edc                USB_HP_CAN1_TX_IRQHandler
                0x08000edc                DMA1_Channel3_IRQHandler
                0x08000edc                TIM1_UP_IRQHandler
                0x08000edc                WWDG_IRQHandler
                0x08000edc                TIM2_IRQHandler
                0x08000edc                TIM1_BRK_IRQHandler
                0x08000edc                EXTI1_IRQHandler
                0x08000edc                RTCAlarm_IRQHandler
                0x08000edc                USART2_IRQHandler
                0x08000edc                I2C2_ER_IRQHandler
                0x08000edc                DMA1_Channel2_IRQHandler
                0x08000edc                CAN1_SCE_IRQHandler
                0x08000edc                FLASH_IRQHandler
                0x08000edc                I2C1_ER_IRQHandler
                0x08000edc                USBWakeUp_IRQHandler
 *fill*         0x08000ede        0x2 
 .text.ADC1_Init
                0x08000ee0       0x90 src/ADC.o
                0x08000ee0                ADC1_Init
 .text.ADC1_Calibration
                0x08000f70       0x34 src/ADC.o
                0x08000f70                ADC1_Calibration
 .text.ADC1_2_IRQHandler
                0x08000fa4       0x4c src/ADC.o
                0x08000fa4                ADC1_2_IRQHandler
 .text.ADC1_StartConvertion
                0x08000ff0       0x14 src/ADC.o
                0x08000ff0                ADC1_StartConvertion
 .text.DMA_Configuration
                0x08001004       0x5c src/DMA.o
                0x08001004                DMA_Configuration
 .text.DMA1_Channel5_IRQHandler
                0x08001060       0x68 src/DMA.o
                0x08001060                DMA1_Channel5_IRQHandler
 .text.PChar    0x080010c8      0x268 src/GFXC.o
                0x080010c8                PChar
 .text.PStr     0x08001330      0x13c src/GFXC.o
                0x08001330                PStr
 .text.GPIO_Configuration
                0x0800146c       0x88 src/GPIO.o
                0x0800146c                GPIO_Configuration
 .text.ILI9163Init
                0x080014f4      0x1bc src/ILI9163.o
                0x080014f4                ILI9163Init
 .text.WriteString
                0x080016b0       0x70 src/ILI9163.o
                0x080016b0                WriteString
 .text.Delay    0x08001720       0x30 src/ILI9163.o
                0x08001720                Delay
 .text.SB       0x08001750       0x64 src/ILI9163.o
                0x08001750                SB
 .text.SW       0x080017b4       0x68 src/ILI9163.o
                0x080017b4                SW
 .text.SetAddr  0x0800181c       0x88 src/ILI9163.o
                0x0800181c                SetAddr
 .text.SetScrn  0x080018a4       0x6c src/ILI9163.o
                0x080018a4                SetScrn
 .text.ClrScrn  0x08001910       0x10 src/ILI9163.o
                0x08001910                ClrScrn
 .text.PCol     0x08001920       0xb4 src/ILI9163.o
                0x08001920                PCol
 .text.InvMode  0x080019d4       0x2c src/ILI9163.o
                0x080019d4                InvMode
 .text.RotateScreen
                0x08001a00      0x190 src/ILI9163.o
                0x08001a00                RotateScreen
 .text.LCD_I2C_Goto
                0x08001b90       0x70 src/LCD_I2C.o
                0x08001b90                LCD_I2C_Goto
 .text.LCD_I2C_PrintC
                0x08001c00       0x2c src/LCD_I2C.o
                0x08001c00                LCD_I2C_PrintC
 .text.LCD_I2C_Init
                0x08001c2c       0x44 src/LCD_I2C.o
                0x08001c2c                LCD_I2C_Init
 .text.LCD_I2C_Send
                0x08001c70       0x88 src/LCD_I2C.o
                0x08001c70                LCD_I2C_Send
 .text.LCD_I2C_Command
                0x08001cf8      0x168 src/LCD_I2C.o
                0x08001cf8                LCD_I2C_Command
 .text.LCD_I2C_Data
                0x08001e60      0x168 src/LCD_I2C.o
                0x08001e60                LCD_I2C_Data
 .text.I2C_Configuration
                0x08001fc8       0x4c src/LCD_I2C.o
                0x08001fc8                I2C_Configuration
 .text.delay    0x08002014       0x28 src/LCD_I2C.o
                0x08002014                delay
 .text.LCD_I2C_Clear
                0x0800203c       0x14 src/LCD_I2C.o
                0x0800203c                LCD_I2C_Clear
 .text.delay_clear
                0x08002050       0x34 src/LCD_I2C.o
                0x08002050                delay_clear
 .text.NVIC_Configuration
                0x08002084       0x68 src/NVIC.o
                0x08002084                NVIC_Configuration
 .text.RCC_Configuration
                0x080020ec       0x38 src/RCC.o
                0x080020ec                RCC_Configuration
 .text.USART_Config
                0x08002124       0x54 src/UART.o
                0x08002124                USART_Config
 .text.USART1_IRQHandler
                0x08002178       0x38 src/UART.o
                0x08002178                USART1_IRQHandler
 .text.NVIC_SetPriority
                0x080021b0       0x54 src/main.o
 .text.SysTick_Config
                0x08002204       0x44 src/main.o
 .text.main     0x08002248      0x114 src/main.o
                0x08002248                main
 .text.Systick_Configuration
                0x0800235c       0x30 src/main.o
                0x0800235c                Systick_Configuration
 .text.NMI_Handler
                0x0800238c        0xc src/stm32f10x_it.o
                0x0800238c                NMI_Handler
 .text.HardFault_Handler
                0x08002398        0x8 src/stm32f10x_it.o
                0x08002398                HardFault_Handler
 .text.MemManage_Handler
                0x080023a0        0x8 src/stm32f10x_it.o
                0x080023a0                MemManage_Handler
 .text.BusFault_Handler
                0x080023a8        0x8 src/stm32f10x_it.o
                0x080023a8                BusFault_Handler
 .text.UsageFault_Handler
                0x080023b0        0x8 src/stm32f10x_it.o
                0x080023b0                UsageFault_Handler
 .text.SVC_Handler
                0x080023b8        0xc src/stm32f10x_it.o
                0x080023b8                SVC_Handler
 .text.DebugMon_Handler
                0x080023c4        0xc src/stm32f10x_it.o
                0x080023c4                DebugMon_Handler
 .text.PendSV_Handler
                0x080023d0        0xc src/stm32f10x_it.o
                0x080023d0                PendSV_Handler
 .text.SysTick_Handler
                0x080023dc       0x28 src/stm32f10x_it.o
                0x080023dc                SysTick_Handler
 .text._sbrk    0x08002404       0x58 src/syscalls.o
                0x08002404                _sbrk
 .text.SystemInit
                0x0800245c       0x68 src/system_stm32f10x.o
                0x0800245c                SystemInit
 .text.SystemCoreClockUpdate
                0x080024c4       0xd8 src/system_stm32f10x.o
                0x080024c4                SystemCoreClockUpdate
 .text.SetSysClock
                0x0800259c        0xc src/system_stm32f10x.o
 .text.SetSysClockTo72
                0x080025a8      0x100 src/system_stm32f10x.o
 .text.NVIC_PriorityGroupConfig
                0x080026a8       0x24 /home/jonathan/workspace/st_mini_stdperiph_lib/Debug/libst_mini_stdperiph_lib.a(misc.o)
                0x080026a8                NVIC_PriorityGroupConfig
 .text.NVIC_Init
                0x080026cc       0xc4 /home/jonathan/workspace/st_mini_stdperiph_lib/Debug/libst_mini_stdperiph_lib.a(misc.o)
                0x080026cc                NVIC_Init
 .text.ADC_Init
                0x08002790       0xa4 /home/jonathan/workspace/st_mini_stdperiph_lib/Debug/libst_mini_stdperiph_lib.a(stm32f10x_adc.o)
                0x08002790                ADC_Init
 .text.ADC_Cmd  0x08002834       0x38 /home/jonathan/workspace/st_mini_stdperiph_lib/Debug/libst_mini_stdperiph_lib.a(stm32f10x_adc.o)
                0x08002834                ADC_Cmd
 .text.ADC_ITConfig
                0x0800286c       0x44 /home/jonathan/workspace/st_mini_stdperiph_lib/Debug/libst_mini_stdperiph_lib.a(stm32f10x_adc.o)
                0x0800286c                ADC_ITConfig
 .text.ADC_ResetCalibration
                0x080028b0       0x20 /home/jonathan/workspace/st_mini_stdperiph_lib/Debug/libst_mini_stdperiph_lib.a(stm32f10x_adc.o)
                0x080028b0                ADC_ResetCalibration
 .text.ADC_GetResetCalibrationStatus
                0x080028d0       0x30 /home/jonathan/workspace/st_mini_stdperiph_lib/Debug/libst_mini_stdperiph_lib.a(stm32f10x_adc.o)
                0x080028d0                ADC_GetResetCalibrationStatus
 .text.ADC_StartCalibration
                0x08002900       0x20 /home/jonathan/workspace/st_mini_stdperiph_lib/Debug/libst_mini_stdperiph_lib.a(stm32f10x_adc.o)
                0x08002900                ADC_StartCalibration
 .text.ADC_GetCalibrationStatus
                0x08002920       0x30 /home/jonathan/workspace/st_mini_stdperiph_lib/Debug/libst_mini_stdperiph_lib.a(stm32f10x_adc.o)
                0x08002920                ADC_GetCalibrationStatus
 .text.ADC_SoftwareStartConvCmd
                0x08002950       0x38 /home/jonathan/workspace/st_mini_stdperiph_lib/Debug/libst_mini_stdperiph_lib.a(stm32f10x_adc.o)
                0x08002950                ADC_SoftwareStartConvCmd
 .text.ADC_RegularChannelConfig
                0x08002988      0x194 /home/jonathan/workspace/st_mini_stdperiph_lib/Debug/libst_mini_stdperiph_lib.a(stm32f10x_adc.o)
                0x08002988                ADC_RegularChannelConfig
 .text.ADC_GetConversionValue
                0x08002b1c       0x18 /home/jonathan/workspace/st_mini_stdperiph_lib/Debug/libst_mini_stdperiph_lib.a(stm32f10x_adc.o)
                0x08002b1c                ADC_GetConversionValue
 .text.ADC_AnalogWatchdogCmd
                0x08002b34       0x38 /home/jonathan/workspace/st_mini_stdperiph_lib/Debug/libst_mini_stdperiph_lib.a(stm32f10x_adc.o)
                0x08002b34                ADC_AnalogWatchdogCmd
 .text.ADC_AnalogWatchdogThresholdsConfig
                0x08002b6c       0x28 /home/jonathan/workspace/st_mini_stdperiph_lib/Debug/libst_mini_stdperiph_lib.a(stm32f10x_adc.o)
                0x08002b6c                ADC_AnalogWatchdogThresholdsConfig
 .text.ADC_AnalogWatchdogSingleChannelConfig
                0x08002b94       0x38 /home/jonathan/workspace/st_mini_stdperiph_lib/Debug/libst_mini_stdperiph_lib.a(stm32f10x_adc.o)
                0x08002b94                ADC_AnalogWatchdogSingleChannelConfig
 .text.ADC_GetITStatus
                0x08002bcc       0x54 /home/jonathan/workspace/st_mini_stdperiph_lib/Debug/libst_mini_stdperiph_lib.a(stm32f10x_adc.o)
                0x08002bcc                ADC_GetITStatus
 .text.ADC_ClearITPendingBit
                0x08002c20       0x2c /home/jonathan/workspace/st_mini_stdperiph_lib/Debug/libst_mini_stdperiph_lib.a(stm32f10x_adc.o)
                0x08002c20                ADC_ClearITPendingBit
 .text.DMA_DeInit
                0x08002c4c      0x178 /home/jonathan/workspace/st_mini_stdperiph_lib/Debug/libst_mini_stdperiph_lib.a(stm32f10x_dma.o)
                0x08002c4c                DMA_DeInit
 .text.DMA_Init
                0x08002dc4       0x7c /home/jonathan/workspace/st_mini_stdperiph_lib/Debug/libst_mini_stdperiph_lib.a(stm32f10x_dma.o)
                0x08002dc4                DMA_Init
 .text.DMA_ClearFlag
                0x08002e40       0x34 /home/jonathan/workspace/st_mini_stdperiph_lib/Debug/libst_mini_stdperiph_lib.a(stm32f10x_dma.o)
                0x08002e40                DMA_ClearFlag
 .text.DMA_GetITStatus
                0x08002e74       0x50 /home/jonathan/workspace/st_mini_stdperiph_lib/Debug/libst_mini_stdperiph_lib.a(stm32f10x_dma.o)
                0x08002e74                DMA_GetITStatus
 .text.DMA_ClearITPendingBit
                0x08002ec4       0x34 /home/jonathan/workspace/st_mini_stdperiph_lib/Debug/libst_mini_stdperiph_lib.a(stm32f10x_dma.o)
                0x08002ec4                DMA_ClearITPendingBit
 .text.GPIO_Init
                0x08002ef8      0x178 /home/jonathan/workspace/st_mini_stdperiph_lib/Debug/libst_mini_stdperiph_lib.a(stm32f10x_gpio.o)
                0x08002ef8                GPIO_Init
 .text.GPIO_SetBits
                0x08003070       0x1c /home/jonathan/workspace/st_mini_stdperiph_lib/Debug/libst_mini_stdperiph_lib.a(stm32f10x_gpio.o)
                0x08003070                GPIO_SetBits
 .text.GPIO_ResetBits
                0x0800308c       0x1c /home/jonathan/workspace/st_mini_stdperiph_lib/Debug/libst_mini_stdperiph_lib.a(stm32f10x_gpio.o)
                0x0800308c                GPIO_ResetBits
 .text.I2C_Init
                0x080030a8      0x184 /home/jonathan/workspace/st_mini_stdperiph_lib/Debug/libst_mini_stdperiph_lib.a(stm32f10x_i2c.o)
                0x080030a8                I2C_Init
 .text.I2C_StructInit
                0x0800322c       0x3c /home/jonathan/workspace/st_mini_stdperiph_lib/Debug/libst_mini_stdperiph_lib.a(stm32f10x_i2c.o)
                0x0800322c                I2C_StructInit
 .text.I2C_Cmd  0x08003268       0x40 /home/jonathan/workspace/st_mini_stdperiph_lib/Debug/libst_mini_stdperiph_lib.a(stm32f10x_i2c.o)
                0x08003268                I2C_Cmd
 .text.I2C_GenerateSTART
                0x080032a8       0x40 /home/jonathan/workspace/st_mini_stdperiph_lib/Debug/libst_mini_stdperiph_lib.a(stm32f10x_i2c.o)
                0x080032a8                I2C_GenerateSTART
 .text.I2C_GenerateSTOP
                0x080032e8       0x40 /home/jonathan/workspace/st_mini_stdperiph_lib/Debug/libst_mini_stdperiph_lib.a(stm32f10x_i2c.o)
                0x080032e8                I2C_GenerateSTOP
 .text.I2C_SendData
                0x08003328       0x20 /home/jonathan/workspace/st_mini_stdperiph_lib/Debug/libst_mini_stdperiph_lib.a(stm32f10x_i2c.o)
                0x08003328                I2C_SendData
 .text.I2C_Send7bitAddress
                0x08003348       0x3c /home/jonathan/workspace/st_mini_stdperiph_lib/Debug/libst_mini_stdperiph_lib.a(stm32f10x_i2c.o)
                0x08003348                I2C_Send7bitAddress
 .text.I2C_CheckEvent
                0x08003384       0x60 /home/jonathan/workspace/st_mini_stdperiph_lib/Debug/libst_mini_stdperiph_lib.a(stm32f10x_i2c.o)
                0x08003384                I2C_CheckEvent
 .text.I2C_GetFlagStatus
                0x080033e4       0x64 /home/jonathan/workspace/st_mini_stdperiph_lib/Debug/libst_mini_stdperiph_lib.a(stm32f10x_i2c.o)
                0x080033e4                I2C_GetFlagStatus
 .text.RCC_GetClocksFreq
                0x08003448      0x160 /home/jonathan/workspace/st_mini_stdperiph_lib/Debug/libst_mini_stdperiph_lib.a(stm32f10x_rcc.o)
                0x08003448                RCC_GetClocksFreq
 .text.RCC_AHBPeriphClockCmd
                0x080035a8       0x3c /home/jonathan/workspace/st_mini_stdperiph_lib/Debug/libst_mini_stdperiph_lib.a(stm32f10x_rcc.o)
                0x080035a8                RCC_AHBPeriphClockCmd
 .text.RCC_APB2PeriphClockCmd
                0x080035e4       0x3c /home/jonathan/workspace/st_mini_stdperiph_lib/Debug/libst_mini_stdperiph_lib.a(stm32f10x_rcc.o)
                0x080035e4                RCC_APB2PeriphClockCmd
 .text.RCC_APB1PeriphClockCmd
                0x08003620       0x3c /home/jonathan/workspace/st_mini_stdperiph_lib/Debug/libst_mini_stdperiph_lib.a(stm32f10x_rcc.o)
                0x08003620                RCC_APB1PeriphClockCmd
 .text.RCC_APB2PeriphResetCmd
                0x0800365c       0x3c /home/jonathan/workspace/st_mini_stdperiph_lib/Debug/libst_mini_stdperiph_lib.a(stm32f10x_rcc.o)
                0x0800365c                RCC_APB2PeriphResetCmd
 .text.RCC_APB1PeriphResetCmd
                0x08003698       0x3c /home/jonathan/workspace/st_mini_stdperiph_lib/Debug/libst_mini_stdperiph_lib.a(stm32f10x_rcc.o)
                0x08003698                RCC_APB1PeriphResetCmd
 .text.SPI_I2S_DeInit
                0x080036d4       0x74 /home/jonathan/workspace/st_mini_stdperiph_lib/Debug/libst_mini_stdperiph_lib.a(stm32f10x_spi.o)
                0x080036d4                SPI_I2S_DeInit
 .text.SPI_Init
                0x08003748       0x88 /home/jonathan/workspace/st_mini_stdperiph_lib/Debug/libst_mini_stdperiph_lib.a(stm32f10x_spi.o)
                0x08003748                SPI_Init
 .text.SPI_Cmd  0x080037d0       0x40 /home/jonathan/workspace/st_mini_stdperiph_lib/Debug/libst_mini_stdperiph_lib.a(stm32f10x_spi.o)
                0x080037d0                SPI_Cmd
 .text.SPI_I2S_SendData
                0x08003810       0x1c /home/jonathan/workspace/st_mini_stdperiph_lib/Debug/libst_mini_stdperiph_lib.a(stm32f10x_spi.o)
                0x08003810                SPI_I2S_SendData
 .text.SPI_I2S_GetFlagStatus
                0x0800382c       0x38 /home/jonathan/workspace/st_mini_stdperiph_lib/Debug/libst_mini_stdperiph_lib.a(stm32f10x_spi.o)
                0x0800382c                SPI_I2S_GetFlagStatus
 .text.USART_Init
                0x08003864      0x174 /home/jonathan/workspace/st_mini_stdperiph_lib/Debug/libst_mini_stdperiph_lib.a(stm32f10x_usart.o)
                0x08003864                USART_Init
 .text.USART_StructInit
                0x080039d8       0x38 /home/jonathan/workspace/st_mini_stdperiph_lib/Debug/libst_mini_stdperiph_lib.a(stm32f10x_usart.o)
                0x080039d8                USART_StructInit
 .text.USART_Cmd
                0x08003a10       0x40 /home/jonathan/workspace/st_mini_stdperiph_lib/Debug/libst_mini_stdperiph_lib.a(stm32f10x_usart.o)
                0x08003a10                USART_Cmd
 .text.USART_ITConfig
                0x08003a50       0x90 /home/jonathan/workspace/st_mini_stdperiph_lib/Debug/libst_mini_stdperiph_lib.a(stm32f10x_usart.o)
                0x08003a50                USART_ITConfig
 .text.USART_GetITStatus
                0x08003ae0       0xb4 /home/jonathan/workspace/st_mini_stdperiph_lib/Debug/libst_mini_stdperiph_lib.a(stm32f10x_usart.o)
                0x08003ae0                USART_GetITStatus
 .text.__errno  0x08003b94        0xc /home/jonathan/Ac6/SystemWorkbench/plugins/fr.ac6.mcu.externaltools.arm-none.linux64_1.12.0.201611241417/tools/compiler/bin/../lib/gcc/arm-none-eabi/5.4.1/../../../../arm-none-eabi/lib/armv7-m/libc.a(lib_a-errno.o)
                0x08003b94                __errno
 .text.memset   0x08003ba0       0x9c /home/jonathan/Ac6/SystemWorkbench/plugins/fr.ac6.mcu.externaltools.arm-none.linux64_1.12.0.201611241417/tools/compiler/bin/../lib/gcc/arm-none-eabi/5.4.1/../../../../arm-none-eabi/lib/armv7-m/libc.a(lib_a-memset.o)
                0x08003ba0                memset
 .text.sprintf  0x08003c3c       0x4c /home/jonathan/Ac6/SystemWorkbench/plugins/fr.ac6.mcu.externaltools.arm-none.linux64_1.12.0.201611241417/tools/compiler/bin/../lib/gcc/arm-none-eabi/5.4.1/../../../../arm-none-eabi/lib/armv7-m/libc.a(lib_a-sprintf.o)
                0x08003c3c                sprintf
 .text.strlen   0x08003c88       0x5c /home/jonathan/Ac6/SystemWorkbench/plugins/fr.ac6.mcu.externaltools.arm-none.linux64_1.12.0.201611241417/tools/compiler/bin/../lib/gcc/arm-none-eabi/5.4.1/../../../../arm-none-eabi/lib/armv7-m/libc.a(lib_a-strlen-stub.o)
                0x08003c88                strlen
 .text._svfprintf_r
                0x08003ce4     0x175c /home/jonathan/Ac6/SystemWorkbench/plugins/fr.ac6.mcu.externaltools.arm-none.linux64_1.12.0.201611241417/tools/compiler/bin/../lib/gcc/arm-none-eabi/5.4.1/../../../../arm-none-eabi/lib/armv7-m/libc.a(lib_a-svfprintf.o)
                0x08003ce4                _svfprintf_r
 .text.startup.register_fini
                0x08005440       0x14 /home/jonathan/Ac6/SystemWorkbench/plugins/fr.ac6.mcu.externaltools.arm-none.linux64_1.12.0.201611241417/tools/compiler/bin/../lib/gcc/arm-none-eabi/5.4.1/../../../../arm-none-eabi/lib/armv7-m/libc.a(lib_a-__call_atexit.o)
 .text.atexit   0x08005454        0xc /home/jonathan/Ac6/SystemWorkbench/plugins/fr.ac6.mcu.externaltools.arm-none.linux64_1.12.0.201611241417/tools/compiler/bin/../lib/gcc/arm-none-eabi/5.4.1/../../../../arm-none-eabi/lib/armv7-m/libc.a(lib_a-atexit.o)
                0x08005454                atexit
 .text.quorem   0x08005460      0x12c /home/jonathan/Ac6/SystemWorkbench/plugins/fr.ac6.mcu.externaltools.arm-none.linux64_1.12.0.201611241417/tools/compiler/bin/../lib/gcc/arm-none-eabi/5.4.1/../../../../arm-none-eabi/lib/armv7-m/libc.a(lib_a-dtoa.o)
 *fill*         0x0800558c        0x4 
 .text._dtoa_r  0x08005590      0xe4c /home/jonathan/Ac6/SystemWorkbench/plugins/fr.ac6.mcu.externaltools.arm-none.linux64_1.12.0.201611241417/tools/compiler/bin/../lib/gcc/arm-none-eabi/5.4.1/../../../../arm-none-eabi/lib/armv7-m/libc.a(lib_a-dtoa.o)
                0x08005590                _dtoa_r
 .text.__libc_fini_array
                0x080063dc       0x28 /home/jonathan/Ac6/SystemWorkbench/plugins/fr.ac6.mcu.externaltools.arm-none.linux64_1.12.0.201611241417/tools/compiler/bin/../lib/gcc/arm-none-eabi/5.4.1/../../../../arm-none-eabi/lib/armv7-m/libc.a(lib_a-fini.o)
                0x080063dc                __libc_fini_array
 .text._localeconv_r
                0x08006404        0x8 /home/jonathan/Ac6/SystemWorkbench/plugins/fr.ac6.mcu.externaltools.arm-none.linux64_1.12.0.201611241417/tools/compiler/bin/../lib/gcc/arm-none-eabi/5.4.1/../../../../arm-none-eabi/lib/armv7-m/libc.a(lib_a-locale.o)
                0x08006404                _localeconv_r
 .text._malloc_r
                0x0800640c      0x558 /home/jonathan/Ac6/SystemWorkbench/plugins/fr.ac6.mcu.externaltools.arm-none.linux64_1.12.0.201611241417/tools/compiler/bin/../lib/gcc/arm-none-eabi/5.4.1/../../../../arm-none-eabi/lib/armv7-m/libc.a(lib_a-mallocr.o)
                0x0800640c                _malloc_r
 .text.memchr   0x08006964       0x8c /home/jonathan/Ac6/SystemWorkbench/plugins/fr.ac6.mcu.externaltools.arm-none.linux64_1.12.0.201611241417/tools/compiler/bin/../lib/gcc/arm-none-eabi/5.4.1/../../../../arm-none-eabi/lib/armv7-m/libc.a(lib_a-memchr-stub.o)
                0x08006964                memchr
 .text.__malloc_lock
                0x080069f0        0x4 /home/jonathan/Ac6/SystemWorkbench/plugins/fr.ac6.mcu.externaltools.arm-none.linux64_1.12.0.201611241417/tools/compiler/bin/../lib/gcc/arm-none-eabi/5.4.1/../../../../arm-none-eabi/lib/armv7-m/libc.a(lib_a-mlock.o)
                0x080069f0                __malloc_lock
 .text.__malloc_unlock
                0x080069f4        0x4 /home/jonathan/Ac6/SystemWorkbench/plugins/fr.ac6.mcu.externaltools.arm-none.linux64_1.12.0.201611241417/tools/compiler/bin/../lib/gcc/arm-none-eabi/5.4.1/../../../../arm-none-eabi/lib/armv7-m/libc.a(lib_a-mlock.o)
                0x080069f4                __malloc_unlock
 .text._Balloc  0x080069f8       0x50 /home/jonathan/Ac6/SystemWorkbench/plugins/fr.ac6.mcu.externaltools.arm-none.linux64_1.12.0.201611241417/tools/compiler/bin/../lib/gcc/arm-none-eabi/5.4.1/../../../../arm-none-eabi/lib/armv7-m/libc.a(lib_a-mprec.o)
                0x080069f8                _Balloc
 .text._Bfree   0x08006a48       0x14 /home/jonathan/Ac6/SystemWorkbench/plugins/fr.ac6.mcu.externaltools.arm-none.linux64_1.12.0.201611241417/tools/compiler/bin/../lib/gcc/arm-none-eabi/5.4.1/../../../../arm-none-eabi/lib/armv7-m/libc.a(lib_a-mprec.o)
                0x08006a48                _Bfree
 .text.__multadd
                0x08006a5c       0x80 /home/jonathan/Ac6/SystemWorkbench/plugins/fr.ac6.mcu.externaltools.arm-none.linux64_1.12.0.201611241417/tools/compiler/bin/../lib/gcc/arm-none-eabi/5.4.1/../../../../arm-none-eabi/lib/armv7-m/libc.a(lib_a-mprec.o)
                0x08006a5c                __multadd
 .text.__hi0bits
                0x08006adc       0x40 /home/jonathan/Ac6/SystemWorkbench/plugins/fr.ac6.mcu.externaltools.arm-none.linux64_1.12.0.201611241417/tools/compiler/bin/../lib/gcc/arm-none-eabi/5.4.1/../../../../arm-none-eabi/lib/armv7-m/libc.a(lib_a-mprec.o)
                0x08006adc                __hi0bits
 .text.__lo0bits
                0x08006b1c       0x5c /home/jonathan/Ac6/SystemWorkbench/plugins/fr.ac6.mcu.externaltools.arm-none.linux64_1.12.0.201611241417/tools/compiler/bin/../lib/gcc/arm-none-eabi/5.4.1/../../../../arm-none-eabi/lib/armv7-m/libc.a(lib_a-mprec.o)
                0x08006b1c                __lo0bits
 .text.__i2b    0x08006b78       0x14 /home/jonathan/Ac6/SystemWorkbench/plugins/fr.ac6.mcu.externaltools.arm-none.linux64_1.12.0.201611241417/tools/compiler/bin/../lib/gcc/arm-none-eabi/5.4.1/../../../../arm-none-eabi/lib/armv7-m/libc.a(lib_a-mprec.o)
                0x08006b78                __i2b
 .text.__multiply
                0x08006b8c      0x13c /home/jonathan/Ac6/SystemWorkbench/plugins/fr.ac6.mcu.externaltools.arm-none.linux64_1.12.0.201611241417/tools/compiler/bin/../lib/gcc/arm-none-eabi/5.4.1/../../../../arm-none-eabi/lib/armv7-m/libc.a(lib_a-mprec.o)
                0x08006b8c                __multiply
 .text.__pow5mult
                0x08006cc8       0xa0 /home/jonathan/Ac6/SystemWorkbench/plugins/fr.ac6.mcu.externaltools.arm-none.linux64_1.12.0.201611241417/tools/compiler/bin/../lib/gcc/arm-none-eabi/5.4.1/../../../../arm-none-eabi/lib/armv7-m/libc.a(lib_a-mprec.o)
                0x08006cc8                __pow5mult
 .text.__lshift
                0x08006d68       0xac /home/jonathan/Ac6/SystemWorkbench/plugins/fr.ac6.mcu.externaltools.arm-none.linux64_1.12.0.201611241417/tools/compiler/bin/../lib/gcc/arm-none-eabi/5.4.1/../../../../arm-none-eabi/lib/armv7-m/libc.a(lib_a-mprec.o)
                0x08006d68                __lshift
 .text.__mcmp   0x08006e14       0x40 /home/jonathan/Ac6/SystemWorkbench/plugins/fr.ac6.mcu.externaltools.arm-none.linux64_1.12.0.201611241417/tools/compiler/bin/../lib/gcc/arm-none-eabi/5.4.1/../../../../arm-none-eabi/lib/armv7-m/libc.a(lib_a-mprec.o)
                0x08006e14                __mcmp
 .text.__mdiff  0x08006e54      0x128 /home/jonathan/Ac6/SystemWorkbench/plugins/fr.ac6.mcu.externaltools.arm-none.linux64_1.12.0.201611241417/tools/compiler/bin/../lib/gcc/arm-none-eabi/5.4.1/../../../../arm-none-eabi/lib/armv7-m/libc.a(lib_a-mprec.o)
                0x08006e54                __mdiff
 .text.__d2b    0x08006f7c       0xa8 /home/jonathan/Ac6/SystemWorkbench/plugins/fr.ac6.mcu.externaltools.arm-none.linux64_1.12.0.201611241417/tools/compiler/bin/../lib/gcc/arm-none-eabi/5.4.1/../../../../arm-none-eabi/lib/armv7-m/libc.a(lib_a-mprec.o)
                0x08006f7c                __d2b
 .text._sbrk_r  0x08007024       0x24 /home/jonathan/Ac6/SystemWorkbench/plugins/fr.ac6.mcu.externaltools.arm-none.linux64_1.12.0.201611241417/tools/compiler/bin/../lib/gcc/arm-none-eabi/5.4.1/../../../../arm-none-eabi/lib/armv7-m/libc.a(lib_a-sbrkr.o)
                0x08007024                _sbrk_r
 .text.__ssprint_r
                0x08007048      0x100 /home/jonathan/Ac6/SystemWorkbench/plugins/fr.ac6.mcu.externaltools.arm-none.linux64_1.12.0.201611241417/tools/compiler/bin/../lib/gcc/arm-none-eabi/5.4.1/../../../../arm-none-eabi/lib/armv7-m/libc.a(lib_a-svfiprintf.o)
                0x08007048                __ssprint_r
 .text.__register_exitproc
                0x08007148       0xa4 /home/jonathan/Ac6/SystemWorkbench/plugins/fr.ac6.mcu.externaltools.arm-none.linux64_1.12.0.201611241417/tools/compiler/bin/../lib/gcc/arm-none-eabi/5.4.1/../../../../arm-none-eabi/lib/armv7-m/libc.a(lib_a-__atexit.o)
                0x08007148                __register_exitproc
 .text._calloc_r
                0x080071ec       0x60 /home/jonathan/Ac6/SystemWorkbench/plugins/fr.ac6.mcu.externaltools.arm-none.linux64_1.12.0.201611241417/tools/compiler/bin/../lib/gcc/arm-none-eabi/5.4.1/../../../../arm-none-eabi/lib/armv7-m/libc.a(lib_a-callocr.o)
                0x080071ec                _calloc_r
 .text._malloc_trim_r
                0x0800724c       0x9c /home/jonathan/Ac6/SystemWorkbench/plugins/fr.ac6.mcu.externaltools.arm-none.linux64_1.12.0.201611241417/tools/compiler/bin/../lib/gcc/arm-none-eabi/5.4.1/../../../../arm-none-eabi/lib/armv7-m/libc.a(lib_a-freer.o)
                0x0800724c                _malloc_trim_r
 .text._free_r  0x080072e8      0x1d0 /home/jonathan/Ac6/SystemWorkbench/plugins/fr.ac6.mcu.externaltools.arm-none.linux64_1.12.0.201611241417/tools/compiler/bin/../lib/gcc/arm-none-eabi/5.4.1/../../../../arm-none-eabi/lib/armv7-m/libc.a(lib_a-freer.o)
                0x080072e8                _free_r
 .text.memmove  0x080074b8       0xc8 /home/jonathan/Ac6/SystemWorkbench/plugins/fr.ac6.mcu.externaltools.arm-none.linux64_1.12.0.201611241417/tools/compiler/bin/../lib/gcc/arm-none-eabi/5.4.1/../../../../arm-none-eabi/lib/armv7-m/libc.a(lib_a-memmove.o)
                0x080074b8                memmove
 .text._realloc_r
                0x08007580      0x3d4 /home/jonathan/Ac6/SystemWorkbench/plugins/fr.ac6.mcu.externaltools.arm-none.linux64_1.12.0.201611241417/tools/compiler/bin/../lib/gcc/arm-none-eabi/5.4.1/../../../../arm-none-eabi/lib/armv7-m/libc.a(lib_a-reallocr.o)
                0x08007580                _realloc_r
 *(.glue_7)
 .glue_7        0x08007954        0x0 linker stubs
 *(.glue_7t)
 .glue_7t       0x08007954        0x0 linker stubs
 *(.eh_frame)
 .eh_frame      0x08007954        0x0 /home/jonathan/Ac6/SystemWorkbench/plugins/fr.ac6.mcu.externaltools.arm-none.linux64_1.12.0.201611241417/tools/compiler/bin/../lib/gcc/arm-none-eabi/5.4.1/armv7-m/crtbegin.o
 *(.init)
 .init          0x08007954        0x4 /home/jonathan/Ac6/SystemWorkbench/plugins/fr.ac6.mcu.externaltools.arm-none.linux64_1.12.0.201611241417/tools/compiler/bin/../lib/gcc/arm-none-eabi/5.4.1/armv7-m/crti.o
                0x08007954                _init
 .init          0x08007958        0x8 /home/jonathan/Ac6/SystemWorkbench/plugins/fr.ac6.mcu.externaltools.arm-none.linux64_1.12.0.201611241417/tools/compiler/bin/../lib/gcc/arm-none-eabi/5.4.1/armv7-m/crtn.o
 *(.fini)
 .fini          0x08007960        0x4 /home/jonathan/Ac6/SystemWorkbench/plugins/fr.ac6.mcu.externaltools.arm-none.linux64_1.12.0.201611241417/tools/compiler/bin/../lib/gcc/arm-none-eabi/5.4.1/armv7-m/crti.o
                0x08007960                _fini
 .fini          0x08007964        0x8 /home/jonathan/Ac6/SystemWorkbench/plugins/fr.ac6.mcu.externaltools.arm-none.linux64_1.12.0.201611241417/tools/compiler/bin/../lib/gcc/arm-none-eabi/5.4.1/armv7-m/crtn.o
                0x0800796c                . = ALIGN (0x4)
                0x0800796c                _etext = .

.vfp11_veneer   0x0800796c        0x0
 .vfp11_veneer  0x0800796c        0x0 linker stubs

.v4_bx          0x0800796c        0x0
 .v4_bx         0x0800796c        0x0 linker stubs

.iplt           0x0800796c        0x0
 .iplt          0x0800796c        0x0 /home/jonathan/Ac6/SystemWorkbench/plugins/fr.ac6.mcu.externaltools.arm-none.linux64_1.12.0.201611241417/tools/compiler/bin/../lib/gcc/arm-none-eabi/5.4.1/armv7-m/crtbegin.o

.rodata         0x08007970      0x414
                0x08007970                . = ALIGN (0x4)
 *(.rodata)
 .rodata        0x08007970       0x1d src/DMA.o
 *fill*         0x0800798d        0x3 
 .rodata        0x08007990      0x22c src/GFXC.o
                0x08007b78                ST
 .rodata        0x08007bbc       0x43 src/main.o
 *(.rodata*)
 *fill*         0x08007bff        0x1 
 .rodata.str1.4
                0x08007c00        0x2 /home/jonathan/Ac6/SystemWorkbench/plugins/fr.ac6.mcu.externaltools.arm-none.linux64_1.12.0.201611241417/tools/compiler/bin/../lib/gcc/arm-none-eabi/5.4.1/../../../../arm-none-eabi/lib/armv7-m/libc.a(lib_a-impure.o)
 *fill*         0x08007c02        0x2 
 .rodata._global_impure_ptr
                0x08007c04        0x4 /home/jonathan/Ac6/SystemWorkbench/plugins/fr.ac6.mcu.externaltools.arm-none.linux64_1.12.0.201611241417/tools/compiler/bin/../lib/gcc/arm-none-eabi/5.4.1/../../../../arm-none-eabi/lib/armv7-m/libc.a(lib_a-impure.o)
                0x08007c04                _global_impure_ptr
 .rodata.blanks.7055
                0x08007c08       0x10 /home/jonathan/Ac6/SystemWorkbench/plugins/fr.ac6.mcu.externaltools.arm-none.linux64_1.12.0.201611241417/tools/compiler/bin/../lib/gcc/arm-none-eabi/5.4.1/../../../../arm-none-eabi/lib/armv7-m/libc.a(lib_a-svfprintf.o)
 .rodata.str1.4
                0x08007c18       0x42 /home/jonathan/Ac6/SystemWorkbench/plugins/fr.ac6.mcu.externaltools.arm-none.linux64_1.12.0.201611241417/tools/compiler/bin/../lib/gcc/arm-none-eabi/5.4.1/../../../../arm-none-eabi/lib/armv7-m/libc.a(lib_a-svfprintf.o)
 *fill*         0x08007c5a        0x2 
 .rodata.zeroes.7056
                0x08007c5c       0x10 /home/jonathan/Ac6/SystemWorkbench/plugins/fr.ac6.mcu.externaltools.arm-none.linux64_1.12.0.201611241417/tools/compiler/bin/../lib/gcc/arm-none-eabi/5.4.1/../../../../arm-none-eabi/lib/armv7-m/libc.a(lib_a-svfprintf.o)
 .rodata.str1.4
                0x08007c6c       0x10 /home/jonathan/Ac6/SystemWorkbench/plugins/fr.ac6.mcu.externaltools.arm-none.linux64_1.12.0.201611241417/tools/compiler/bin/../lib/gcc/arm-none-eabi/5.4.1/../../../../arm-none-eabi/lib/armv7-m/libc.a(lib_a-dtoa.o)
                                 0x12 (size before relaxing)
 .rodata.str1.4
                0x08007c7c        0xc /home/jonathan/Ac6/SystemWorkbench/plugins/fr.ac6.mcu.externaltools.arm-none.linux64_1.12.0.201611241417/tools/compiler/bin/../lib/gcc/arm-none-eabi/5.4.1/../../../../arm-none-eabi/lib/armv7-m/libc.a(lib_a-locale.o)
                                 0x12 (size before relaxing)
 .rodata.__mprec_tens
                0x08007c88       0xc8 /home/jonathan/Ac6/SystemWorkbench/plugins/fr.ac6.mcu.externaltools.arm-none.linux64_1.12.0.201611241417/tools/compiler/bin/../lib/gcc/arm-none-eabi/5.4.1/../../../../arm-none-eabi/lib/armv7-m/libc.a(lib_a-mprec.o)
                0x08007c88                __mprec_tens
 .rodata.__mprec_bigtens
                0x08007d50       0x28 /home/jonathan/Ac6/SystemWorkbench/plugins/fr.ac6.mcu.externaltools.arm-none.linux64_1.12.0.201611241417/tools/compiler/bin/../lib/gcc/arm-none-eabi/5.4.1/../../../../arm-none-eabi/lib/armv7-m/libc.a(lib_a-mprec.o)
                0x08007d50                __mprec_bigtens
 .rodata.p05.5396
                0x08007d78        0xc /home/jonathan/Ac6/SystemWorkbench/plugins/fr.ac6.mcu.externaltools.arm-none.linux64_1.12.0.201611241417/tools/compiler/bin/../lib/gcc/arm-none-eabi/5.4.1/../../../../arm-none-eabi/lib/armv7-m/libc.a(lib_a-mprec.o)
                0x08007d84                . = ALIGN (0x4)

.ARM.extab      0x08007d84        0x0
                0x08007d84                . = ALIGN (0x4)
 *(.ARM.extab* .gnu.linkonce.armextab.*)
                0x08007d84                . = ALIGN (0x4)

.ARM            0x08007d84        0x8
                0x08007d84                . = ALIGN (0x4)
                0x08007d84                __exidx_start = .
 *(.ARM.exidx*)
 .ARM.exidx     0x08007d84        0x8 /home/jonathan/Ac6/SystemWorkbench/plugins/fr.ac6.mcu.externaltools.arm-none.linux64_1.12.0.201611241417/tools/compiler/bin/../lib/gcc/arm-none-eabi/5.4.1/armv7-m/libgcc.a(_udivmoddi4.o)
                0x08007d8c                __exidx_end = .
                0x08007d8c                . = ALIGN (0x4)

.rel.dyn        0x08007d8c        0x0
 .rel.iplt      0x08007d8c        0x0 /home/jonathan/Ac6/SystemWorkbench/plugins/fr.ac6.mcu.externaltools.arm-none.linux64_1.12.0.201611241417/tools/compiler/bin/../lib/gcc/arm-none-eabi/5.4.1/armv7-m/crtbegin.o

.preinit_array  0x08007d8c        0x0
                0x08007d8c                . = ALIGN (0x4)
                0x08007d8c                PROVIDE (__preinit_array_start, .)
 *(.preinit_array*)
                0x08007d8c                PROVIDE (__preinit_array_end, .)
                0x08007d8c                . = ALIGN (0x4)

.init_array     0x08007d8c        0x8
                0x08007d8c                . = ALIGN (0x4)
                0x08007d8c                PROVIDE (__init_array_start, .)
 *(SORT(.init_array.*))
 .init_array.00000
                0x08007d8c        0x4 /home/jonathan/Ac6/SystemWorkbench/plugins/fr.ac6.mcu.externaltools.arm-none.linux64_1.12.0.201611241417/tools/compiler/bin/../lib/gcc/arm-none-eabi/5.4.1/../../../../arm-none-eabi/lib/armv7-m/libc.a(lib_a-__call_atexit.o)
 *(.init_array*)
 .init_array    0x08007d90        0x4 /home/jonathan/Ac6/SystemWorkbench/plugins/fr.ac6.mcu.externaltools.arm-none.linux64_1.12.0.201611241417/tools/compiler/bin/../lib/gcc/arm-none-eabi/5.4.1/armv7-m/crtbegin.o
                0x08007d94                PROVIDE (__init_array_end, .)
                0x08007d94                . = ALIGN (0x4)

.fini_array     0x08007d94        0x4
                0x08007d94                . = ALIGN (0x4)
                0x08007d94                PROVIDE (__fini_array_start, .)
 *(SORT(.fini_array.*))
 *(.fini_array*)
 .fini_array    0x08007d94        0x4 /home/jonathan/Ac6/SystemWorkbench/plugins/fr.ac6.mcu.externaltools.arm-none.linux64_1.12.0.201611241417/tools/compiler/bin/../lib/gcc/arm-none-eabi/5.4.1/armv7-m/crtbegin.o
                0x08007d98                PROVIDE (__fini_array_end, .)
                0x08007d98                . = ALIGN (0x4)
                0x08007d98                _sidata = LOADADDR (.data)

.data           0x20000000      0x8a4 load address 0x08007d98
                0x20000000                . = ALIGN (0x4)
                0x20000000                _sdata = .
 *(.data)
 .data          0x20000000        0x4 src/ILI9163.o
                0x20000000                XPix
                0x20000002                YPix
 .data          0x20000004        0x1 src/LCD_I2C.o
                0x20000004                backlightState
 *fill*         0x20000005        0x3 
 .data          0x20000008       0x14 src/system_stm32f10x.o
                0x20000008                SystemCoreClock
                0x2000000c                AHBPrescTable
 .data          0x2000001c       0x14 /home/jonathan/workspace/st_mini_stdperiph_lib/Debug/libst_mini_stdperiph_lib.a(stm32f10x_rcc.o)
 *(.data*)
 .data.impure_data
                0x20000030      0x428 /home/jonathan/Ac6/SystemWorkbench/plugins/fr.ac6.mcu.externaltools.arm-none.linux64_1.12.0.201611241417/tools/compiler/bin/../lib/gcc/arm-none-eabi/5.4.1/../../../../arm-none-eabi/lib/armv7-m/libc.a(lib_a-impure.o)
 .data._impure_ptr
                0x20000458        0x4 /home/jonathan/Ac6/SystemWorkbench/plugins/fr.ac6.mcu.externaltools.arm-none.linux64_1.12.0.201611241417/tools/compiler/bin/../lib/gcc/arm-none-eabi/5.4.1/../../../../arm-none-eabi/lib/armv7-m/libc.a(lib_a-impure.o)
                0x20000458                _impure_ptr
 .data.lconv    0x2000045c       0x38 /home/jonathan/Ac6/SystemWorkbench/plugins/fr.ac6.mcu.externaltools.arm-none.linux64_1.12.0.201611241417/tools/compiler/bin/../lib/gcc/arm-none-eabi/5.4.1/../../../../arm-none-eabi/lib/armv7-m/libc.a(lib_a-locale.o)
 .data.__malloc_av_
                0x20000494      0x408 /home/jonathan/Ac6/SystemWorkbench/plugins/fr.ac6.mcu.externaltools.arm-none.linux64_1.12.0.201611241417/tools/compiler/bin/../lib/gcc/arm-none-eabi/5.4.1/../../../../arm-none-eabi/lib/armv7-m/libc.a(lib_a-mallocr.o)
                0x20000494                __malloc_av_
 .data.__malloc_trim_threshold
                0x2000089c        0x4 /home/jonathan/Ac6/SystemWorkbench/plugins/fr.ac6.mcu.externaltools.arm-none.linux64_1.12.0.201611241417/tools/compiler/bin/../lib/gcc/arm-none-eabi/5.4.1/../../../../arm-none-eabi/lib/armv7-m/libc.a(lib_a-mallocr.o)
                0x2000089c                __malloc_trim_threshold
 .data.__malloc_sbrk_base
                0x200008a0        0x4 /home/jonathan/Ac6/SystemWorkbench/plugins/fr.ac6.mcu.externaltools.arm-none.linux64_1.12.0.201611241417/tools/compiler/bin/../lib/gcc/arm-none-eabi/5.4.1/../../../../arm-none-eabi/lib/armv7-m/libc.a(lib_a-mallocr.o)
                0x200008a0                __malloc_sbrk_base
                0x200008a4                . = ALIGN (0x4)
                0x200008a4                _edata = .

.jcr            0x200008a4        0x0 load address 0x0800863c
 .jcr           0x200008a4        0x0 /home/jonathan/Ac6/SystemWorkbench/plugins/fr.ac6.mcu.externaltools.arm-none.linux64_1.12.0.201611241417/tools/compiler/bin/../lib/gcc/arm-none-eabi/5.4.1/armv7-m/crtbegin.o

.igot.plt       0x200008a4        0x0 load address 0x0800863c
 .igot.plt      0x200008a4        0x0 /home/jonathan/Ac6/SystemWorkbench/plugins/fr.ac6.mcu.externaltools.arm-none.linux64_1.12.0.201611241417/tools/compiler/bin/../lib/gcc/arm-none-eabi/5.4.1/armv7-m/crtbegin.o
                0x200008a4                . = ALIGN (0x4)

.bss            0x200008a4       0x9c load address 0x0800863c
                0x200008a4                _sbss = .
                0x200008a4                __bss_start__ = _sbss
 *(.bss)
 .bss           0x200008a4       0x1c /home/jonathan/Ac6/SystemWorkbench/plugins/fr.ac6.mcu.externaltools.arm-none.linux64_1.12.0.201611241417/tools/compiler/bin/../lib/gcc/arm-none-eabi/5.4.1/armv7-m/crtbegin.o
 .bss           0x200008c0       0x1c src/ILI9163.o
 .bss           0x200008dc        0xa src/main.o
                0x200008dc                flagUart
                0x200008e0                MSec
                0x200008e4                xs
                0x200008e5                ys
 *fill*         0x200008e6        0x2 
 .bss           0x200008e8        0x8 src/syscalls.o
                0x200008e8                __env
 *(.bss*)
 .bss.__malloc_max_total_mem
                0x200008f0        0x4 /home/jonathan/Ac6/SystemWorkbench/plugins/fr.ac6.mcu.externaltools.arm-none.linux64_1.12.0.201611241417/tools/compiler/bin/../lib/gcc/arm-none-eabi/5.4.1/../../../../arm-none-eabi/lib/armv7-m/libc.a(lib_a-mallocr.o)
                0x200008f0                __malloc_max_total_mem
 .bss.__malloc_max_sbrked_mem
                0x200008f4        0x4 /home/jonathan/Ac6/SystemWorkbench/plugins/fr.ac6.mcu.externaltools.arm-none.linux64_1.12.0.201611241417/tools/compiler/bin/../lib/gcc/arm-none-eabi/5.4.1/../../../../arm-none-eabi/lib/armv7-m/libc.a(lib_a-mallocr.o)
                0x200008f4                __malloc_max_sbrked_mem
 .bss.__malloc_top_pad
                0x200008f8        0x4 /home/jonathan/Ac6/SystemWorkbench/plugins/fr.ac6.mcu.externaltools.arm-none.linux64_1.12.0.201611241417/tools/compiler/bin/../lib/gcc/arm-none-eabi/5.4.1/../../../../arm-none-eabi/lib/armv7-m/libc.a(lib_a-mallocr.o)
                0x200008f8                __malloc_top_pad
 .bss.__malloc_current_mallinfo
                0x200008fc       0x28 /home/jonathan/Ac6/SystemWorkbench/plugins/fr.ac6.mcu.externaltools.arm-none.linux64_1.12.0.201611241417/tools/compiler/bin/../lib/gcc/arm-none-eabi/5.4.1/../../../../arm-none-eabi/lib/armv7-m/libc.a(lib_a-mallocr.o)
                0x200008fc                __malloc_current_mallinfo
 *(COMMON)
 COMMON         0x20000924        0x2 src/ILI9163.o
                0x20000924                DataSPI
 *fill*         0x20000926        0x2 
 COMMON         0x20000928        0xd src/main.o
                0x20000928                flagADC
                0x2000092a                dataUart
                0x2000092c                adc
                0x20000930                sAdcValue
 *fill*         0x20000935        0x3 
 COMMON         0x20000938        0x4 src/stm32f10x_it.o
                0x20000938                flag_sys
 COMMON         0x2000093c        0x4 /home/jonathan/Ac6/SystemWorkbench/plugins/fr.ac6.mcu.externaltools.arm-none.linux64_1.12.0.201611241417/tools/compiler/bin/../lib/gcc/arm-none-eabi/5.4.1/../../../../arm-none-eabi/lib/armv7-m/libc.a(lib_a-reent.o)
                0x2000093c                errno
                0x20000940                . = ALIGN (0x4)
                0x20000940                _ebss = .
                0x20000940                __bss_end__ = _ebss

._user_heap_stack
                0x20000940      0x400 load address 0x0800863c
                0x20000940                . = ALIGN (0x8)
                0x20000940                PROVIDE (end, .)
                [!provide]                PROVIDE (_end, .)
                0x20000940                . = (. + _Min_Heap_Size)
                0x20000d40                . = (. + _Min_Stack_Size)
 *fill*         0x20000940      0x400 
                0x20000d40                . = ALIGN (0x8)

/DISCARD/
 libc.a(*)
 libm.a(*)
 libgcc.a(*)

.ARM.attributes
                0x00000000       0x29
 *(.ARM.attributes)
 .ARM.attributes
                0x00000000       0x1d /home/jonathan/Ac6/SystemWorkbench/plugins/fr.ac6.mcu.externaltools.arm-none.linux64_1.12.0.201611241417/tools/compiler/bin/../lib/gcc/arm-none-eabi/5.4.1/armv7-m/crti.o
 .ARM.attributes
                0x0000001d       0x2d /home/jonathan/Ac6/SystemWorkbench/plugins/fr.ac6.mcu.externaltools.arm-none.linux64_1.12.0.201611241417/tools/compiler/bin/../lib/gcc/arm-none-eabi/5.4.1/armv7-m/crtbegin.o
 .ARM.attributes
                0x0000004a       0x21 startup/startup_stm32f10x_md.o
 .ARM.attributes
                0x0000006b       0x33 src/ADC.o
 .ARM.attributes
                0x0000009e       0x33 src/DMA.o
 .ARM.attributes
                0x000000d1       0x33 src/GFXC.o
 .ARM.attributes
                0x00000104       0x33 src/GPIO.o
 .ARM.attributes
                0x00000137       0x33 src/ILI9163.o
 .ARM.attributes
                0x0000016a       0x33 src/LCD_I2C.o
 .ARM.attributes
                0x0000019d       0x33 src/NVIC.o
 .ARM.attributes
                0x000001d0       0x33 src/RCC.o
 .ARM.attributes
                0x00000203       0x33 src/UART.o
 .ARM.attributes
                0x00000236       0x33 src/main.o
 .ARM.attributes
                0x00000269       0x33 src/stm32f10x_it.o
 .ARM.attributes
                0x0000029c       0x33 src/syscalls.o
 .ARM.attributes
                0x000002cf       0x33 src/system_stm32f10x.o
 .ARM.attributes
                0x00000302       0x33 /home/jonathan/workspace/st_mini_stdperiph_lib/Debug/libst_mini_stdperiph_lib.a(misc.o)
 .ARM.attributes
                0x00000335       0x33 /home/jonathan/workspace/st_mini_stdperiph_lib/Debug/libst_mini_stdperiph_lib.a(stm32f10x_adc.o)
 .ARM.attributes
                0x00000368       0x33 /home/jonathan/workspace/st_mini_stdperiph_lib/Debug/libst_mini_stdperiph_lib.a(stm32f10x_dma.o)
 .ARM.attributes
                0x0000039b       0x33 /home/jonathan/workspace/st_mini_stdperiph_lib/Debug/libst_mini_stdperiph_lib.a(stm32f10x_gpio.o)
 .ARM.attributes
                0x000003ce       0x33 /home/jonathan/workspace/st_mini_stdperiph_lib/Debug/libst_mini_stdperiph_lib.a(stm32f10x_i2c.o)
 .ARM.attributes
                0x00000401       0x33 /home/jonathan/workspace/st_mini_stdperiph_lib/Debug/libst_mini_stdperiph_lib.a(stm32f10x_rcc.o)
 .ARM.attributes
                0x00000434       0x33 /home/jonathan/workspace/st_mini_stdperiph_lib/Debug/libst_mini_stdperiph_lib.a(stm32f10x_spi.o)
 .ARM.attributes
                0x00000467       0x33 /home/jonathan/workspace/st_mini_stdperiph_lib/Debug/libst_mini_stdperiph_lib.a(stm32f10x_usart.o)
 .ARM.attributes
                0x0000049a       0x2d /home/jonathan/Ac6/SystemWorkbench/plugins/fr.ac6.mcu.externaltools.arm-none.linux64_1.12.0.201611241417/tools/compiler/bin/../lib/gcc/arm-none-eabi/5.4.1/../../../../arm-none-eabi/lib/armv7-m/libc.a(lib_a-errno.o)
 .ARM.attributes
                0x000004c7       0x2d /home/jonathan/Ac6/SystemWorkbench/plugins/fr.ac6.mcu.externaltools.arm-none.linux64_1.12.0.201611241417/tools/compiler/bin/../lib/gcc/arm-none-eabi/5.4.1/../../../../arm-none-eabi/lib/armv7-m/libc.a(lib_a-impure.o)
 .ARM.attributes
                0x000004f4       0x2d /home/jonathan/Ac6/SystemWorkbench/plugins/fr.ac6.mcu.externaltools.arm-none.linux64_1.12.0.201611241417/tools/compiler/bin/../lib/gcc/arm-none-eabi/5.4.1/../../../../arm-none-eabi/lib/armv7-m/libc.a(lib_a-memset.o)
 .ARM.attributes
                0x00000521       0x2d /home/jonathan/Ac6/SystemWorkbench/plugins/fr.ac6.mcu.externaltools.arm-none.linux64_1.12.0.201611241417/tools/compiler/bin/../lib/gcc/arm-none-eabi/5.4.1/../../../../arm-none-eabi/lib/armv7-m/libc.a(lib_a-sprintf.o)
 .ARM.attributes
                0x0000054e       0x2d /home/jonathan/Ac6/SystemWorkbench/plugins/fr.ac6.mcu.externaltools.arm-none.linux64_1.12.0.201611241417/tools/compiler/bin/../lib/gcc/arm-none-eabi/5.4.1/../../../../arm-none-eabi/lib/armv7-m/libc.a(lib_a-strlen-stub.o)
 .ARM.attributes
                0x0000057b       0x2d /home/jonathan/Ac6/SystemWorkbench/plugins/fr.ac6.mcu.externaltools.arm-none.linux64_1.12.0.201611241417/tools/compiler/bin/../lib/gcc/arm-none-eabi/5.4.1/../../../../arm-none-eabi/lib/armv7-m/libc.a(lib_a-svfprintf.o)
 .ARM.attributes
                0x000005a8       0x2d /home/jonathan/Ac6/SystemWorkbench/plugins/fr.ac6.mcu.externaltools.arm-none.linux64_1.12.0.201611241417/tools/compiler/bin/../lib/gcc/arm-none-eabi/5.4.1/../../../../arm-none-eabi/lib/armv7-m/libc.a(lib_a-__call_atexit.o)
 .ARM.attributes
                0x000005d5       0x2d /home/jonathan/Ac6/SystemWorkbench/plugins/fr.ac6.mcu.externaltools.arm-none.linux64_1.12.0.201611241417/tools/compiler/bin/../lib/gcc/arm-none-eabi/5.4.1/../../../../arm-none-eabi/lib/armv7-m/libc.a(lib_a-atexit.o)
 .ARM.attributes
                0x00000602       0x2d /home/jonathan/Ac6/SystemWorkbench/plugins/fr.ac6.mcu.externaltools.arm-none.linux64_1.12.0.201611241417/tools/compiler/bin/../lib/gcc/arm-none-eabi/5.4.1/../../../../arm-none-eabi/lib/armv7-m/libc.a(lib_a-dtoa.o)
 .ARM.attributes
                0x0000062f       0x2d /home/jonathan/Ac6/SystemWorkbench/plugins/fr.ac6.mcu.externaltools.arm-none.linux64_1.12.0.201611241417/tools/compiler/bin/../lib/gcc/arm-none-eabi/5.4.1/../../../../arm-none-eabi/lib/armv7-m/libc.a(lib_a-fini.o)
 .ARM.attributes
                0x0000065c       0x2d /home/jonathan/Ac6/SystemWorkbench/plugins/fr.ac6.mcu.externaltools.arm-none.linux64_1.12.0.201611241417/tools/compiler/bin/../lib/gcc/arm-none-eabi/5.4.1/../../../../arm-none-eabi/lib/armv7-m/libc.a(lib_a-locale.o)
 .ARM.attributes
                0x00000689       0x2d /home/jonathan/Ac6/SystemWorkbench/plugins/fr.ac6.mcu.externaltools.arm-none.linux64_1.12.0.201611241417/tools/compiler/bin/../lib/gcc/arm-none-eabi/5.4.1/../../../../arm-none-eabi/lib/armv7-m/libc.a(lib_a-mallocr.o)
 .ARM.attributes
                0x000006b6       0x2d /home/jonathan/Ac6/SystemWorkbench/plugins/fr.ac6.mcu.externaltools.arm-none.linux64_1.12.0.201611241417/tools/compiler/bin/../lib/gcc/arm-none-eabi/5.4.1/../../../../arm-none-eabi/lib/armv7-m/libc.a(lib_a-memchr-stub.o)
 .ARM.attributes
                0x000006e3       0x1b /home/jonathan/Ac6/SystemWorkbench/plugins/fr.ac6.mcu.externaltools.arm-none.linux64_1.12.0.201611241417/tools/compiler/bin/../lib/gcc/arm-none-eabi/5.4.1/../../../../arm-none-eabi/lib/armv7-m/libc.a(lib_a-memcpy.o)
 .ARM.attributes
                0x000006fe       0x2d /home/jonathan/Ac6/SystemWorkbench/plugins/fr.ac6.mcu.externaltools.arm-none.linux64_1.12.0.201611241417/tools/compiler/bin/../lib/gcc/arm-none-eabi/5.4.1/../../../../arm-none-eabi/lib/armv7-m/libc.a(lib_a-mlock.o)
 .ARM.attributes
                0x0000072b       0x2d /home/jonathan/Ac6/SystemWorkbench/plugins/fr.ac6.mcu.externaltools.arm-none.linux64_1.12.0.201611241417/tools/compiler/bin/../lib/gcc/arm-none-eabi/5.4.1/../../../../arm-none-eabi/lib/armv7-m/libc.a(lib_a-mprec.o)
 .ARM.attributes
                0x00000758       0x2d /home/jonathan/Ac6/SystemWorkbench/plugins/fr.ac6.mcu.externaltools.arm-none.linux64_1.12.0.201611241417/tools/compiler/bin/../lib/gcc/arm-none-eabi/5.4.1/../../../../arm-none-eabi/lib/armv7-m/libc.a(lib_a-sbrkr.o)
 .ARM.attributes
                0x00000785       0x2d /home/jonathan/Ac6/SystemWorkbench/plugins/fr.ac6.mcu.externaltools.arm-none.linux64_1.12.0.201611241417/tools/compiler/bin/../lib/gcc/arm-none-eabi/5.4.1/../../../../arm-none-eabi/lib/armv7-m/libc.a(lib_a-svfiprintf.o)
 .ARM.attributes
                0x000007b2       0x2d /home/jonathan/Ac6/SystemWorkbench/plugins/fr.ac6.mcu.externaltools.arm-none.linux64_1.12.0.201611241417/tools/compiler/bin/../lib/gcc/arm-none-eabi/5.4.1/../../../../arm-none-eabi/lib/armv7-m/libc.a(lib_a-__atexit.o)
 .ARM.attributes
                0x000007df       0x2d /home/jonathan/Ac6/SystemWorkbench/plugins/fr.ac6.mcu.externaltools.arm-none.linux64_1.12.0.201611241417/tools/compiler/bin/../lib/gcc/arm-none-eabi/5.4.1/../../../../arm-none-eabi/lib/armv7-m/libc.a(lib_a-callocr.o)
 .ARM.attributes
                0x0000080c       0x2d /home/jonathan/Ac6/SystemWorkbench/plugins/fr.ac6.mcu.externaltools.arm-none.linux64_1.12.0.201611241417/tools/compiler/bin/../lib/gcc/arm-none-eabi/5.4.1/../../../../arm-none-eabi/lib/armv7-m/libc.a(lib_a-freer.o)
 .ARM.attributes
                0x00000839       0x2d /home/jonathan/Ac6/SystemWorkbench/plugins/fr.ac6.mcu.externaltools.arm-none.linux64_1.12.0.201611241417/tools/compiler/bin/../lib/gcc/arm-none-eabi/5.4.1/../../../../arm-none-eabi/lib/armv7-m/libc.a(lib_a-memmove.o)
 .ARM.attributes
                0x00000866       0x2d /home/jonathan/Ac6/SystemWorkbench/plugins/fr.ac6.mcu.externaltools.arm-none.linux64_1.12.0.201611241417/tools/compiler/bin/../lib/gcc/arm-none-eabi/5.4.1/../../../../arm-none-eabi/lib/armv7-m/libc.a(lib_a-reallocr.o)
 .ARM.attributes
                0x00000893       0x2d /home/jonathan/Ac6/SystemWorkbench/plugins/fr.ac6.mcu.externaltools.arm-none.linux64_1.12.0.201611241417/tools/compiler/bin/../lib/gcc/arm-none-eabi/5.4.1/../../../../arm-none-eabi/lib/armv7-m/libc.a(lib_a-reent.o)
 .ARM.attributes
                0x000008c0       0x1d /home/jonathan/Ac6/SystemWorkbench/plugins/fr.ac6.mcu.externaltools.arm-none.linux64_1.12.0.201611241417/tools/compiler/bin/../lib/gcc/arm-none-eabi/5.4.1/armv7-m/libgcc.a(_arm_addsubdf3.o)
 .ARM.attributes
                0x000008dd       0x1d /home/jonathan/Ac6/SystemWorkbench/plugins/fr.ac6.mcu.externaltools.arm-none.linux64_1.12.0.201611241417/tools/compiler/bin/../lib/gcc/arm-none-eabi/5.4.1/armv7-m/libgcc.a(_arm_muldivdf3.o)
 .ARM.attributes
                0x000008fa       0x1d /home/jonathan/Ac6/SystemWorkbench/plugins/fr.ac6.mcu.externaltools.arm-none.linux64_1.12.0.201611241417/tools/compiler/bin/../lib/gcc/arm-none-eabi/5.4.1/armv7-m/libgcc.a(_arm_cmpdf2.o)
 .ARM.attributes
                0x00000917       0x1d /home/jonathan/Ac6/SystemWorkbench/plugins/fr.ac6.mcu.externaltools.arm-none.linux64_1.12.0.201611241417/tools/compiler/bin/../lib/gcc/arm-none-eabi/5.4.1/armv7-m/libgcc.a(_arm_unorddf2.o)
 .ARM.attributes
                0x00000934       0x1d /home/jonathan/Ac6/SystemWorkbench/plugins/fr.ac6.mcu.externaltools.arm-none.linux64_1.12.0.201611241417/tools/compiler/bin/../lib/gcc/arm-none-eabi/5.4.1/armv7-m/libgcc.a(_arm_fixdfsi.o)
 .ARM.attributes
                0x00000951       0x1d /home/jonathan/Ac6/SystemWorkbench/plugins/fr.ac6.mcu.externaltools.arm-none.linux64_1.12.0.201611241417/tools/compiler/bin/../lib/gcc/arm-none-eabi/5.4.1/armv7-m/libgcc.a(_aeabi_uldivmod.o)
 .ARM.attributes
                0x0000096e       0x2d /home/jonathan/Ac6/SystemWorkbench/plugins/fr.ac6.mcu.externaltools.arm-none.linux64_1.12.0.201611241417/tools/compiler/bin/../lib/gcc/arm-none-eabi/5.4.1/armv7-m/libgcc.a(_udivmoddi4.o)
 .ARM.attributes
                0x0000099b       0x1d /home/jonathan/Ac6/SystemWorkbench/plugins/fr.ac6.mcu.externaltools.arm-none.linux64_1.12.0.201611241417/tools/compiler/bin/../lib/gcc/arm-none-eabi/5.4.1/armv7-m/libgcc.a(_dvmd_tls.o)
 .ARM.attributes
                0x000009b8       0x1d /home/jonathan/Ac6/SystemWorkbench/plugins/fr.ac6.mcu.externaltools.arm-none.linux64_1.12.0.201611241417/tools/compiler/bin/../lib/gcc/arm-none-eabi/5.4.1/armv7-m/crtn.o
OUTPUT(testt.elf elf32-littlearm)

.debug_line     0x00000000     0x9e70
 .debug_line    0x00000000       0x7d startup/startup_stm32f10x_md.o
 .debug_line    0x0000007d      0x650 src/ADC.o
 .debug_line    0x000006cd      0x60b src/DMA.o
 .debug_line    0x00000cd8      0xc30 src/GFXC.o
 .debug_line    0x00001908      0x688 src/GPIO.o
 .debug_line    0x00001f90      0x865 src/ILI9163.o
 .debug_line    0x000027f5      0x721 src/LCD_I2C.o
 .debug_line    0x00002f16      0x5f1 src/NVIC.o
 .debug_line    0x00003507      0x5e1 src/RCC.o
 .debug_line    0x00003ae8      0x5fb src/UART.o
 .debug_line    0x000040e3      0x7fa src/main.o
 .debug_line    0x000048dd      0x721 src/stm32f10x_it.o
 .debug_line    0x00004ffe      0x5ec src/syscalls.o
 .debug_line    0x000055ea      0x65d src/system_stm32f10x.o
 .debug_line    0x00005c47      0x675 /home/jonathan/workspace/st_mini_stdperiph_lib/Debug/libst_mini_stdperiph_lib.a(misc.o)
 .debug_line    0x000062bc      0x963 /home/jonathan/workspace/st_mini_stdperiph_lib/Debug/libst_mini_stdperiph_lib.a(stm32f10x_adc.o)
 .debug_line    0x00006c1f      0x761 /home/jonathan/workspace/st_mini_stdperiph_lib/Debug/libst_mini_stdperiph_lib.a(stm32f10x_dma.o)
 .debug_line    0x00007380      0x7f8 /home/jonathan/workspace/st_mini_stdperiph_lib/Debug/libst_mini_stdperiph_lib.a(stm32f10x_gpio.o)
 .debug_line    0x00007b78      0x8fb /home/jonathan/workspace/st_mini_stdperiph_lib/Debug/libst_mini_stdperiph_lib.a(stm32f10x_i2c.o)
 .debug_line    0x00008473      0x8f4 /home/jonathan/workspace/st_mini_stdperiph_lib/Debug/libst_mini_stdperiph_lib.a(stm32f10x_rcc.o)
 .debug_line    0x00008d67      0x843 /home/jonathan/workspace/st_mini_stdperiph_lib/Debug/libst_mini_stdperiph_lib.a(stm32f10x_spi.o)
 .debug_line    0x000095aa      0x8c6 /home/jonathan/workspace/st_mini_stdperiph_lib/Debug/libst_mini_stdperiph_lib.a(stm32f10x_usart.o)

.debug_info     0x00000000     0x7f87
 .debug_info    0x00000000       0x6b startup/startup_stm32f10x_md.o
 .debug_info    0x0000006b      0x30a src/ADC.o
 .debug_info    0x00000375      0x3a7 src/DMA.o
 .debug_info    0x0000071c      0xa4b src/GFXC.o
 .debug_info    0x00001167      0x206 src/GPIO.o
 .debug_info    0x0000136d      0x9c3 src/ILI9163.o
 .debug_info    0x00001d30      0x419 src/LCD_I2C.o
 .debug_info    0x00002149      0x285 src/NVIC.o
 .debug_info    0x000023ce       0xc9 src/RCC.o
 .debug_info    0x00002497      0x26a src/UART.o
 .debug_info    0x00002701      0x9e8 src/main.o
 .debug_info    0x000030e9      0x166 src/stm32f10x_it.o
 .debug_info    0x0000324f      0x6ca src/syscalls.o
 .debug_info    0x00003919      0x44f src/system_stm32f10x.o
 .debug_info    0x00003d68      0x4fa /home/jonathan/workspace/st_mini_stdperiph_lib/Debug/libst_mini_stdperiph_lib.a(misc.o)
 .debug_info    0x00004262      0xb6e /home/jonathan/workspace/st_mini_stdperiph_lib/Debug/libst_mini_stdperiph_lib.a(stm32f10x_adc.o)
 .debug_info    0x00004dd0      0x46d /home/jonathan/workspace/st_mini_stdperiph_lib/Debug/libst_mini_stdperiph_lib.a(stm32f10x_dma.o)
 .debug_info    0x0000523d      0x6e8 /home/jonathan/workspace/st_mini_stdperiph_lib/Debug/libst_mini_stdperiph_lib.a(stm32f10x_gpio.o)
 .debug_info    0x00005925      0xafe /home/jonathan/workspace/st_mini_stdperiph_lib/Debug/libst_mini_stdperiph_lib.a(stm32f10x_i2c.o)
 .debug_info    0x00006423      0x895 /home/jonathan/workspace/st_mini_stdperiph_lib/Debug/libst_mini_stdperiph_lib.a(stm32f10x_rcc.o)
 .debug_info    0x00006cb8      0x8ed /home/jonathan/workspace/st_mini_stdperiph_lib/Debug/libst_mini_stdperiph_lib.a(stm32f10x_spi.o)
 .debug_info    0x000075a5      0x9e2 /home/jonathan/workspace/st_mini_stdperiph_lib/Debug/libst_mini_stdperiph_lib.a(stm32f10x_usart.o)

.debug_abbrev   0x00000000     0x1e22
 .debug_abbrev  0x00000000       0x12 startup/startup_stm32f10x_md.o
 .debug_abbrev  0x00000012      0x156 src/ADC.o
 .debug_abbrev  0x00000168      0x14b src/DMA.o
 .debug_abbrev  0x000002b3      0x23d src/GFXC.o
 .debug_abbrev  0x000004f0       0xe7 src/GPIO.o
 .debug_abbrev  0x000005d7      0x22d src/ILI9163.o
 .debug_abbrev  0x00000804      0x167 src/LCD_I2C.o
 .debug_abbrev  0x0000096b       0xd6 src/NVIC.o
 .debug_abbrev  0x00000a41       0x82 src/RCC.o
 .debug_abbrev  0x00000ac3      0x115 src/UART.o
 .debug_abbrev  0x00000bd8      0x288 src/main.o
 .debug_abbrev  0x00000e60       0x8c src/stm32f10x_it.o
 .debug_abbrev  0x00000eec      0x177 src/syscalls.o
 .debug_abbrev  0x00001063      0x17e src/system_stm32f10x.o
 .debug_abbrev  0x000011e1      0x15b /home/jonathan/workspace/st_mini_stdperiph_lib/Debug/libst_mini_stdperiph_lib.a(misc.o)
 .debug_abbrev  0x0000133c      0x19f /home/jonathan/workspace/st_mini_stdperiph_lib/Debug/libst_mini_stdperiph_lib.a(stm32f10x_adc.o)
 .debug_abbrev  0x000014db      0x15c /home/jonathan/workspace/st_mini_stdperiph_lib/Debug/libst_mini_stdperiph_lib.a(stm32f10x_dma.o)
 .debug_abbrev  0x00001637      0x1d1 /home/jonathan/workspace/st_mini_stdperiph_lib/Debug/libst_mini_stdperiph_lib.a(stm32f10x_gpio.o)
 .debug_abbrev  0x00001808      0x16b /home/jonathan/workspace/st_mini_stdperiph_lib/Debug/libst_mini_stdperiph_lib.a(stm32f10x_i2c.o)
 .debug_abbrev  0x00001973      0x1c1 /home/jonathan/workspace/st_mini_stdperiph_lib/Debug/libst_mini_stdperiph_lib.a(stm32f10x_rcc.o)
 .debug_abbrev  0x00001b34      0x185 /home/jonathan/workspace/st_mini_stdperiph_lib/Debug/libst_mini_stdperiph_lib.a(stm32f10x_spi.o)
 .debug_abbrev  0x00001cb9      0x169 /home/jonathan/workspace/st_mini_stdperiph_lib/Debug/libst_mini_stdperiph_lib.a(stm32f10x_usart.o)

.debug_aranges  0x00000000      0xad0
 .debug_aranges
                0x00000000       0x28 startup/startup_stm32f10x_md.o
 .debug_aranges
                0x00000028       0x40 src/ADC.o
 .debug_aranges
                0x00000068       0x28 src/DMA.o
 .debug_aranges
                0x00000090       0x98 src/GFXC.o
 .debug_aranges
                0x00000128       0x20 src/GPIO.o
 .debug_aranges
                0x00000148       0x90 src/ILI9163.o
 .debug_aranges
                0x000001d8       0x70 src/LCD_I2C.o
 .debug_aranges
                0x00000248       0x20 src/NVIC.o
 .debug_aranges
                0x00000268       0x20 src/RCC.o
 .debug_aranges
                0x00000288       0x28 src/UART.o
 .debug_aranges
                0x000002b0       0x40 src/main.o
 .debug_aranges
                0x000002f0       0x60 src/stm32f10x_it.o
 .debug_aranges
                0x00000350       0xb0 src/syscalls.o
 .debug_aranges
                0x00000400       0x38 src/system_stm32f10x.o
 .debug_aranges
                0x00000438       0x40 /home/jonathan/workspace/st_mini_stdperiph_lib/Debug/libst_mini_stdperiph_lib.a(misc.o)
 .debug_aranges
                0x00000478      0x138 /home/jonathan/workspace/st_mini_stdperiph_lib/Debug/libst_mini_stdperiph_lib.a(stm32f10x_adc.o)
 .debug_aranges
                0x000005b0       0x70 /home/jonathan/workspace/st_mini_stdperiph_lib/Debug/libst_mini_stdperiph_lib.a(stm32f10x_dma.o)
 .debug_aranges
                0x00000620       0xa8 /home/jonathan/workspace/st_mini_stdperiph_lib/Debug/libst_mini_stdperiph_lib.a(stm32f10x_gpio.o)
 .debug_aranges
                0x000006c8      0x120 /home/jonathan/workspace/st_mini_stdperiph_lib/Debug/libst_mini_stdperiph_lib.a(stm32f10x_i2c.o)
 .debug_aranges
                0x000007e8      0x118 /home/jonathan/workspace/st_mini_stdperiph_lib/Debug/libst_mini_stdperiph_lib.a(stm32f10x_rcc.o)
 .debug_aranges
                0x00000900       0xd0 /home/jonathan/workspace/st_mini_stdperiph_lib/Debug/libst_mini_stdperiph_lib.a(stm32f10x_spi.o)
 .debug_aranges
                0x000009d0      0x100 /home/jonathan/workspace/st_mini_stdperiph_lib/Debug/libst_mini_stdperiph_lib.a(stm32f10x_usart.o)

.debug_ranges   0x00000000      0x978
 .debug_ranges  0x00000000       0x20 startup/startup_stm32f10x_md.o
 .debug_ranges  0x00000020       0x30 src/ADC.o
 .debug_ranges  0x00000050       0x18 src/DMA.o
 .debug_ranges  0x00000068       0x88 src/GFXC.o
 .debug_ranges  0x000000f0       0x10 src/GPIO.o
 .debug_ranges  0x00000100       0x80 src/ILI9163.o
 .debug_ranges  0x00000180       0x60 src/LCD_I2C.o
 .debug_ranges  0x000001e0       0x10 src/NVIC.o
 .debug_ranges  0x000001f0       0x10 src/RCC.o
 .debug_ranges  0x00000200       0x18 src/UART.o
 .debug_ranges  0x00000218       0x30 src/main.o
 .debug_ranges  0x00000248       0x50 src/stm32f10x_it.o
 .debug_ranges  0x00000298       0xa0 src/syscalls.o
 .debug_ranges  0x00000338       0x28 src/system_stm32f10x.o
 .debug_ranges  0x00000360       0x30 /home/jonathan/workspace/st_mini_stdperiph_lib/Debug/libst_mini_stdperiph_lib.a(misc.o)
 .debug_ranges  0x00000390      0x128 /home/jonathan/workspace/st_mini_stdperiph_lib/Debug/libst_mini_stdperiph_lib.a(stm32f10x_adc.o)
 .debug_ranges  0x000004b8       0x60 /home/jonathan/workspace/st_mini_stdperiph_lib/Debug/libst_mini_stdperiph_lib.a(stm32f10x_dma.o)
 .debug_ranges  0x00000518       0x98 /home/jonathan/workspace/st_mini_stdperiph_lib/Debug/libst_mini_stdperiph_lib.a(stm32f10x_gpio.o)
 .debug_ranges  0x000005b0      0x110 /home/jonathan/workspace/st_mini_stdperiph_lib/Debug/libst_mini_stdperiph_lib.a(stm32f10x_i2c.o)
 .debug_ranges  0x000006c0      0x108 /home/jonathan/workspace/st_mini_stdperiph_lib/Debug/libst_mini_stdperiph_lib.a(stm32f10x_rcc.o)
 .debug_ranges  0x000007c8       0xc0 /home/jonathan/workspace/st_mini_stdperiph_lib/Debug/libst_mini_stdperiph_lib.a(stm32f10x_spi.o)
 .debug_ranges  0x00000888       0xf0 /home/jonathan/workspace/st_mini_stdperiph_lib/Debug/libst_mini_stdperiph_lib.a(stm32f10x_usart.o)

.debug_macro    0x00000000    0x11a04
 .debug_macro   0x00000000      0x189 src/ADC.o
 .debug_macro   0x00000189      0x88c src/ADC.o
 .debug_macro   0x00000a15       0x56 src/ADC.o
 .debug_macro   0x00000a6b       0x22 src/ADC.o
 .debug_macro   0x00000a8d       0x22 src/ADC.o
 .debug_macro   0x00000aaf       0x87 src/ADC.o
 .debug_macro   0x00000b36       0x44 src/ADC.o
 .debug_macro   0x00000b7a       0xfd src/ADC.o
 .debug_macro   0x00000c77       0x5e src/ADC.o
 .debug_macro   0x00000cd5      0x1df src/ADC.o
 .debug_macro   0x00000eb4      0x69f src/ADC.o
 .debug_macro   0x00001553     0x7dbe src/ADC.o
 .debug_macro   0x00009311      0x13e src/ADC.o
 .debug_macro   0x0000944f      0x3cf src/ADC.o
 .debug_macro   0x0000981e       0xc8 src/ADC.o
 .debug_macro   0x000098e6      0x17a src/ADC.o
 .debug_macro   0x00009a60       0xac src/ADC.o
 .debug_macro   0x00009b0c      0x3ad src/ADC.o
 .debug_macro   0x00009eb9       0x9a src/ADC.o
 .debug_macro   0x00009f53      0x2cf src/ADC.o
 .debug_macro   0x0000a222      0x279 src/ADC.o
 .debug_macro   0x0000a49b      0x2ac src/ADC.o
 .debug_macro   0x0000a747      0x2b1 src/ADC.o
 .debug_macro   0x0000a9f8       0x64 src/ADC.o
 .debug_macro   0x0000aa5c       0x82 src/ADC.o
 .debug_macro   0x0000aade      0x3e2 src/ADC.o
 .debug_macro   0x0000aec0       0x58 src/ADC.o
 .debug_macro   0x0000af18      0x341 src/ADC.o
 .debug_macro   0x0000b259      0x2c4 src/ADC.o
 .debug_macro   0x0000b51d      0x711 src/ADC.o
 .debug_macro   0x0000bc2e      0x220 src/ADC.o
 .debug_macro   0x0000be4e       0x34 src/ADC.o
 .debug_macro   0x0000be82       0x8b src/ADC.o
 .debug_macro   0x0000bf0d       0x35 src/ADC.o
 .debug_macro   0x0000bf42      0x2df src/ADC.o
 .debug_macro   0x0000c221      0x189 src/DMA.o
 .debug_macro   0x0000c3aa      0x144 src/DMA.o
 .debug_macro   0x0000c4ee      0x3a7 src/DMA.o
 .debug_macro   0x0000c895      0x259 src/GFXC.o
 .debug_macro   0x0000caee      0x2a6 src/GFXC.o
 .debug_macro   0x0000cd94       0x52 src/GFXC.o
 .debug_macro   0x0000cde6       0x35 src/GFXC.o
 .debug_macro   0x0000ce1b       0x9c src/GFXC.o
 .debug_macro   0x0000ceb7      0x174 src/GFXC.o
 .debug_macro   0x0000d02b       0x52 src/GFXC.o
 .debug_macro   0x0000d07d       0x1f src/GFXC.o
 .debug_macro   0x0000d09c       0x43 src/GFXC.o
 .debug_macro   0x0000d0df       0x20 src/GFXC.o
 .debug_macro   0x0000d0ff      0x187 src/GFXC.o
 .debug_macro   0x0000d286      0x30d src/GFXC.o
 .debug_macro   0x0000d593       0x10 src/GFXC.o
 .debug_macro   0x0000d5a3       0x35 src/GFXC.o
 .debug_macro   0x0000d5d8       0x2e src/GFXC.o
 .debug_macro   0x0000d606       0x10 src/GFXC.o
 .debug_macro   0x0000d616      0x24e src/GPIO.o
 .debug_macro   0x0000d864      0x261 src/ILI9163.o
 .debug_macro   0x0000dac5      0x194 src/LCD_I2C.o
 .debug_macro   0x0000dc59      0x2ab src/LCD_I2C.o
 .debug_macro   0x0000df04       0x76 src/LCD_I2C.o
 .debug_macro   0x0000df7a      0x17f src/NVIC.o
 .debug_macro   0x0000e0f9      0x18d src/RCC.o
 .debug_macro   0x0000e286      0x3dc src/RCC.o
 .debug_macro   0x0000e662      0x189 src/UART.o
 .debug_macro   0x0000e7eb      0x25b src/main.o
 .debug_macro   0x0000ea46      0x24e src/stm32f10x_it.o
 .debug_macro   0x0000ec94      0x222 src/syscalls.o
 .debug_macro   0x0000eeb6       0x4c src/syscalls.o
 .debug_macro   0x0000ef02       0x8d src/syscalls.o
 .debug_macro   0x0000ef8f       0x4a src/syscalls.o
 .debug_macro   0x0000efd9       0x10 src/syscalls.o
 .debug_macro   0x0000efe9       0x10 src/syscalls.o
 .debug_macro   0x0000eff9       0x10 src/syscalls.o
 .debug_macro   0x0000f009       0x10 src/syscalls.o
 .debug_macro   0x0000f019       0x1c src/syscalls.o
 .debug_macro   0x0000f035       0x52 src/syscalls.o
 .debug_macro   0x0000f087       0x40 src/syscalls.o
 .debug_macro   0x0000f0c7       0x10 src/syscalls.o
 .debug_macro   0x0000f0d7       0x40 src/syscalls.o
 .debug_macro   0x0000f117       0xd7 src/syscalls.o
 .debug_macro   0x0000f1ee       0x35 src/syscalls.o
 .debug_macro   0x0000f223      0x122 src/syscalls.o
 .debug_macro   0x0000f345       0x16 src/syscalls.o
 .debug_macro   0x0000f35b       0x16 src/syscalls.o
 .debug_macro   0x0000f371       0x29 src/syscalls.o
 .debug_macro   0x0000f39a       0x10 src/syscalls.o
 .debug_macro   0x0000f3aa      0x241 src/syscalls.o
 .debug_macro   0x0000f5eb       0x1c src/syscalls.o
 .debug_macro   0x0000f607       0x10 src/syscalls.o
 .debug_macro   0x0000f617       0x16 src/syscalls.o
 .debug_macro   0x0000f62d      0x189 src/syscalls.o
 .debug_macro   0x0000f7b6      0x159 src/syscalls.o
 .debug_macro   0x0000f90f       0x16 src/syscalls.o
 .debug_macro   0x0000f925       0x88 src/syscalls.o
 .debug_macro   0x0000f9ad      0x188 src/system_stm32f10x.o
 .debug_macro   0x0000fb35      0x18b /home/jonathan/workspace/st_mini_stdperiph_lib/Debug/libst_mini_stdperiph_lib.a(misc.o)
 .debug_macro   0x0000fcc0      0x886 /home/jonathan/workspace/st_mini_stdperiph_lib/Debug/libst_mini_stdperiph_lib.a(misc.o)
 .debug_macro   0x00010546       0x85 /home/jonathan/workspace/st_mini_stdperiph_lib/Debug/libst_mini_stdperiph_lib.a(misc.o)
 .debug_macro   0x000105cb      0x285 /home/jonathan/workspace/st_mini_stdperiph_lib/Debug/libst_mini_stdperiph_lib.a(stm32f10x_adc.o)
 .debug_macro   0x00010850      0x1dd /home/jonathan/workspace/st_mini_stdperiph_lib/Debug/libst_mini_stdperiph_lib.a(stm32f10x_dma.o)
 .debug_macro   0x00010a2d      0x1d7 /home/jonathan/workspace/st_mini_stdperiph_lib/Debug/libst_mini_stdperiph_lib.a(stm32f10x_gpio.o)
 .debug_macro   0x00010c04      0x25b /home/jonathan/workspace/st_mini_stdperiph_lib/Debug/libst_mini_stdperiph_lib.a(stm32f10x_i2c.o)
 .debug_macro   0x00010e5f      0x2a1 /home/jonathan/workspace/st_mini_stdperiph_lib/Debug/libst_mini_stdperiph_lib.a(stm32f10x_rcc.o)
 .debug_macro   0x00011100      0x1ef /home/jonathan/workspace/st_mini_stdperiph_lib/Debug/libst_mini_stdperiph_lib.a(stm32f10x_spi.o)
 .debug_macro   0x000112ef      0x2be /home/jonathan/workspace/st_mini_stdperiph_lib/Debug/libst_mini_stdperiph_lib.a(stm32f10x_spi.o)
 .debug_macro   0x000115ad      0x23d /home/jonathan/workspace/st_mini_stdperiph_lib/Debug/libst_mini_stdperiph_lib.a(stm32f10x_usart.o)
 .debug_macro   0x000117ea      0x21a /home/jonathan/workspace/st_mini_stdperiph_lib/Debug/libst_mini_stdperiph_lib.a(stm32f10x_usart.o)

.debug_str      0x00000000    0x55bef
 .debug_str     0x00000000    0x4c941 src/ADC.o
                              0x4cac1 (size before relaxing)
 .debug_str     0x0004c941      0x1f8 src/DMA.o
                              0x4cb48 (size before relaxing)
 .debug_str     0x0004cb39     0x2c3a src/GFXC.o
                              0x4f675 (size before relaxing)
 .debug_str     0x0004f773      0x13a src/GPIO.o
                              0x4f503 (size before relaxing)
 .debug_str     0x0004f8ad      0x18b src/ILI9163.o
                              0x4f8b0 (size before relaxing)
 .debug_str     0x0004fa38      0x20d src/LCD_I2C.o
                              0x4cbfc (size before relaxing)
 .debug_str     0x0004fc45      0x36a src/NVIC.o
                              0x4ccd6 (size before relaxing)
 .debug_str     0x0004ffaf       0x1f src/RCC.o
                              0x4c964 (size before relaxing)
 .debug_str     0x0004ffce       0xe4 src/UART.o
                              0x4ca89 (size before relaxing)
 .debug_str     0x000500b2      0x127 src/main.o
                              0x4f947 (size before relaxing)
 .debug_str     0x000501d9       0xb8 src/stm32f10x_it.o
                              0x4f464 (size before relaxing)
 .debug_str     0x00050291     0x22dc src/syscalls.o
                               0x769d (size before relaxing)
 .debug_str     0x0005256d      0x10f src/system_stm32f10x.o
                              0x4cae7 (size before relaxing)
 .debug_str     0x0005267c      0x153 /home/jonathan/workspace/st_mini_stdperiph_lib/Debug/libst_mini_stdperiph_lib.a(misc.o)
                              0x4cbd3 (size before relaxing)
 .debug_str     0x000527cf      0xa9f /home/jonathan/workspace/st_mini_stdperiph_lib/Debug/libst_mini_stdperiph_lib.a(stm32f10x_adc.o)
                              0x4d527 (size before relaxing)
 .debug_str     0x0005326e      0x5f9 /home/jonathan/workspace/st_mini_stdperiph_lib/Debug/libst_mini_stdperiph_lib.a(stm32f10x_dma.o)
                              0x4d07b (size before relaxing)
 .debug_str     0x00053867      0x487 /home/jonathan/workspace/st_mini_stdperiph_lib/Debug/libst_mini_stdperiph_lib.a(stm32f10x_gpio.o)
                              0x4cf4b (size before relaxing)
 .debug_str     0x00053cee      0x82a /home/jonathan/workspace/st_mini_stdperiph_lib/Debug/libst_mini_stdperiph_lib.a(stm32f10x_i2c.o)
                              0x4d2ed (size before relaxing)
 .debug_str     0x00054518      0xa78 /home/jonathan/workspace/st_mini_stdperiph_lib/Debug/libst_mini_stdperiph_lib.a(stm32f10x_rcc.o)
                              0x4d531 (size before relaxing)
 .debug_str     0x00054f90      0x4fc /home/jonathan/workspace/st_mini_stdperiph_lib/Debug/libst_mini_stdperiph_lib.a(stm32f10x_spi.o)
                              0x4d04b (size before relaxing)
 .debug_str     0x0005548c      0x763 /home/jonathan/workspace/st_mini_stdperiph_lib/Debug/libst_mini_stdperiph_lib.a(stm32f10x_usart.o)
                              0x4d25b (size before relaxing)

.comment        0x00000000       0x6e
 .comment       0x00000000       0x6e src/ADC.o
                                 0x6f (size before relaxing)
 .comment       0x0000006e       0x6f src/DMA.o
 .comment       0x0000006e       0x6f src/GFXC.o
 .comment       0x0000006e       0x6f src/GPIO.o
 .comment       0x0000006e       0x6f src/ILI9163.o
 .comment       0x0000006e       0x6f src/LCD_I2C.o
 .comment       0x0000006e       0x6f src/NVIC.o
 .comment       0x0000006e       0x6f src/RCC.o
 .comment       0x0000006e       0x6f src/UART.o
 .comment       0x0000006e       0x6f src/main.o
 .comment       0x0000006e       0x6f src/stm32f10x_it.o
 .comment       0x0000006e       0x6f src/syscalls.o
 .comment       0x0000006e       0x6f src/system_stm32f10x.o
 .comment       0x0000006e       0x6f /home/jonathan/workspace/st_mini_stdperiph_lib/Debug/libst_mini_stdperiph_lib.a(misc.o)
 .comment       0x0000006e       0x6f /home/jonathan/workspace/st_mini_stdperiph_lib/Debug/libst_mini_stdperiph_lib.a(stm32f10x_adc.o)
 .comment       0x0000006e       0x6f /home/jonathan/workspace/st_mini_stdperiph_lib/Debug/libst_mini_stdperiph_lib.a(stm32f10x_dma.o)
 .comment       0x0000006e       0x6f /home/jonathan/workspace/st_mini_stdperiph_lib/Debug/libst_mini_stdperiph_lib.a(stm32f10x_gpio.o)
 .comment       0x0000006e       0x6f /home/jonathan/workspace/st_mini_stdperiph_lib/Debug/libst_mini_stdperiph_lib.a(stm32f10x_i2c.o)
 .comment       0x0000006e       0x6f /home/jonathan/workspace/st_mini_stdperiph_lib/Debug/libst_mini_stdperiph_lib.a(stm32f10x_rcc.o)
 .comment       0x0000006e       0x6f /home/jonathan/workspace/st_mini_stdperiph_lib/Debug/libst_mini_stdperiph_lib.a(stm32f10x_spi.o)
 .comment       0x0000006e       0x6f /home/jonathan/workspace/st_mini_stdperiph_lib/Debug/libst_mini_stdperiph_lib.a(stm32f10x_usart.o)

.debug_frame    0x00000000     0x33a0
 .debug_frame   0x00000000       0xa4 src/ADC.o
 .debug_frame   0x000000a4       0x50 src/DMA.o
 .debug_frame   0x000000f4      0x284 src/GFXC.o
 .debug_frame   0x00000378       0x34 src/GPIO.o
 .debug_frame   0x000003ac      0x238 src/ILI9163.o
 .debug_frame   0x000005e4      0x194 src/LCD_I2C.o
 .debug_frame   0x00000778       0x34 src/NVIC.o
 .debug_frame   0x000007ac       0x2c src/RCC.o
 .debug_frame   0x000007d8       0x50 src/UART.o
 .debug_frame   0x00000828       0xc0 src/main.o
 .debug_frame   0x000008e8      0x110 src/stm32f10x_it.o
 .debug_frame   0x000009f8      0x2d4 src/syscalls.o
 .debug_frame   0x00000ccc       0x98 src/system_stm32f10x.o
 .debug_frame   0x00000d64       0xd8 /home/jonathan/workspace/st_mini_stdperiph_lib/Debug/libst_mini_stdperiph_lib.a(misc.o)
 .debug_frame   0x00000e3c      0x5a4 /home/jonathan/workspace/st_mini_stdperiph_lib/Debug/libst_mini_stdperiph_lib.a(stm32f10x_adc.o)
 .debug_frame   0x000013e0      0x1c8 /home/jonathan/workspace/st_mini_stdperiph_lib/Debug/libst_mini_stdperiph_lib.a(stm32f10x_dma.o)
 .debug_frame   0x000015a8      0x2d0 /home/jonathan/workspace/st_mini_stdperiph_lib/Debug/libst_mini_stdperiph_lib.a(stm32f10x_gpio.o)
 .debug_frame   0x00001878      0x530 /home/jonathan/workspace/st_mini_stdperiph_lib/Debug/libst_mini_stdperiph_lib.a(stm32f10x_i2c.o)
 .debug_frame   0x00001da8      0x4f4 /home/jonathan/workspace/st_mini_stdperiph_lib/Debug/libst_mini_stdperiph_lib.a(stm32f10x_rcc.o)
 .debug_frame   0x0000229c      0x3a0 /home/jonathan/workspace/st_mini_stdperiph_lib/Debug/libst_mini_stdperiph_lib.a(stm32f10x_spi.o)
 .debug_frame   0x0000263c      0x490 /home/jonathan/workspace/st_mini_stdperiph_lib/Debug/libst_mini_stdperiph_lib.a(stm32f10x_usart.o)
 .debug_frame   0x00002acc       0x20 /home/jonathan/Ac6/SystemWorkbench/plugins/fr.ac6.mcu.externaltools.arm-none.linux64_1.12.0.201611241417/tools/compiler/bin/../lib/gcc/arm-none-eabi/5.4.1/../../../../arm-none-eabi/lib/armv7-m/libc.a(lib_a-errno.o)
 .debug_frame   0x00002aec       0x34 /home/jonathan/Ac6/SystemWorkbench/plugins/fr.ac6.mcu.externaltools.arm-none.linux64_1.12.0.201611241417/tools/compiler/bin/../lib/gcc/arm-none-eabi/5.4.1/../../../../arm-none-eabi/lib/armv7-m/libc.a(lib_a-memset.o)
 .debug_frame   0x00002b20       0x84 /home/jonathan/Ac6/SystemWorkbench/plugins/fr.ac6.mcu.externaltools.arm-none.linux64_1.12.0.201611241417/tools/compiler/bin/../lib/gcc/arm-none-eabi/5.4.1/../../../../arm-none-eabi/lib/armv7-m/libc.a(lib_a-sprintf.o)
 .debug_frame   0x00002ba4       0x20 /home/jonathan/Ac6/SystemWorkbench/plugins/fr.ac6.mcu.externaltools.arm-none.linux64_1.12.0.201611241417/tools/compiler/bin/../lib/gcc/arm-none-eabi/5.4.1/../../../../arm-none-eabi/lib/armv7-m/libc.a(lib_a-strlen-stub.o)
 .debug_frame   0x00002bc4       0x44 /home/jonathan/Ac6/SystemWorkbench/plugins/fr.ac6.mcu.externaltools.arm-none.linux64_1.12.0.201611241417/tools/compiler/bin/../lib/gcc/arm-none-eabi/5.4.1/../../../../arm-none-eabi/lib/armv7-m/libc.a(lib_a-svfprintf.o)
 .debug_frame   0x00002c08       0x50 /home/jonathan/Ac6/SystemWorkbench/plugins/fr.ac6.mcu.externaltools.arm-none.linux64_1.12.0.201611241417/tools/compiler/bin/../lib/gcc/arm-none-eabi/5.4.1/../../../../arm-none-eabi/lib/armv7-m/libc.a(lib_a-__call_atexit.o)
 .debug_frame   0x00002c58       0x20 /home/jonathan/Ac6/SystemWorkbench/plugins/fr.ac6.mcu.externaltools.arm-none.linux64_1.12.0.201611241417/tools/compiler/bin/../lib/gcc/arm-none-eabi/5.4.1/../../../../arm-none-eabi/lib/armv7-m/libc.a(lib_a-atexit.o)
 .debug_frame   0x00002c78       0x84 /home/jonathan/Ac6/SystemWorkbench/plugins/fr.ac6.mcu.externaltools.arm-none.linux64_1.12.0.201611241417/tools/compiler/bin/../lib/gcc/arm-none-eabi/5.4.1/../../../../arm-none-eabi/lib/armv7-m/libc.a(lib_a-dtoa.o)
 .debug_frame   0x00002cfc       0x34 /home/jonathan/Ac6/SystemWorkbench/plugins/fr.ac6.mcu.externaltools.arm-none.linux64_1.12.0.201611241417/tools/compiler/bin/../lib/gcc/arm-none-eabi/5.4.1/../../../../arm-none-eabi/lib/armv7-m/libc.a(lib_a-fini.o)
 .debug_frame   0x00002d30       0x9c /home/jonathan/Ac6/SystemWorkbench/plugins/fr.ac6.mcu.externaltools.arm-none.linux64_1.12.0.201611241417/tools/compiler/bin/../lib/gcc/arm-none-eabi/5.4.1/../../../../arm-none-eabi/lib/armv7-m/libc.a(lib_a-locale.o)
 .debug_frame   0x00002dcc       0x54 /home/jonathan/Ac6/SystemWorkbench/plugins/fr.ac6.mcu.externaltools.arm-none.linux64_1.12.0.201611241417/tools/compiler/bin/../lib/gcc/arm-none-eabi/5.4.1/../../../../arm-none-eabi/lib/armv7-m/libc.a(lib_a-mallocr.o)
 .debug_frame   0x00002e20       0x34 /home/jonathan/Ac6/SystemWorkbench/plugins/fr.ac6.mcu.externaltools.arm-none.linux64_1.12.0.201611241417/tools/compiler/bin/../lib/gcc/arm-none-eabi/5.4.1/../../../../arm-none-eabi/lib/armv7-m/libc.a(lib_a-memchr-stub.o)
 .debug_frame   0x00002e54       0x30 /home/jonathan/Ac6/SystemWorkbench/plugins/fr.ac6.mcu.externaltools.arm-none.linux64_1.12.0.201611241417/tools/compiler/bin/../lib/gcc/arm-none-eabi/5.4.1/../../../../arm-none-eabi/lib/armv7-m/libc.a(lib_a-mlock.o)
 .debug_frame   0x00002e84      0x264 /home/jonathan/Ac6/SystemWorkbench/plugins/fr.ac6.mcu.externaltools.arm-none.linux64_1.12.0.201611241417/tools/compiler/bin/../lib/gcc/arm-none-eabi/5.4.1/../../../../arm-none-eabi/lib/armv7-m/libc.a(lib_a-mprec.o)
 .debug_frame   0x000030e8       0x2c /home/jonathan/Ac6/SystemWorkbench/plugins/fr.ac6.mcu.externaltools.arm-none.linux64_1.12.0.201611241417/tools/compiler/bin/../lib/gcc/arm-none-eabi/5.4.1/../../../../arm-none-eabi/lib/armv7-m/libc.a(lib_a-sbrkr.o)
 .debug_frame   0x00003114       0x78 /home/jonathan/Ac6/SystemWorkbench/plugins/fr.ac6.mcu.externaltools.arm-none.linux64_1.12.0.201611241417/tools/compiler/bin/../lib/gcc/arm-none-eabi/5.4.1/../../../../arm-none-eabi/lib/armv7-m/libc.a(lib_a-svfiprintf.o)
 .debug_frame   0x0000318c       0x34 /home/jonathan/Ac6/SystemWorkbench/plugins/fr.ac6.mcu.externaltools.arm-none.linux64_1.12.0.201611241417/tools/compiler/bin/../lib/gcc/arm-none-eabi/5.4.1/../../../../arm-none-eabi/lib/armv7-m/libc.a(lib_a-__atexit.o)
 .debug_frame   0x000031c0       0x28 /home/jonathan/Ac6/SystemWorkbench/plugins/fr.ac6.mcu.externaltools.arm-none.linux64_1.12.0.201611241417/tools/compiler/bin/../lib/gcc/arm-none-eabi/5.4.1/../../../../arm-none-eabi/lib/armv7-m/libc.a(lib_a-callocr.o)
 .debug_frame   0x000031e8       0x74 /home/jonathan/Ac6/SystemWorkbench/plugins/fr.ac6.mcu.externaltools.arm-none.linux64_1.12.0.201611241417/tools/compiler/bin/../lib/gcc/arm-none-eabi/5.4.1/../../../../arm-none-eabi/lib/armv7-m/libc.a(lib_a-freer.o)
 .debug_frame   0x0000325c       0x30 /home/jonathan/Ac6/SystemWorkbench/plugins/fr.ac6.mcu.externaltools.arm-none.linux64_1.12.0.201611241417/tools/compiler/bin/../lib/gcc/arm-none-eabi/5.4.1/../../../../arm-none-eabi/lib/armv7-m/libc.a(lib_a-memmove.o)
 .debug_frame   0x0000328c       0x58 /home/jonathan/Ac6/SystemWorkbench/plugins/fr.ac6.mcu.externaltools.arm-none.linux64_1.12.0.201611241417/tools/compiler/bin/../lib/gcc/arm-none-eabi/5.4.1/../../../../arm-none-eabi/lib/armv7-m/libc.a(lib_a-reallocr.o)
 .debug_frame   0x000032e4       0x58 /home/jonathan/Ac6/SystemWorkbench/plugins/fr.ac6.mcu.externaltools.arm-none.linux64_1.12.0.201611241417/tools/compiler/bin/../lib/gcc/arm-none-eabi/5.4.1/../../../../arm-none-eabi/lib/armv7-m/libc.a(lib_a-reent.o)
 .debug_frame   0x0000333c       0x2c /home/jonathan/Ac6/SystemWorkbench/plugins/fr.ac6.mcu.externaltools.arm-none.linux64_1.12.0.201611241417/tools/compiler/bin/../lib/gcc/arm-none-eabi/5.4.1/armv7-m/libgcc.a(_aeabi_uldivmod.o)
 .debug_frame   0x00003368       0x38 /home/jonathan/Ac6/SystemWorkbench/plugins/fr.ac6.mcu.externaltools.arm-none.linux64_1.12.0.201611241417/tools/compiler/bin/../lib/gcc/arm-none-eabi/5.4.1/armv7-m/libgcc.a(_udivmoddi4.o)