Archive member included to satisfy reference by file (symbol)

/home/jonathan/workspace/st_mini_stdperiph_lib/Release/libst_mini_stdperiph_lib.a(misc.o)
                              src/NVIC.o (NVIC_PriorityGroupConfig)
/home/jonathan/workspace/st_mini_stdperiph_lib/Release/libst_mini_stdperiph_lib.a(stm32f10x_adc.o)
                              src/ADC.o (ADC_Init)
/home/jonathan/workspace/st_mini_stdperiph_lib/Release/libst_mini_stdperiph_lib.a(stm32f10x_dma.o)
                              src/DMA.o (DMA_DeInit)
/home/jonathan/workspace/st_mini_stdperiph_lib/Release/libst_mini_stdperiph_lib.a(stm32f10x_gpio.o)
                              src/GPIO.o (GPIO_Init)
/home/jonathan/workspace/st_mini_stdperiph_lib/Release/libst_mini_stdperiph_lib.a(stm32f10x_i2c.o)
                              src/LCD_I2C.o (I2C_Init)
/home/jonathan/workspace/st_mini_stdperiph_lib/Release/libst_mini_stdperiph_lib.a(stm32f10x_rcc.o)
                              /home/jonathan/workspace/st_mini_stdperiph_lib/Release/libst_mini_stdperiph_lib.a(stm32f10x_i2c.o) (RCC_GetClocksFreq)
/home/jonathan/workspace/st_mini_stdperiph_lib/Release/libst_mini_stdperiph_lib.a(stm32f10x_spi.o)
                              src/ILI9163.o (SPI_I2S_DeInit)
/home/jonathan/workspace/st_mini_stdperiph_lib/Release/libst_mini_stdperiph_lib.a(stm32f10x_usart.o)
                              src/UART.o (USART_Init)
/home/jonathan/Ac6/SystemWorkbench/plugins/fr.ac6.mcu.externaltools.arm-none.linux64_1.12.0.201611241417/tools/compiler/bin/../lib/gcc/arm-none-eabi/5.4.1/armv7-m/libgcc.a(_arm_addsubsf3.o)
                              src/GFXC.o (__aeabi_fsub)
/home/jonathan/Ac6/SystemWorkbench/plugins/fr.ac6.mcu.externaltools.arm-none.linux64_1.12.0.201611241417/tools/compiler/bin/../lib/gcc/arm-none-eabi/5.4.1/armv7-m/libgcc.a(_arm_muldivsf3.o)
                              src/GFXC.o (__aeabi_fmul)
/home/jonathan/Ac6/SystemWorkbench/plugins/fr.ac6.mcu.externaltools.arm-none.linux64_1.12.0.201611241417/tools/compiler/bin/../lib/gcc/arm-none-eabi/5.4.1/armv7-m/libgcc.a(_arm_cmpsf2.o)
                              src/GFXC.o (__aeabi_fcmplt)
/home/jonathan/Ac6/SystemWorkbench/plugins/fr.ac6.mcu.externaltools.arm-none.linux64_1.12.0.201611241417/tools/compiler/bin/../lib/gcc/arm-none-eabi/5.4.1/armv7-m/libgcc.a(_arm_fixsfsi.o)
                              src/GFXC.o (__aeabi_f2iz)
/home/jonathan/Ac6/SystemWorkbench/plugins/fr.ac6.mcu.externaltools.arm-none.linux64_1.12.0.201611241417/tools/compiler/bin/../lib/gcc/arm-none-eabi/5.4.1/../../../../arm-none-eabi/lib/armv7-m/libc.a(lib_a-errno.o)
                              src/syscalls.o (__errno)
/home/jonathan/Ac6/SystemWorkbench/plugins/fr.ac6.mcu.externaltools.arm-none.linux64_1.12.0.201611241417/tools/compiler/bin/../lib/gcc/arm-none-eabi/5.4.1/../../../../arm-none-eabi/lib/armv7-m/libc.a(lib_a-exit.o)
                              /home/jonathan/Ac6/SystemWorkbench/plugins/fr.ac6.mcu.externaltools.arm-none.linux64_1.12.0.201611241417/tools/compiler/bin/../lib/gcc/arm-none-eabi/5.4.1/../../../../arm-none-eabi/lib/armv7-m/crt0.o (exit)
/home/jonathan/Ac6/SystemWorkbench/plugins/fr.ac6.mcu.externaltools.arm-none.linux64_1.12.0.201611241417/tools/compiler/bin/../lib/gcc/arm-none-eabi/5.4.1/../../../../arm-none-eabi/lib/armv7-m/libc.a(lib_a-impure.o)
                              /home/jonathan/Ac6/SystemWorkbench/plugins/fr.ac6.mcu.externaltools.arm-none.linux64_1.12.0.201611241417/tools/compiler/bin/../lib/gcc/arm-none-eabi/5.4.1/../../../../arm-none-eabi/lib/armv7-m/libc.a(lib_a-exit.o) (_global_impure_ptr)
/home/jonathan/Ac6/SystemWorkbench/plugins/fr.ac6.mcu.externaltools.arm-none.linux64_1.12.0.201611241417/tools/compiler/bin/../lib/gcc/arm-none-eabi/5.4.1/../../../../arm-none-eabi/lib/armv7-m/libc.a(lib_a-init.o)
                              /home/jonathan/Ac6/SystemWorkbench/plugins/fr.ac6.mcu.externaltools.arm-none.linux64_1.12.0.201611241417/tools/compiler/bin/../lib/gcc/arm-none-eabi/5.4.1/../../../../arm-none-eabi/lib/armv7-m/crt0.o (__libc_init_array)
/home/jonathan/Ac6/SystemWorkbench/plugins/fr.ac6.mcu.externaltools.arm-none.linux64_1.12.0.201611241417/tools/compiler/bin/../lib/gcc/arm-none-eabi/5.4.1/../../../../arm-none-eabi/lib/armv7-m/libc.a(lib_a-memset.o)
                              /home/jonathan/Ac6/SystemWorkbench/plugins/fr.ac6.mcu.externaltools.arm-none.linux64_1.12.0.201611241417/tools/compiler/bin/../lib/gcc/arm-none-eabi/5.4.1/../../../../arm-none-eabi/lib/armv7-m/crt0.o (memset)
/home/jonathan/Ac6/SystemWorkbench/plugins/fr.ac6.mcu.externaltools.arm-none.linux64_1.12.0.201611241417/tools/compiler/bin/../lib/gcc/arm-none-eabi/5.4.1/../../../../arm-none-eabi/lib/armv7-m/libc.a(lib_a-sprintf.o)
                              src/main.o (sprintf)
/home/jonathan/Ac6/SystemWorkbench/plugins/fr.ac6.mcu.externaltools.arm-none.linux64_1.12.0.201611241417/tools/compiler/bin/../lib/gcc/arm-none-eabi/5.4.1/../../../../arm-none-eabi/lib/armv7-m/libc.a(lib_a-strlen-stub.o)
[...]
Memory Configuration

Name             Origin             Length             Attributes
RAM              0x20000000         0x00005000         xrw
ROM              0x08000000         0x00010000         xr
*default*        0x00000000         0xffffffff

Linker script and memory map

LOAD /home/jonathan/Ac6/SystemWorkbench/plugins/fr.ac6.mcu.externaltools.arm-none.linux64_1.12.0.201611241417/tools/compiler/bin/../lib/gcc/arm-none-eabi/5.4.1/armv7-m/crti.o
LOAD /home/jonathan/Ac6/SystemWorkbench/plugins/fr.ac6.mcu.externaltools.arm-none.linux64_1.12.0.201611241417/tools/compiler/bin/../lib/gcc/arm-none-eabi/5.4.1/armv7-m/crtbegin.o
LOAD /home/jonathan/Ac6/SystemWorkbench/plugins/fr.ac6.mcu.externaltools.arm-none.linux64_1.12.0.201611241417/tools/compiler/bin/../lib/gcc/arm-none-eabi/5.4.1/../../../../arm-none-eabi/lib/armv7-m/crt0.o
LOAD /home/jonathan/Ac6/SystemWorkbench/plugins/fr.ac6.mcu.externaltools.arm-none.linux64_1.12.0.201611241417/tools/compiler/bin/../lib/gcc/arm-none-eabi/5.4.1/../../../../arm-none-eabi/lib/armv7-m/libm.a
LOAD startup/startup_stm32f10x_md.o
LOAD src/ADC.o
LOAD src/BMP.o
LOAD src/DMA.o
LOAD src/GFXC.o
LOAD src/GPIO.o
LOAD src/ILI9163.o
LOAD src/LCD_I2C.o
LOAD src/NVIC.o
LOAD src/RCC.o
LOAD src/UART.o
LOAD src/ff.o
LOAD src/main.o
LOAD src/stm32f10x_it.o
LOAD src/syscalls.o
LOAD src/system_stm32f10x.o
LOAD src/xprintf.o
LOAD /home/jonathan/workspace/st_mini_stdperiph_lib/Release/libst_mini_stdperiph_lib.a
START GROUP
LOAD /home/jonathan/Ac6/SystemWorkbench/plugins/fr.ac6.mcu.externaltools.arm-none.linux64_1.12.0.201611241417/tools/compiler/bin/../lib/gcc/arm-none-eabi/5.4.1/armv7-m/libgcc.a
LOAD /home/jonathan/Ac6/SystemWorkbench/plugins/fr.ac6.mcu.externaltools.arm-none.linux64_1.12.0.201611241417/tools/compiler/bin/../lib/gcc/arm-none-eabi/5.4.1/../../../../arm-none-eabi/lib/armv7-m/libc.a
END GROUP
LOAD /home/jonathan/Ac6/SystemWorkbench/plugins/fr.ac6.mcu.externaltools.arm-none.linux64_1.12.0.201611241417/tools/compiler/bin/../lib/gcc/arm-none-eabi/5.4.1/armv7-m/crtend.o
LOAD /home/jonathan/Ac6/SystemWorkbench/plugins/fr.ac6.mcu.externaltools.arm-none.linux64_1.12.0.201611241417/tools/compiler/bin/../lib/gcc/arm-none-eabi/5.4.1/armv7-m/crtn.o
                0x20005000                _estack = 0x20005000
                0x00000000                _Min_Heap_Size = 0x0
                0x00000400                _Min_Stack_Size = 0x400

.isr_vector     0x08000000      0x10c
                0x08000000                . = ALIGN (0x4)
 *(.isr_vector)
 .isr_vector    0x08000000      0x10c startup/startup_stm32f10x_md.o
                0x08000000                g_pfnVectors
                0x0800010c                . = ALIGN (0x4)

.text           0x08000110     0x8524
                0x08000110                . = ALIGN (0x4)
 *(.text)
 .text          0x08000110       0x5c /home/jonathan/Ac6/SystemWorkbench/plugins/fr.ac6.mcu.externaltools.arm-none.linux64_1.12.0.201611241417/tools/compiler/bin/../lib/gcc/arm-none-eabi/5.4.1/armv7-m/crtbegin.o
 .text          0x0800016c       0xec /home/jonathan/Ac6/SystemWorkbench/plugins/fr.ac6.mcu.externaltools.arm-none.linux64_1.12.0.201611241417/tools/compiler/bin/../lib/gcc/arm-none-eabi/5.4.1/../../../../arm-none-eabi/lib/armv7-m/libc.a(lib_a-memcpy.o)
                0x0800016c                memcpy
 .text          0x08000258      0x370 /home/jonathan/Ac6/SystemWorkbench/plugins/fr.ac6.mcu.externaltools.arm-none.linux64_1.12.0.201611241417/tools/compiler/bin/../lib/gcc/arm-none-eabi/5.4.1/armv7-m/libgcc.a(_arm_addsubdf3.o)
                0x08000258                __aeabi_drsub
                0x08000260                __aeabi_dsub
                0x08000260                __subdf3
                0x08000264                __adddf3
                0x08000264                __aeabi_dadd
                0x080004dc                __aeabi_ui2d
                0x080004dc                __floatunsidf
                0x080004fc                __floatsidf
                0x080004fc                __aeabi_i2d
                0x08000520                __extendsfdf2
                0x08000520                __aeabi_f2d
                0x0800055c                __aeabi_ul2d
                0x0800055c                __floatundidf
                0x0800056c                __floatdidf
                0x0800056c                __aeabi_l2d
 .text          0x080005c8      0x424 /home/jonathan/Ac6/SystemWorkbench/plugins/fr.ac6.mcu.externaltools.arm-none.linux64_1.12.0.201611241417/tools/compiler/bin/../lib/gcc/arm-none-eabi/5.4.1/armv7-m/libgcc.a(_arm_muldivdf3.o)
                0x080005c8                __aeabi_dmul
                0x080005c8                __muldf3
                0x0800081c                __aeabi_ddiv
                0x0800081c                __divdf3
 .text          0x080009ec      0x110 /home/jonathan/Ac6/SystemWorkbench/plugins/fr.ac6.mcu.externaltools.arm-none.linux64_1.12.0.201611241417/tools/compiler/bin/../lib/gcc/arm-none-eabi/5.4.1/armv7-m/libgcc.a(_arm_cmpdf2.o)
                0x080009ec                __gtdf2
                0x080009ec                __gedf2
                0x080009f4                __ltdf2
                0x080009f4                __ledf2
                0x080009fc                __cmpdf2
                0x080009fc                __eqdf2
                0x080009fc                __nedf2
                0x08000a78                __aeabi_cdrcmple
                0x08000a88                __aeabi_cdcmple
                0x08000a88                __aeabi_cdcmpeq
                0x08000a98                __aeabi_dcmpeq
                0x08000aac                __aeabi_dcmplt
                0x08000ac0                __aeabi_dcmple
                0x08000ad4                __aeabi_dcmpge
                0x08000ae8                __aeabi_dcmpgt
 .text          0x08000afc       0x2c /home/jonathan/Ac6/SystemWorkbench/plugins/fr.ac6.mcu.externaltools.arm-none.linux64_1.12.0.201611241417/tools/compiler/bin/../lib/gcc/arm-none-eabi/5.4.1/armv7-m/libgcc.a(_arm_unorddf2.o)
                0x08000afc                __aeabi_dcmpun
                0x08000afc                __unorddf2
 .text          0x08000b28       0x50 /home/jonathan/Ac6/SystemWorkbench/plugins/fr.ac6.mcu.externaltools.arm-none.linux64_1.12.0.201611241417/tools/compiler/bin/../lib/gcc/arm-none-eabi/5.4.1/armv7-m/libgcc.a(_arm_fixdfsi.o)
                0x08000b28                __fixdfsi
                0x08000b28                __aeabi_d2iz
 .text          0x08000b78       0x30 /home/jonathan/Ac6/SystemWorkbench/plugins/fr.ac6.mcu.externaltools.arm-none.linux64_1.12.0.201611241417/tools/compiler/bin/../lib/gcc/arm-none-eabi/5.4.1/armv7-m/libgcc.a(_aeabi_uldivmod.o)
                0x08000b78                __aeabi_uldivmod
 .text          0x08000ba8      0x2ec /home/jonathan/Ac6/SystemWorkbench/plugins/fr.ac6.mcu.externaltools.arm-none.linux64_1.12.0.201611241417/tools/compiler/bin/../lib/gcc/arm-none-eabi/5.4.1/armv7-m/libgcc.a(_udivmoddi4.o)
                0x08000ba8                __udivmoddi4
 .text          0x08000e94        0x4 /home/jonathan/Ac6/SystemWorkbench/plugins/fr.ac6.mcu.externaltools.arm-none.linux64_1.12.0.201611241417/tools/compiler/bin/../lib/gcc/arm-none-eabi/5.4.1/armv7-m/libgcc.a(_dvmd_tls.o)
                0x08000e94                __aeabi_ldiv0
                0x08000e94                __aeabi_idiv0
 *(.text*)
 .text.Reset_Handler
                0x08000e98       0x44 startup/startup_stm32f10x_md.o
                0x08000e98                Reset_Handler
 .text.Default_Handler
                0x08000edc        0x2 startup/startup_stm32f10x_md.o
                0x08000edc                EXTI2_IRQHandler
                0x08000edc                TIM1_CC_IRQHandler
                0x08000edc                PVD_IRQHandler
                0x08000edc                EXTI3_IRQHandler
                0x08000edc                EXTI0_IRQHandler
                0x08000edc                I2C2_EV_IRQHandler
                0x08000edc                SPI1_IRQHandler
                0x08000edc                TAMPER_IRQHandler
                0x08000edc                DMA1_Channel4_IRQHandler
                0x08000edc                USART3_IRQHandler
                0x08000edc                RTC_IRQHandler
                0x08000edc                DMA1_Channel7_IRQHandler
                0x08000edc                CAN1_RX1_IRQHandler
                0x08000edc                TIM4_IRQHandler
                0x08000edc                I2C1_EV_IRQHandler
                0x08000edc                DMA1_Channel6_IRQHandler
                0x08000edc                TIM3_IRQHandler
                0x08000edc                RCC_IRQHandler
                0x08000edc                TIM1_TRG_COM_IRQHandler
                0x08000edc                DMA1_Channel1_IRQHandler
                0x08000edc                Default_Handler
                0x08000edc                EXTI15_10_IRQHandler
                0x08000edc                EXTI9_5_IRQHandler
                0x08000edc                SPI2_IRQHandler
                0x08000edc                EXTI4_IRQHandler
                0x08000edc                USB_LP_CAN1_RX0_IRQHandler
                0x08000edc                USB_HP_CAN1_TX_IRQHandler
                0x08000edc                DMA1_Channel3_IRQHandler
                0x08000edc                TIM1_UP_IRQHandler
                0x08000edc                WWDG_IRQHandler
                0x08000edc                TIM2_IRQHandler
                0x08000edc                TIM1_BRK_IRQHandler
                0x08000edc                EXTI1_IRQHandler
                0x08000edc                RTCAlarm_IRQHandler
                0x08000edc                USART2_IRQHandler
                0x08000edc                I2C2_ER_IRQHandler
                0x08000edc                DMA1_Channel2_IRQHandler
                0x08000edc                CAN1_SCE_IRQHandler
                0x08000edc                FLASH_IRQHandler
                0x08000edc                I2C1_ER_IRQHandler
                0x08000edc                USBWakeUp_IRQHandler
 *fill*         0x08000ede        0x2 
 .text.ADC1_Init
                0x08000ee0       0x84 src/ADC.o
                0x08000ee0                ADC1_Init
 .text.ADC1_Calibration
                0x08000f64       0x28 src/ADC.o
                0x08000f64                ADC1_Calibration
 .text.ADC1_2_IRQHandler
                0x08000f8c       0x44 src/ADC.o
                0x08000f8c                ADC1_2_IRQHandler
 .text.ADC1_StartConvertion
                0x08000fd0        0xc src/ADC.o
                0x08000fd0                ADC1_StartConvertion
 .text.DMA1_Channel5_IRQHandler
                0x08000fdc       0x60 src/DMA.o
                0x08000fdc                DMA1_Channel5_IRQHandler
 .text.PChar    0x0800103c      0x1a0 src/GFXC.o
                0x0800103c                PChar
 .text.PStr     0x080011dc       0xd0 src/GFXC.o
                0x080011dc                PStr
 .text.GPIO_Configuration
                0x080012ac       0x90 src/GPIO.o
                0x080012ac                GPIO_Configuration
 .text.WriteString
                0x0800133c       0x38 src/ILI9163.o
                0x0800133c                WriteString
 .text.SW       0x08001374       0x44 src/ILI9163.o
                0x08001374                SW
 .text.SetAddr  0x080013b8      0x194 src/ILI9163.o
                0x080013b8                SetAddr
 .text.SetScrn  0x0800154c      0x1f4 src/ILI9163.o
                0x0800154c                SetScrn
 .text.PCol     0x08001740      0x14c src/ILI9163.o
                0x08001740                PCol
 .text.RotateScreen
                0x0800188c      0x288 src/ILI9163.o
                0x0800188c                RotateScreen
 .text.ILI9163Init
                0x08001b14      0x4e4 src/ILI9163.o
                0x08001b14                ILI9163Init
 .text.LCD_I2C_PrintC
                0x08001ff8      0x1d4 src/LCD_I2C.o
                0x08001ff8                LCD_I2C_PrintC
 .text.LCD_I2C_Init
                0x080021cc      0xf34 src/LCD_I2C.o
                0x080021cc                LCD_I2C_Init
 .text.LCD_I2C_Command
                0x08003100      0x260 src/LCD_I2C.o
                0x08003100                LCD_I2C_Command
 .text.LCD_I2C_Goto
                0x08003360       0x38 src/LCD_I2C.o
                0x08003360                LCD_I2C_Goto
 .text.LCD_I2C_Data
                0x08003398      0x1c4 src/LCD_I2C.o
                0x08003398                LCD_I2C_Data
 .text.I2C_Configuration
                0x0800355c       0x4c src/LCD_I2C.o
                0x0800355c                I2C_Configuration
 .text.LCD_I2C_Clear
                0x080035a8      0x254 src/LCD_I2C.o
                0x080035a8                LCD_I2C_Clear
 .text.delay_clear
                0x080037fc       0x2c src/LCD_I2C.o
                0x080037fc                delay_clear
 .text.NVIC_Configuration
                0x08003828       0x60 src/NVIC.o
                0x08003828                NVIC_Configuration
 .text.RCC_Configuration
                0x08003888       0x34 src/RCC.o
                0x08003888                RCC_Configuration
 .text.USART_Config
                0x080038bc       0x50 src/UART.o
                0x080038bc                USART_Config
 .text.USART1_IRQHandler
                0x0800390c       0x2c src/UART.o
                0x0800390c                USART1_IRQHandler
 .text.Systick_Configuration
                0x08003938       0x40 src/main.o
                0x08003938                Systick_Configuration
 .text.startup.main
                0x08003978      0x1b8 src/main.o
                0x08003978                main
 .text.NMI_Handler
                0x08003b30        0x4 src/stm32f10x_it.o
                0x08003b30                NMI_Handler
 .text.HardFault_Handler
                0x08003b34        0x4 src/stm32f10x_it.o
                0x08003b34                HardFault_Handler
 .text.MemManage_Handler
                0x08003b38        0x4 src/stm32f10x_it.o
                0x08003b38                MemManage_Handler
 .text.BusFault_Handler
                0x08003b3c        0x4 src/stm32f10x_it.o
                0x08003b3c                BusFault_Handler
 .text.UsageFault_Handler
                0x08003b40        0x4 src/stm32f10x_it.o
                0x08003b40                UsageFault_Handler
 .text.SVC_Handler
                0x08003b44        0x4 src/stm32f10x_it.o
                0x08003b44                SVC_Handler
 .text.DebugMon_Handler
                0x08003b48        0x4 src/stm32f10x_it.o
                0x08003b48                DebugMon_Handler
 .text.PendSV_Handler
                0x08003b4c        0x4 src/stm32f10x_it.o
                0x08003b4c                PendSV_Handler
 .text.SysTick_Handler
                0x08003b50       0x1c src/stm32f10x_it.o
                0x08003b50                SysTick_Handler
 .text._sbrk    0x08003b6c       0x34 src/syscalls.o
                0x08003b6c                _sbrk
 .text.SystemInit
                0x08003ba0      0x104 src/system_stm32f10x.o
                0x08003ba0                SystemInit
 .text.SystemCoreClockUpdate
                0x08003ca4       0x58 src/system_stm32f10x.o
                0x08003ca4                SystemCoreClockUpdate
 .text.NVIC_PriorityGroupConfig
                0x08003cfc       0x14 /home/jonathan/workspace/st_mini_stdperiph_lib/Release/libst_mini_stdperiph_lib.a(misc.o)
                0x08003cfc                NVIC_PriorityGroupConfig
 .text.NVIC_Init
                0x08003d10       0x6c /home/jonathan/workspace/st_mini_stdperiph_lib/Release/libst_mini_stdperiph_lib.a(misc.o)
                0x08003d10                NVIC_Init
 .text.ADC_Init
                0x08003d7c       0x48 /home/jonathan/workspace/st_mini_stdperiph_lib/Release/libst_mini_stdperiph_lib.a(stm32f10x_adc.o)
                0x08003d7c                ADC_Init
 .text.ADC_Cmd  0x08003dc4       0x14 /home/jonathan/workspace/st_mini_stdperiph_lib/Release/libst_mini_stdperiph_lib.a(stm32f10x_adc.o)
                0x08003dc4                ADC_Cmd
 .text.ADC_ITConfig
                0x08003dd8       0x14 /home/jonathan/workspace/st_mini_stdperiph_lib/Release/libst_mini_stdperiph_lib.a(stm32f10x_adc.o)
                0x08003dd8                ADC_ITConfig
 .text.ADC_ResetCalibration
                0x08003dec        0xc /home/jonathan/workspace/st_mini_stdperiph_lib/Release/libst_mini_stdperiph_lib.a(stm32f10x_adc.o)
                0x08003dec                ADC_ResetCalibration
 .text.ADC_GetResetCalibrationStatus
                0x08003df8        0x8 /home/jonathan/workspace/st_mini_stdperiph_lib/Release/libst_mini_stdperiph_lib.a(stm32f10x_adc.o)
                0x08003df8                ADC_GetResetCalibrationStatus
 .text.ADC_StartCalibration
                0x08003e00        0xc /home/jonathan/workspace/st_mini_stdperiph_lib/Release/libst_mini_stdperiph_lib.a(stm32f10x_adc.o)
                0x08003e00                ADC_StartCalibration
 .text.ADC_GetCalibrationStatus
                0x08003e0c        0x8 /home/jonathan/workspace/st_mini_stdperiph_lib/Release/libst_mini_stdperiph_lib.a(stm32f10x_adc.o)
                0x08003e0c                ADC_GetCalibrationStatus
 .text.ADC_SoftwareStartConvCmd
                0x08003e14       0x14 /home/jonathan/workspace/st_mini_stdperiph_lib/Release/libst_mini_stdperiph_lib.a(stm32f10x_adc.o)
                0x08003e14                ADC_SoftwareStartConvCmd
 .text.ADC_RegularChannelConfig
                0x08003e28       0x94 /home/jonathan/workspace/st_mini_stdperiph_lib/Release/libst_mini_stdperiph_lib.a(stm32f10x_adc.o)
                0x08003e28                ADC_RegularChannelConfig
 .text.ADC_GetConversionValue
                0x08003ebc        0x8 /home/jonathan/workspace/st_mini_stdperiph_lib/Release/libst_mini_stdperiph_lib.a(stm32f10x_adc.o)
                0x08003ebc                ADC_GetConversionValue
 .text.ADC_AnalogWatchdogCmd
                0x08003ec4       0x10 /home/jonathan/workspace/st_mini_stdperiph_lib/Release/libst_mini_stdperiph_lib.a(stm32f10x_adc.o)
                0x08003ec4                ADC_AnalogWatchdogCmd
 .text.ADC_AnalogWatchdogThresholdsConfig
                0x08003ed4        0x8 /home/jonathan/workspace/st_mini_stdperiph_lib/Release/libst_mini_stdperiph_lib.a(stm32f10x_adc.o)
                0x08003ed4                ADC_AnalogWatchdogThresholdsConfig
 .text.ADC_AnalogWatchdogSingleChannelConfig
                0x08003edc        0xc /home/jonathan/workspace/st_mini_stdperiph_lib/Release/libst_mini_stdperiph_lib.a(stm32f10x_adc.o)
                0x08003edc                ADC_AnalogWatchdogSingleChannelConfig
 .text.ADC_GetITStatus
                0x08003ee8       0x18 /home/jonathan/workspace/st_mini_stdperiph_lib/Release/libst_mini_stdperiph_lib.a(stm32f10x_adc.o)
                0x08003ee8                ADC_GetITStatus
 .text.ADC_ClearITPendingBit
                0x08003f00        0x8 /home/jonathan/workspace/st_mini_stdperiph_lib/Release/libst_mini_stdperiph_lib.a(stm32f10x_adc.o)
                0x08003f00                ADC_ClearITPendingBit
 .text.DMA_ClearFlag
                0x08003f08       0x14 /home/jonathan/workspace/st_mini_stdperiph_lib/Release/libst_mini_stdperiph_lib.a(stm32f10x_dma.o)
                0x08003f08                DMA_ClearFlag
 .text.DMA_GetITStatus
                0x08003f1c       0x1c /home/jonathan/workspace/st_mini_stdperiph_lib/Release/libst_mini_stdperiph_lib.a(stm32f10x_dma.o)
                0x08003f1c                DMA_GetITStatus
 .text.DMA_ClearITPendingBit
                0x08003f38       0x14 /home/jonathan/workspace/st_mini_stdperiph_lib/Release/libst_mini_stdperiph_lib.a(stm32f10x_dma.o)
                0x08003f38                DMA_ClearITPendingBit
 .text.GPIO_Init
                0x08003f4c      0x3cc /home/jonathan/workspace/st_mini_stdperiph_lib/Release/libst_mini_stdperiph_lib.a(stm32f10x_gpio.o)
                0x08003f4c                GPIO_Init
 .text.GPIO_SetBits
                0x08004318        0x4 /home/jonathan/workspace/st_mini_stdperiph_lib/Release/libst_mini_stdperiph_lib.a(stm32f10x_gpio.o)
                0x08004318                GPIO_SetBits
 .text.GPIO_ResetBits
                0x0800431c        0x4 /home/jonathan/workspace/st_mini_stdperiph_lib/Release/libst_mini_stdperiph_lib.a(stm32f10x_gpio.o)
                0x0800431c                GPIO_ResetBits
 .text.I2C_Init
                0x08004320       0xe4 /home/jonathan/workspace/st_mini_stdperiph_lib/Release/libst_mini_stdperiph_lib.a(stm32f10x_i2c.o)
                0x08004320                I2C_Init
 .text.I2C_StructInit
                0x08004404       0x20 /home/jonathan/workspace/st_mini_stdperiph_lib/Release/libst_mini_stdperiph_lib.a(stm32f10x_i2c.o)
                0x08004404                I2C_StructInit
 .text.I2C_Cmd  0x08004424       0x1c /home/jonathan/workspace/st_mini_stdperiph_lib/Release/libst_mini_stdperiph_lib.a(stm32f10x_i2c.o)
                0x08004424                I2C_Cmd
 .text.I2C_GenerateSTART
                0x08004440       0x1c /home/jonathan/workspace/st_mini_stdperiph_lib/Release/libst_mini_stdperiph_lib.a(stm32f10x_i2c.o)
                0x08004440                I2C_GenerateSTART
 .text.I2C_GenerateSTOP
                0x0800445c       0x1c /home/jonathan/workspace/st_mini_stdperiph_lib/Release/libst_mini_stdperiph_lib.a(stm32f10x_i2c.o)
                0x0800445c                I2C_GenerateSTOP
 .text.I2C_SendData
                0x08004478        0x4 /home/jonathan/workspace/st_mini_stdperiph_lib/Release/libst_mini_stdperiph_lib.a(stm32f10x_i2c.o)
                0x08004478                I2C_SendData
 .text.I2C_Send7bitAddress
                0x0800447c       0x18 /home/jonathan/workspace/st_mini_stdperiph_lib/Release/libst_mini_stdperiph_lib.a(stm32f10x_i2c.o)
                0x0800447c                I2C_Send7bitAddress
 .text.I2C_CheckEvent
                0x08004494       0x1c /home/jonathan/workspace/st_mini_stdperiph_lib/Release/libst_mini_stdperiph_lib.a(stm32f10x_i2c.o)
                0x08004494                I2C_CheckEvent
 .text.I2C_GetFlagStatus
                0x080044b0       0x38 /home/jonathan/workspace/st_mini_stdperiph_lib/Release/libst_mini_stdperiph_lib.a(stm32f10x_i2c.o)
                0x080044b0                I2C_GetFlagStatus
 .text.RCC_GetClocksFreq
                0x080044e8       0x98 /home/jonathan/workspace/st_mini_stdperiph_lib/Release/libst_mini_stdperiph_lib.a(stm32f10x_rcc.o)
                0x080044e8                RCC_GetClocksFreq
 .text.RCC_AHBPeriphClockCmd
                0x08004580       0x1c /home/jonathan/workspace/st_mini_stdperiph_lib/Release/libst_mini_stdperiph_lib.a(stm32f10x_rcc.o)
                0x08004580                RCC_AHBPeriphClockCmd
 .text.RCC_APB2PeriphClockCmd
                0x0800459c       0x1c /home/jonathan/workspace/st_mini_stdperiph_lib/Release/libst_mini_stdperiph_lib.a(stm32f10x_rcc.o)
                0x0800459c                RCC_APB2PeriphClockCmd
 .text.RCC_APB1PeriphClockCmd
                0x080045b8       0x1c /home/jonathan/workspace/st_mini_stdperiph_lib/Release/libst_mini_stdperiph_lib.a(stm32f10x_rcc.o)
                0x080045b8                RCC_APB1PeriphClockCmd
 .text.RCC_APB2PeriphResetCmd
                0x080045d4       0x1c /home/jonathan/workspace/st_mini_stdperiph_lib/Release/libst_mini_stdperiph_lib.a(stm32f10x_rcc.o)
                0x080045d4                RCC_APB2PeriphResetCmd
 .text.RCC_APB1PeriphResetCmd
                0x080045f0       0x1c /home/jonathan/workspace/st_mini_stdperiph_lib/Release/libst_mini_stdperiph_lib.a(stm32f10x_rcc.o)
                0x080045f0                RCC_APB1PeriphResetCmd
 .text.SPI_I2S_DeInit
                0x0800460c       0x6c /home/jonathan/workspace/st_mini_stdperiph_lib/Release/libst_mini_stdperiph_lib.a(stm32f10x_spi.o)
                0x0800460c                SPI_I2S_DeInit
 .text.SPI_Init
                0x08004678       0x40 /home/jonathan/workspace/st_mini_stdperiph_lib/Release/libst_mini_stdperiph_lib.a(stm32f10x_spi.o)
                0x08004678                SPI_Init
 .text.SPI_Cmd  0x080046b8       0x1c /home/jonathan/workspace/st_mini_stdperiph_lib/Release/libst_mini_stdperiph_lib.a(stm32f10x_spi.o)
                0x080046b8                SPI_Cmd
 .text.SPI_I2S_SendData
                0x080046d4        0x4 /home/jonathan/workspace/st_mini_stdperiph_lib/Release/libst_mini_stdperiph_lib.a(stm32f10x_spi.o)
                0x080046d4                SPI_I2S_SendData
 .text.SPI_I2S_GetFlagStatus
                0x080046d8        0xc /home/jonathan/workspace/st_mini_stdperiph_lib/Release/libst_mini_stdperiph_lib.a(stm32f10x_spi.o)
                0x080046d8                SPI_I2S_GetFlagStatus
 .text.USART_Init
                0x080046e4       0xbc /home/jonathan/workspace/st_mini_stdperiph_lib/Release/libst_mini_stdperiph_lib.a(stm32f10x_usart.o)
                0x080046e4                USART_Init
 .text.USART_StructInit
                0x080047a0       0x18 /home/jonathan/workspace/st_mini_stdperiph_lib/Release/libst_mini_stdperiph_lib.a(stm32f10x_usart.o)
                0x080047a0                USART_StructInit
 .text.USART_Cmd
                0x080047b8       0x1c /home/jonathan/workspace/st_mini_stdperiph_lib/Release/libst_mini_stdperiph_lib.a(stm32f10x_usart.o)
                0x080047b8                USART_Cmd
 .text.USART_ITConfig
                0x080047d4       0x38 /home/jonathan/workspace/st_mini_stdperiph_lib/Release/libst_mini_stdperiph_lib.a(stm32f10x_usart.o)
                0x080047d4                USART_ITConfig
 .text.USART_SendData
                0x0800480c        0x8 /home/jonathan/workspace/st_mini_stdperiph_lib/Release/libst_mini_stdperiph_lib.a(stm32f10x_usart.o)
                0x0800480c                USART_SendData
 .text.USART_GetITStatus
                0x08004814       0x48 /home/jonathan/workspace/st_mini_stdperiph_lib/Release/libst_mini_stdperiph_lib.a(stm32f10x_usart.o)
                0x08004814                USART_GetITStatus
 .text.__errno  0x0800485c        0xc /home/jonathan/Ac6/SystemWorkbench/plugins/fr.ac6.mcu.externaltools.arm-none.linux64_1.12.0.201611241417/tools/compiler/bin/../lib/gcc/arm-none-eabi/5.4.1/../../../../arm-none-eabi/lib/armv7-m/libc.a(lib_a-errno.o)
                0x0800485c                __errno
 .text.memset   0x08004868       0x9c /home/jonathan/Ac6/SystemWorkbench/plugins/fr.ac6.mcu.externaltools.arm-none.linux64_1.12.0.201611241417/tools/compiler/bin/../lib/gcc/arm-none-eabi/5.4.1/../../../../arm-none-eabi/lib/armv7-m/libc.a(lib_a-memset.o)
                0x08004868                memset
 .text.sprintf  0x08004904       0x4c /home/jonathan/Ac6/SystemWorkbench/plugins/fr.ac6.mcu.externaltools.arm-none.linux64_1.12.0.201611241417/tools/compiler/bin/../lib/gcc/arm-none-eabi/5.4.1/../../../../arm-none-eabi/lib/armv7-m/libc.a(lib_a-sprintf.o)
                0x08004904                sprintf
 .text.strlen   0x08004950       0x5c /home/jonathan/Ac6/SystemWorkbench/plugins/fr.ac6.mcu.externaltools.arm-none.linux64_1.12.0.201611241417/tools/compiler/bin/../lib/gcc/arm-none-eabi/5.4.1/../../../../arm-none-eabi/lib/armv7-m/libc.a(lib_a-strlen-stub.o)
                0x08004950                strlen
 .text._svfprintf_r
                0x080049ac     0x175c /home/jonathan/Ac6/SystemWorkbench/plugins/fr.ac6.mcu.externaltools.arm-none.linux64_1.12.0.201611241417/tools/compiler/bin/../lib/gcc/arm-none-eabi/5.4.1/../../../../arm-none-eabi/lib/armv7-m/libc.a(lib_a-svfprintf.o)
                0x080049ac                _svfprintf_r
 .text.startup.register_fini
                0x08006108       0x14 /home/jonathan/Ac6/SystemWorkbench/plugins/fr.ac6.mcu.externaltools.arm-none.linux64_1.12.0.201611241417/tools/compiler/bin/../lib/gcc/arm-none-eabi/5.4.1/../../../../arm-none-eabi/lib/armv7-m/libc.a(lib_a-__call_atexit.o)
 .text.atexit   0x0800611c        0xc /home/jonathan/Ac6/SystemWorkbench/plugins/fr.ac6.mcu.externaltools.arm-none.linux64_1.12.0.201611241417/tools/compiler/bin/../lib/gcc/arm-none-eabi/5.4.1/../../../../arm-none-eabi/lib/armv7-m/libc.a(lib_a-atexit.o)
                0x0800611c                atexit
 .text.quorem   0x08006128      0x12c /home/jonathan/Ac6/SystemWorkbench/plugins/fr.ac6.mcu.externaltools.arm-none.linux64_1.12.0.201611241417/tools/compiler/bin/../lib/gcc/arm-none-eabi/5.4.1/../../../../arm-none-eabi/lib/armv7-m/libc.a(lib_a-dtoa.o)
 *fill*         0x08006254        0x4 
 .text._dtoa_r  0x08006258      0xe4c /home/jonathan/Ac6/SystemWorkbench/plugins/fr.ac6.mcu.externaltools.arm-none.linux64_1.12.0.201611241417/tools/compiler/bin/../lib/gcc/arm-none-eabi/5.4.1/../../../../arm-none-eabi/lib/armv7-m/libc.a(lib_a-dtoa.o)
                0x08006258                _dtoa_r
 .text.__libc_fini_array
                0x080070a4       0x28 /home/jonathan/Ac6/SystemWorkbench/plugins/fr.ac6.mcu.externaltools.arm-none.linux64_1.12.0.201611241417/tools/compiler/bin/../lib/gcc/arm-none-eabi/5.4.1/../../../../arm-none-eabi/lib/armv7-m/libc.a(lib_a-fini.o)
                0x080070a4                __libc_fini_array
 .text._localeconv_r
                0x080070cc        0x8 /home/jonathan/Ac6/SystemWorkbench/plugins/fr.ac6.mcu.externaltools.arm-none.linux64_1.12.0.201611241417/tools/compiler/bin/../lib/gcc/arm-none-eabi/5.4.1/../../../../arm-none-eabi/lib/armv7-m/libc.a(lib_a-locale.o)
                0x080070cc                _localeconv_r
 .text._malloc_r
                0x080070d4      0x558 /home/jonathan/Ac6/SystemWorkbench/plugins/fr.ac6.mcu.externaltools.arm-none.linux64_1.12.0.201611241417/tools/compiler/bin/../lib/gcc/arm-none-eabi/5.4.1/../../../../arm-none-eabi/lib/armv7-m/libc.a(lib_a-mallocr.o)
                0x080070d4                _malloc_r
 .text.memchr   0x0800762c       0x8c /home/jonathan/Ac6/SystemWorkbench/plugins/fr.ac6.mcu.externaltools.arm-none.linux64_1.12.0.201611241417/tools/compiler/bin/../lib/gcc/arm-none-eabi/5.4.1/../../../../arm-none-eabi/lib/armv7-m/libc.a(lib_a-memchr-stub.o)
                0x0800762c                memchr
 .text.__malloc_lock
                0x080076b8        0x4 /home/jonathan/Ac6/SystemWorkbench/plugins/fr.ac6.mcu.externaltools.arm-none.linux64_1.12.0.201611241417/tools/compiler/bin/../lib/gcc/arm-none-eabi/5.4.1/../../../../arm-none-eabi/lib/armv7-m/libc.a(lib_a-mlock.o)
                0x080076b8                __malloc_lock
 .text.__malloc_unlock
                0x080076bc        0x4 /home/jonathan/Ac6/SystemWorkbench/plugins/fr.ac6.mcu.externaltools.arm-none.linux64_1.12.0.201611241417/tools/compiler/bin/../lib/gcc/arm-none-eabi/5.4.1/../../../../arm-none-eabi/lib/armv7-m/libc.a(lib_a-mlock.o)
                0x080076bc                __malloc_unlock
 .text._Balloc  0x080076c0       0x50 /home/jonathan/Ac6/SystemWorkbench/plugins/fr.ac6.mcu.externaltools.arm-none.linux64_1.12.0.201611241417/tools/compiler/bin/../lib/gcc/arm-none-eabi/5.4.1/../../../../arm-none-eabi/lib/armv7-m/libc.a(lib_a-mprec.o)
                0x080076c0                _Balloc
 .text._Bfree   0x08007710       0x14 /home/jonathan/Ac6/SystemWorkbench/plugins/fr.ac6.mcu.externaltools.arm-none.linux64_1.12.0.201611241417/tools/compiler/bin/../lib/gcc/arm-none-eabi/5.4.1/../../../../arm-none-eabi/lib/armv7-m/libc.a(lib_a-mprec.o)
                0x08007710                _Bfree
 .text.__multadd
                0x08007724       0x80 /home/jonathan/Ac6/SystemWorkbench/plugins/fr.ac6.mcu.externaltools.arm-none.linux64_1.12.0.201611241417/tools/compiler/bin/../lib/gcc/arm-none-eabi/5.4.1/../../../../arm-none-eabi/lib/armv7-m/libc.a(lib_a-mprec.o)
                0x08007724                __multadd
 .text.__hi0bits
                0x080077a4       0x40 /home/jonathan/Ac6/SystemWorkbench/plugins/fr.ac6.mcu.externaltools.arm-none.linux64_1.12.0.201611241417/tools/compiler/bin/../lib/gcc/arm-none-eabi/5.4.1/../../../../arm-none-eabi/lib/armv7-m/libc.a(lib_a-mprec.o)
                0x080077a4                __hi0bits
 .text.__lo0bits
                0x080077e4       0x5c /home/jonathan/Ac6/SystemWorkbench/plugins/fr.ac6.mcu.externaltools.arm-none.linux64_1.12.0.201611241417/tools/compiler/bin/../lib/gcc/arm-none-eabi/5.4.1/../../../../arm-none-eabi/lib/armv7-m/libc.a(lib_a-mprec.o)
                0x080077e4                __lo0bits
 .text.__i2b    0x08007840       0x14 /home/jonathan/Ac6/SystemWorkbench/plugins/fr.ac6.mcu.externaltools.arm-none.linux64_1.12.0.201611241417/tools/compiler/bin/../lib/gcc/arm-none-eabi/5.4.1/../../../../arm-none-eabi/lib/armv7-m/libc.a(lib_a-mprec.o)
                0x08007840                __i2b
 .text.__multiply
                0x08007854      0x13c /home/jonathan/Ac6/SystemWorkbench/plugins/fr.ac6.mcu.externaltools.arm-none.linux64_1.12.0.201611241417/tools/compiler/bin/../lib/gcc/arm-none-eabi/5.4.1/../../../../arm-none-eabi/lib/armv7-m/libc.a(lib_a-mprec.o)
                0x08007854                __multiply
 .text.__pow5mult
                0x08007990       0xa0 /home/jonathan/Ac6/SystemWorkbench/plugins/fr.ac6.mcu.externaltools.arm-none.linux64_1.12.0.201611241417/tools/compiler/bin/../lib/gcc/arm-none-eabi/5.4.1/../../../../arm-none-eabi/lib/armv7-m/libc.a(lib_a-mprec.o)
                0x08007990                __pow5mult
 .text.__lshift
                0x08007a30       0xac /home/jonathan/Ac6/SystemWorkbench/plugins/fr.ac6.mcu.externaltools.arm-none.linux64_1.12.0.201611241417/tools/compiler/bin/../lib/gcc/arm-none-eabi/5.4.1/../../../../arm-none-eabi/lib/armv7-m/libc.a(lib_a-mprec.o)
                0x08007a30                __lshift
 .text.__mcmp   0x08007adc       0x40 /home/jonathan/Ac6/SystemWorkbench/plugins/fr.ac6.mcu.externaltools.arm-none.linux64_1.12.0.201611241417/tools/compiler/bin/../lib/gcc/arm-none-eabi/5.4.1/../../../../arm-none-eabi/lib/armv7-m/libc.a(lib_a-mprec.o)
                0x08007adc                __mcmp
 .text.__mdiff  0x08007b1c      0x128 /home/jonathan/Ac6/SystemWorkbench/plugins/fr.ac6.mcu.externaltools.arm-none.linux64_1.12.0.201611241417/tools/compiler/bin/../lib/gcc/arm-none-eabi/5.4.1/../../../../arm-none-eabi/lib/armv7-m/libc.a(lib_a-mprec.o)
                0x08007b1c                __mdiff
 .text.__d2b    0x08007c44       0xa8 /home/jonathan/Ac6/SystemWorkbench/plugins/fr.ac6.mcu.externaltools.arm-none.linux64_1.12.0.201611241417/tools/compiler/bin/../lib/gcc/arm-none-eabi/5.4.1/../../../../arm-none-eabi/lib/armv7-m/libc.a(lib_a-mprec.o)
                0x08007c44                __d2b
 .text._sbrk_r  0x08007cec       0x24 /home/jonathan/Ac6/SystemWorkbench/plugins/fr.ac6.mcu.externaltools.arm-none.linux64_1.12.0.201611241417/tools/compiler/bin/../lib/gcc/arm-none-eabi/5.4.1/../../../../arm-none-eabi/lib/armv7-m/libc.a(lib_a-sbrkr.o)
                0x08007cec                _sbrk_r
 .text.__ssprint_r
                0x08007d10      0x100 /home/jonathan/Ac6/SystemWorkbench/plugins/fr.ac6.mcu.externaltools.arm-none.linux64_1.12.0.201611241417/tools/compiler/bin/../lib/gcc/arm-none-eabi/5.4.1/../../../../arm-none-eabi/lib/armv7-m/libc.a(lib_a-svfiprintf.o)
                0x08007d10                __ssprint_r
 .text.__register_exitproc
                0x08007e10       0xa4 /home/jonathan/Ac6/SystemWorkbench/plugins/fr.ac6.mcu.externaltools.arm-none.linux64_1.12.0.201611241417/tools/compiler/bin/../lib/gcc/arm-none-eabi/5.4.1/../../../../arm-none-eabi/lib/armv7-m/libc.a(lib_a-__atexit.o)
                0x08007e10                __register_exitproc
 .text._calloc_r
                0x08007eb4       0x60 /home/jonathan/Ac6/SystemWorkbench/plugins/fr.ac6.mcu.externaltools.arm-none.linux64_1.12.0.201611241417/tools/compiler/bin/../lib/gcc/arm-none-eabi/5.4.1/../../../../arm-none-eabi/lib/armv7-m/libc.a(lib_a-callocr.o)
                0x08007eb4                _calloc_r
 .text._malloc_trim_r
                0x08007f14       0x9c /home/jonathan/Ac6/SystemWorkbench/plugins/fr.ac6.mcu.externaltools.arm-none.linux64_1.12.0.201611241417/tools/compiler/bin/../lib/gcc/arm-none-eabi/5.4.1/../../../../arm-none-eabi/lib/armv7-m/libc.a(lib_a-freer.o)
                0x08007f14                _malloc_trim_r
 .text._free_r  0x08007fb0      0x1d0 /home/jonathan/Ac6/SystemWorkbench/plugins/fr.ac6.mcu.externaltools.arm-none.linux64_1.12.0.201611241417/tools/compiler/bin/../lib/gcc/arm-none-eabi/5.4.1/../../../../arm-none-eabi/lib/armv7-m/libc.a(lib_a-freer.o)
                0x08007fb0                _free_r
 .text.memmove  0x08008180       0xc8 /home/jonathan/Ac6/SystemWorkbench/plugins/fr.ac6.mcu.externaltools.arm-none.linux64_1.12.0.201611241417/tools/compiler/bin/../lib/gcc/arm-none-eabi/5.4.1/../../../../arm-none-eabi/lib/armv7-m/libc.a(lib_a-memmove.o)
                0x08008180                memmove
 .text._realloc_r
                0x08008248      0x3d4 /home/jonathan/Ac6/SystemWorkbench/plugins/fr.ac6.mcu.externaltools.arm-none.linux64_1.12.0.201611241417/tools/compiler/bin/../lib/gcc/arm-none-eabi/5.4.1/../../../../arm-none-eabi/lib/armv7-m/libc.a(lib_a-reallocr.o)
                0x08008248                _realloc_r
 *(.glue_7)
 .glue_7        0x0800861c        0x0 linker stubs
 *(.glue_7t)
 .glue_7t       0x0800861c        0x0 linker stubs
 *(.eh_frame)
 .eh_frame      0x0800861c        0x0 /home/jonathan/Ac6/SystemWorkbench/plugins/fr.ac6.mcu.externaltools.arm-none.linux64_1.12.0.201611241417/tools/compiler/bin/../lib/gcc/arm-none-eabi/5.4.1/armv7-m/crtbegin.o
 *(.init)
 .init          0x0800861c        0x4 /home/jonathan/Ac6/SystemWorkbench/plugins/fr.ac6.mcu.externaltools.arm-none.linux64_1.12.0.201611241417/tools/compiler/bin/../lib/gcc/arm-none-eabi/5.4.1/armv7-m/crti.o
                0x0800861c                _init
 .init          0x08008620        0x8 /home/jonathan/Ac6/SystemWorkbench/plugins/fr.ac6.mcu.externaltools.arm-none.linux64_1.12.0.201611241417/tools/compiler/bin/../lib/gcc/arm-none-eabi/5.4.1/armv7-m/crtn.o
 *(.fini)
 .fini          0x08008628        0x4 /home/jonathan/Ac6/SystemWorkbench/plugins/fr.ac6.mcu.externaltools.arm-none.linux64_1.12.0.201611241417/tools/compiler/bin/../lib/gcc/arm-none-eabi/5.4.1/armv7-m/crti.o
                0x08008628                _fini
 .fini          0x0800862c        0x8 /home/jonathan/Ac6/SystemWorkbench/plugins/fr.ac6.mcu.externaltools.arm-none.linux64_1.12.0.201611241417/tools/compiler/bin/../lib/gcc/arm-none-eabi/5.4.1/armv7-m/crtn.o
                0x08008634                . = ALIGN (0x4)
                0x08008634                _etext = .

.vfp11_veneer   0x08008634        0x0
 .vfp11_veneer  0x08008634        0x0 linker stubs

.v4_bx          0x08008634        0x0
 .v4_bx         0x08008634        0x0 linker stubs

.iplt           0x08008634        0x0
 .iplt          0x08008634        0x0 /home/jonathan/Ac6/SystemWorkbench/plugins/fr.ac6.mcu.externaltools.arm-none.linux64_1.12.0.201611241417/tools/compiler/bin/../lib/gcc/arm-none-eabi/5.4.1/armv7-m/crtbegin.o

.rodata         0x08008638      0x414
                0x08008638                . = ALIGN (0x4)
 *(.rodata)
 .rodata        0x08008638      0x22c src/GFXC.o
                0x08008820                ST
 *(.rodata*)
 .rodata.str1.4
                0x08008864       0x1d src/DMA.o
 *fill*         0x08008881        0x3 
 .rodata.str1.4
                0x08008884       0x43 src/main.o
 *fill*         0x080088c7        0x1 
 .rodata.str1.4
                0x080088c8        0x2 /home/jonathan/Ac6/SystemWorkbench/plugins/fr.ac6.mcu.externaltools.arm-none.linux64_1.12.0.201611241417/tools/compiler/bin/../lib/gcc/arm-none-eabi/5.4.1/../../../../arm-none-eabi/lib/armv7-m/libc.a(lib_a-impure.o)
 *fill*         0x080088ca        0x2 
 .rodata._global_impure_ptr
                0x080088cc        0x4 /home/jonathan/Ac6/SystemWorkbench/plugins/fr.ac6.mcu.externaltools.arm-none.linux64_1.12.0.201611241417/tools/compiler/bin/../lib/gcc/arm-none-eabi/5.4.1/../../../../arm-none-eabi/lib/armv7-m/libc.a(lib_a-impure.o)
                0x080088cc                _global_impure_ptr
 .rodata.blanks.7055
                0x080088d0       0x10 /home/jonathan/Ac6/SystemWorkbench/plugins/fr.ac6.mcu.externaltools.arm-none.linux64_1.12.0.201611241417/tools/compiler/bin/../lib/gcc/arm-none-eabi/5.4.1/../../../../arm-none-eabi/lib/armv7-m/libc.a(lib_a-svfprintf.o)
 .rodata.str1.4
                0x080088e0       0x42 /home/jonathan/Ac6/SystemWorkbench/plugins/fr.ac6.mcu.externaltools.arm-none.linux64_1.12.0.201611241417/tools/compiler/bin/../lib/gcc/arm-none-eabi/5.4.1/../../../../arm-none-eabi/lib/armv7-m/libc.a(lib_a-svfprintf.o)
 *fill*         0x08008922        0x2 
 .rodata.zeroes.7056
                0x08008924       0x10 /home/jonathan/Ac6/SystemWorkbench/plugins/fr.ac6.mcu.externaltools.arm-none.linux64_1.12.0.201611241417/tools/compiler/bin/../lib/gcc/arm-none-eabi/5.4.1/../../../../arm-none-eabi/lib/armv7-m/libc.a(lib_a-svfprintf.o)
 .rodata.str1.4
                0x08008934       0x10 /home/jonathan/Ac6/SystemWorkbench/plugins/fr.ac6.mcu.externaltools.arm-none.linux64_1.12.0.201611241417/tools/compiler/bin/../lib/gcc/arm-none-eabi/5.4.1/../../../../arm-none-eabi/lib/armv7-m/libc.a(lib_a-dtoa.o)
                                 0x12 (size before relaxing)
 .rodata.str1.4
                0x08008944        0xc /home/jonathan/Ac6/SystemWorkbench/plugins/fr.ac6.mcu.externaltools.arm-none.linux64_1.12.0.201611241417/tools/compiler/bin/../lib/gcc/arm-none-eabi/5.4.1/../../../../arm-none-eabi/lib/armv7-m/libc.a(lib_a-locale.o)
                                 0x12 (size before relaxing)
 .rodata.__mprec_tens
                0x08008950       0xc8 /home/jonathan/Ac6/SystemWorkbench/plugins/fr.ac6.mcu.externaltools.arm-none.linux64_1.12.0.201611241417/tools/compiler/bin/../lib/gcc/arm-none-eabi/5.4.1/../../../../arm-none-eabi/lib/armv7-m/libc.a(lib_a-mprec.o)
                0x08008950                __mprec_tens
 .rodata.__mprec_bigtens
                0x08008a18       0x28 /home/jonathan/Ac6/SystemWorkbench/plugins/fr.ac6.mcu.externaltools.arm-none.linux64_1.12.0.201611241417/tools/compiler/bin/../lib/gcc/arm-none-eabi/5.4.1/../../../../arm-none-eabi/lib/armv7-m/libc.a(lib_a-mprec.o)
                0x08008a18                __mprec_bigtens
 .rodata.p05.5396
                0x08008a40        0xc /home/jonathan/Ac6/SystemWorkbench/plugins/fr.ac6.mcu.externaltools.arm-none.linux64_1.12.0.201611241417/tools/compiler/bin/../lib/gcc/arm-none-eabi/5.4.1/../../../../arm-none-eabi/lib/armv7-m/libc.a(lib_a-mprec.o)
                0x08008a4c                . = ALIGN (0x4)

.ARM.extab      0x08008a4c        0x0
                0x08008a4c                . = ALIGN (0x4)
 *(.ARM.extab* .gnu.linkonce.armextab.*)
                0x08008a4c                . = ALIGN (0x4)

.ARM            0x08008a4c        0x8
                0x08008a4c                . = ALIGN (0x4)
                0x08008a4c                __exidx_start = .
 *(.ARM.exidx*)
 .ARM.exidx     0x08008a4c        0x8 /home/jonathan/Ac6/SystemWorkbench/plugins/fr.ac6.mcu.externaltools.arm-none.linux64_1.12.0.201611241417/tools/compiler/bin/../lib/gcc/arm-none-eabi/5.4.1/armv7-m/libgcc.a(_udivmoddi4.o)
                0x08008a54                __exidx_end = .
                0x08008a54                . = ALIGN (0x4)

.rel.dyn        0x08008a54        0x0
 .rel.iplt      0x08008a54        0x0 /home/jonathan/Ac6/SystemWorkbench/plugins/fr.ac6.mcu.externaltools.arm-none.linux64_1.12.0.201611241417/tools/compiler/bin/../lib/gcc/arm-none-eabi/5.4.1/armv7-m/crtbegin.o

.preinit_array  0x08008a54        0x0
                0x08008a54                . = ALIGN (0x4)
                0x08008a54                PROVIDE (__preinit_array_start, .)
 *(.preinit_array*)
                0x08008a54                PROVIDE (__preinit_array_end, .)
                0x08008a54                . = ALIGN (0x4)

.init_array     0x08008a54        0x8
                0x08008a54                . = ALIGN (0x4)
                0x08008a54                PROVIDE (__init_array_start, .)
 *(SORT(.init_array.*))
 .init_array.00000
                0x08008a54        0x4 /home/jonathan/Ac6/SystemWorkbench/plugins/fr.ac6.mcu.externaltools.arm-none.linux64_1.12.0.201611241417/tools/compiler/bin/../lib/gcc/arm-none-eabi/5.4.1/../../../../arm-none-eabi/lib/armv7-m/libc.a(lib_a-__call_atexit.o)
 *(.init_array*)
 .init_array    0x08008a58        0x4 /home/jonathan/Ac6/SystemWorkbench/plugins/fr.ac6.mcu.externaltools.arm-none.linux64_1.12.0.201611241417/tools/compiler/bin/../lib/gcc/arm-none-eabi/5.4.1/armv7-m/crtbegin.o
                0x08008a5c                PROVIDE (__init_array_end, .)
                0x08008a5c                . = ALIGN (0x4)

.fini_array     0x08008a5c        0x4
                0x08008a5c                . = ALIGN (0x4)
                0x08008a5c                PROVIDE (__fini_array_start, .)
 *(SORT(.fini_array.*))
 *(.fini_array*)
 .fini_array    0x08008a5c        0x4 /home/jonathan/Ac6/SystemWorkbench/plugins/fr.ac6.mcu.externaltools.arm-none.linux64_1.12.0.201611241417/tools/compiler/bin/../lib/gcc/arm-none-eabi/5.4.1/armv7-m/crtbegin.o
                0x08008a60                PROVIDE (__fini_array_end, .)
                0x08008a60                . = ALIGN (0x4)
                0x08008a60                _sidata = LOADADDR (.data)

.data           0x20000000      0x8a4 load address 0x08008a60
                0x20000000                . = ALIGN (0x4)
                0x20000000                _sdata = .
 *(.data)
 .data          0x20000000        0x4 src/ILI9163.o
                0x20000000                XPix
                0x20000002                YPix
 .data          0x20000004        0x1 src/LCD_I2C.o
                0x20000004                backlightState
 *fill*         0x20000005        0x3 
 .data          0x20000008       0x14 src/system_stm32f10x.o
                0x20000008                AHBPrescTable
                0x20000018                SystemCoreClock
 .data          0x2000001c       0x14 /home/jonathan/workspace/st_mini_stdperiph_lib/Release/libst_mini_stdperiph_lib.a(stm32f10x_rcc.o)
 *(.data*)
 .data.impure_data
                0x20000030      0x428 /home/jonathan/Ac6/SystemWorkbench/plugins/fr.ac6.mcu.externaltools.arm-none.linux64_1.12.0.201611241417/tools/compiler/bin/../lib/gcc/arm-none-eabi/5.4.1/../../../../arm-none-eabi/lib/armv7-m/libc.a(lib_a-impure.o)
 .data._impure_ptr
                0x20000458        0x4 /home/jonathan/Ac6/SystemWorkbench/plugins/fr.ac6.mcu.externaltools.arm-none.linux64_1.12.0.201611241417/tools/compiler/bin/../lib/gcc/arm-none-eabi/5.4.1/../../../../arm-none-eabi/lib/armv7-m/libc.a(lib_a-impure.o)
                0x20000458                _impure_ptr
 .data.lconv    0x2000045c       0x38 /home/jonathan/Ac6/SystemWorkbench/plugins/fr.ac6.mcu.externaltools.arm-none.linux64_1.12.0.201611241417/tools/compiler/bin/../lib/gcc/arm-none-eabi/5.4.1/../../../../arm-none-eabi/lib/armv7-m/libc.a(lib_a-locale.o)
 .data.__malloc_av_
                0x20000494      0x408 /home/jonathan/Ac6/SystemWorkbench/plugins/fr.ac6.mcu.externaltools.arm-none.linux64_1.12.0.201611241417/tools/compiler/bin/../lib/gcc/arm-none-eabi/5.4.1/../../../../arm-none-eabi/lib/armv7-m/libc.a(lib_a-mallocr.o)
                0x20000494                __malloc_av_
 .data.__malloc_trim_threshold
                0x2000089c        0x4 /home/jonathan/Ac6/SystemWorkbench/plugins/fr.ac6.mcu.externaltools.arm-none.linux64_1.12.0.201611241417/tools/compiler/bin/../lib/gcc/arm-none-eabi/5.4.1/../../../../arm-none-eabi/lib/armv7-m/libc.a(lib_a-mallocr.o)
                0x2000089c                __malloc_trim_threshold
 .data.__malloc_sbrk_base
                0x200008a0        0x4 /home/jonathan/Ac6/SystemWorkbench/plugins/fr.ac6.mcu.externaltools.arm-none.linux64_1.12.0.201611241417/tools/compiler/bin/../lib/gcc/arm-none-eabi/5.4.1/../../../../arm-none-eabi/lib/armv7-m/libc.a(lib_a-mallocr.o)
                0x200008a0                __malloc_sbrk_base
                0x200008a4                . = ALIGN (0x4)
                0x200008a4                _edata = .

.jcr            0x200008a4        0x0 load address 0x08009304
 .jcr           0x200008a4        0x0 /home/jonathan/Ac6/SystemWorkbench/plugins/fr.ac6.mcu.externaltools.arm-none.linux64_1.12.0.201611241417/tools/compiler/bin/../lib/gcc/arm-none-eabi/5.4.1/armv7-m/crtbegin.o

.igot.plt       0x200008a4        0x0 load address 0x08009304
 .igot.plt      0x200008a4        0x0 /home/jonathan/Ac6/SystemWorkbench/plugins/fr.ac6.mcu.externaltools.arm-none.linux64_1.12.0.201611241417/tools/compiler/bin/../lib/gcc/arm-none-eabi/5.4.1/armv7-m/crtbegin.o
                0x200008a4                . = ALIGN (0x4)

.bss            0x200008a4       0x98 load address 0x08009304
                0x200008a4                _sbss = .
                0x200008a4                __bss_start__ = _sbss
 *(.bss)
 .bss           0x200008a4       0x1c /home/jonathan/Ac6/SystemWorkbench/plugins/fr.ac6.mcu.externaltools.arm-none.linux64_1.12.0.201611241417/tools/compiler/bin/../lib/gcc/arm-none-eabi/5.4.1/armv7-m/crtbegin.o
 .bss           0x200008c0       0x1c src/ILI9163.o
 .bss           0x200008dc       0x10 src/main.o
                0x200008dc                FlagInterruptUart
                0x200008e0                DadosBuffUart
                0x200008e2                FlagInterruptADC
                0x200008e4                DadosBuffADC
                0x200008e8                MSec
 .bss           0x200008ec        0x4 src/stm32f10x_it.o
                0x200008ec                FlagInterruptSystick
 .bss           0x200008f0        0x8 src/syscalls.o
                0x200008f4                __env
 *(.bss*)
 .bss.__malloc_max_total_mem
                0x200008f8        0x4 /home/jonathan/Ac6/SystemWorkbench/plugins/fr.ac6.mcu.externaltools.arm-none.linux64_1.12.0.201611241417/tools/compiler/bin/../lib/gcc/arm-none-eabi/5.4.1/../../../../arm-none-eabi/lib/armv7-m/libc.a(lib_a-mallocr.o)
                0x200008f8                __malloc_max_total_mem
 .bss.__malloc_max_sbrked_mem
                0x200008fc        0x4 /home/jonathan/Ac6/SystemWorkbench/plugins/fr.ac6.mcu.externaltools.arm-none.linux64_1.12.0.201611241417/tools/compiler/bin/../lib/gcc/arm-none-eabi/5.4.1/../../../../arm-none-eabi/lib/armv7-m/libc.a(lib_a-mallocr.o)
                0x200008fc                __malloc_max_sbrked_mem
 .bss.__malloc_top_pad
                0x20000900        0x4 /home/jonathan/Ac6/SystemWorkbench/plugins/fr.ac6.mcu.externaltools.arm-none.linux64_1.12.0.201611241417/tools/compiler/bin/../lib/gcc/arm-none-eabi/5.4.1/../../../../arm-none-eabi/lib/armv7-m/libc.a(lib_a-mallocr.o)
                0x20000900                __malloc_top_pad
 .bss.__malloc_current_mallinfo
                0x20000904       0x28 /home/jonathan/Ac6/SystemWorkbench/plugins/fr.ac6.mcu.externaltools.arm-none.linux64_1.12.0.201611241417/tools/compiler/bin/../lib/gcc/arm-none-eabi/5.4.1/../../../../arm-none-eabi/lib/armv7-m/libc.a(lib_a-mallocr.o)
                0x20000904                __malloc_current_mallinfo
 *(COMMON)
 COMMON         0x2000092c        0x2 src/ILI9163.o
                0x2000092c                DataSPI
 *fill*         0x2000092e        0x2 
 COMMON         0x20000930        0x5 src/main.o
                0x20000930                DadoADCConvertido
 *fill*         0x20000935        0x3 
 COMMON         0x20000938        0x4 /home/jonathan/Ac6/SystemWorkbench/plugins/fr.ac6.mcu.externaltools.arm-none.linux64_1.12.0.201611241417/tools/compiler/bin/../lib/gcc/arm-none-eabi/5.4.1/../../../../arm-none-eabi/lib/armv7-m/libc.a(lib_a-reent.o)
                0x20000938                errno
                0x2000093c                . = ALIGN (0x4)
                0x2000093c                _ebss = .
                0x2000093c                __bss_end__ = _ebss

._user_heap_stack
                0x2000093c      0x404 load address 0x08009304
                0x20000940                . = ALIGN (0x8)
 *fill*         0x2000093c        0x4 
                0x20000940                PROVIDE (end, .)
                [!provide]                PROVIDE (_end, .)
                0x20000940                . = (. + _Min_Heap_Size)
                0x20000d40                . = (. + _Min_Stack_Size)
 *fill*         0x20000940      0x400 
                0x20000d40                . = ALIGN (0x8)

/DISCARD/
 libc.a(*)
 libm.a(*)
 libgcc.a(*)

.ARM.attributes
                0x00000000       0x29
 *(.ARM.attributes)
 .ARM.attributes
                0x00000000       0x1d /home/jonathan/Ac6/SystemWorkbench/plugins/fr.ac6.mcu.externaltools.arm-none.linux64_1.12.0.201611241417/tools/compiler/bin/../lib/gcc/arm-none-eabi/5.4.1/armv7-m/crti.o
 .ARM.attributes
                0x0000001d       0x2d /home/jonathan/Ac6/SystemWorkbench/plugins/fr.ac6.mcu.externaltools.arm-none.linux64_1.12.0.201611241417/tools/compiler/bin/../lib/gcc/arm-none-eabi/5.4.1/armv7-m/crtbegin.o
 .ARM.attributes
                0x0000004a       0x21 startup/startup_stm32f10x_md.o
 .ARM.attributes
                0x0000006b       0x33 src/ADC.o
 .ARM.attributes
                0x0000009e       0x33 src/DMA.o
 .ARM.attributes
                0x000000d1       0x33 src/GFXC.o
 .ARM.attributes
                0x00000104       0x33 src/GPIO.o
 .ARM.attributes
                0x00000137       0x33 src/ILI9163.o
 .ARM.attributes
                0x0000016a       0x33 src/LCD_I2C.o
 .ARM.attributes
                0x0000019d       0x33 src/NVIC.o
 .ARM.attributes
                0x000001d0       0x33 src/RCC.o
 .ARM.attributes
                0x00000203       0x33 src/UART.o
 .ARM.attributes
                0x00000236       0x33 src/main.o
 .ARM.attributes
                0x00000269       0x33 src/stm32f10x_it.o
 .ARM.attributes
                0x0000029c       0x33 src/syscalls.o
 .ARM.attributes
                0x000002cf       0x33 src/system_stm32f10x.o
 .ARM.attributes
                0x00000302       0x33 /home/jonathan/workspace/st_mini_stdperiph_lib/Release/libst_mini_stdperiph_lib.a(misc.o)
 .ARM.attributes
                0x00000335       0x33 /home/jonathan/workspace/st_mini_stdperiph_lib/Release/libst_mini_stdperiph_lib.a(stm32f10x_adc.o)
 .ARM.attributes
                0x00000368       0x33 /home/jonathan/workspace/st_mini_stdperiph_lib/Release/libst_mini_stdperiph_lib.a(stm32f10x_dma.o)
 .ARM.attributes
                0x0000039b       0x33 /home/jonathan/workspace/st_mini_stdperiph_lib/Release/libst_mini_stdperiph_lib.a(stm32f10x_gpio.o)
 .ARM.attributes
                0x000003ce       0x33 /home/jonathan/workspace/st_mini_stdperiph_lib/Release/libst_mini_stdperiph_lib.a(stm32f10x_i2c.o)
 .ARM.attributes
                0x00000401       0x33 /home/jonathan/workspace/st_mini_stdperiph_lib/Release/libst_mini_stdperiph_lib.a(stm32f10x_rcc.o)
 .ARM.attributes
                0x00000434       0x33 /home/jonathan/workspace/st_mini_stdperiph_lib/Release/libst_mini_stdperiph_lib.a(stm32f10x_spi.o)
 .ARM.attributes
                0x00000467       0x33 /home/jonathan/workspace/st_mini_stdperiph_lib/Release/libst_mini_stdperiph_lib.a(stm32f10x_usart.o)
 .ARM.attributes
                0x0000049a       0x2d /home/jonathan/Ac6/SystemWorkbench/plugins/fr.ac6.mcu.externaltools.arm-none.linux64_1.12.0.201611241417/tools/compiler/bin/../lib/gcc/arm-none-eabi/5.4.1/../../../../arm-none-eabi/lib/armv7-m/libc.a(lib_a-errno.o)
 .ARM.attributes
                0x000004c7       0x2d /home/jonathan/Ac6/SystemWorkbench/plugins/fr.ac6.mcu.externaltools.arm-none.linux64_1.12.0.201611241417/tools/compiler/bin/../lib/gcc/arm-none-eabi/5.4.1/../../../../arm-none-eabi/lib/armv7-m/libc.a(lib_a-impure.o)
 .ARM.attributes
                0x000004f4       0x2d /home/jonathan/Ac6/SystemWorkbench/plugins/fr.ac6.mcu.externaltools.arm-none.linux64_1.12.0.201611241417/tools/compiler/bin/../lib/gcc/arm-none-eabi/5.4.1/../../../../arm-none-eabi/lib/armv7-m/libc.a(lib_a-memset.o)
 .ARM.attributes
                0x00000521       0x2d /home/jonathan/Ac6/SystemWorkbench/plugins/fr.ac6.mcu.externaltools.arm-none.linux64_1.12.0.201611241417/tools/compiler/bin/../lib/gcc/arm-none-eabi/5.4.1/../../../../arm-none-eabi/lib/armv7-m/libc.a(lib_a-sprintf.o)
 .ARM.attributes
                0x0000054e       0x2d /home/jonathan/Ac6/SystemWorkbench/plugins/fr.ac6.mcu.externaltools.arm-none.linux64_1.12.0.201611241417/tools/compiler/bin/../lib/gcc/arm-none-eabi/5.4.1/../../../../arm-none-eabi/lib/armv7-m/libc.a(lib_a-strlen-stub.o)
 .ARM.attributes
                0x0000057b       0x2d /home/jonathan/Ac6/SystemWorkbench/plugins/fr.ac6.mcu.externaltools.arm-none.linux64_1.12.0.201611241417/tools/compiler/bin/../lib/gcc/arm-none-eabi/5.4.1/../../../../arm-none-eabi/lib/armv7-m/libc.a(lib_a-svfprintf.o)
 .ARM.attributes
                0x000005a8       0x2d /home/jonathan/Ac6/SystemWorkbench/plugins/fr.ac6.mcu.externaltools.arm-none.linux64_1.12.0.201611241417/tools/compiler/bin/../lib/gcc/arm-none-eabi/5.4.1/../../../../arm-none-eabi/lib/armv7-m/libc.a(lib_a-__call_atexit.o)
 .ARM.attributes
                0x000005d5       0x2d /home/jonathan/Ac6/SystemWorkbench/plugins/fr.ac6.mcu.externaltools.arm-none.linux64_1.12.0.201611241417/tools/compiler/bin/../lib/gcc/arm-none-eabi/5.4.1/../../../../arm-none-eabi/lib/armv7-m/libc.a(lib_a-atexit.o)
 .ARM.attributes
                0x00000602       0x2d /home/jonathan/Ac6/SystemWorkbench/plugins/fr.ac6.mcu.externaltools.arm-none.linux64_1.12.0.201611241417/tools/compiler/bin/../lib/gcc/arm-none-eabi/5.4.1/../../../../arm-none-eabi/lib/armv7-m/libc.a(lib_a-dtoa.o)
 .ARM.attributes
                0x0000062f       0x2d /home/jonathan/Ac6/SystemWorkbench/plugins/fr.ac6.mcu.externaltools.arm-none.linux64_1.12.0.201611241417/tools/compiler/bin/../lib/gcc/arm-none-eabi/5.4.1/../../../../arm-none-eabi/lib/armv7-m/libc.a(lib_a-fini.o)
 .ARM.attributes
                0x0000065c       0x2d /home/jonathan/Ac6/SystemWorkbench/plugins/fr.ac6.mcu.externaltools.arm-none.linux64_1.12.0.201611241417/tools/compiler/bin/../lib/gcc/arm-none-eabi/5.4.1/../../../../arm-none-eabi/lib/armv7-m/libc.a(lib_a-locale.o)
 .ARM.attributes
                0x00000689       0x2d /home/jonathan/Ac6/SystemWorkbench/plugins/fr.ac6.mcu.externaltools.arm-none.linux64_1.12.0.201611241417/tools/compiler/bin/../lib/gcc/arm-none-eabi/5.4.1/../../../../arm-none-eabi/lib/armv7-m/libc.a(lib_a-mallocr.o)
 .ARM.attributes
                0x000006b6       0x2d /home/jonathan/Ac6/SystemWorkbench/plugins/fr.ac6.mcu.externaltools.arm-none.linux64_1.12.0.201611241417/tools/compiler/bin/../lib/gcc/arm-none-eabi/5.4.1/../../../../arm-none-eabi/lib/armv7-m/libc.a(lib_a-memchr-stub.o)
 .ARM.attributes
                0x000006e3       0x1b /home/jonathan/Ac6/SystemWorkbench/plugins/fr.ac6.mcu.externaltools.arm-none.linux64_1.12.0.201611241417/tools/compiler/bin/../lib/gcc/arm-none-eabi/5.4.1/../../../../arm-none-eabi/lib/armv7-m/libc.a(lib_a-memcpy.o)
 .ARM.attributes
                0x000006fe       0x2d /home/jonathan/Ac6/SystemWorkbench/plugins/fr.ac6.mcu.externaltools.arm-none.linux64_1.12.0.201611241417/tools/compiler/bin/../lib/gcc/arm-none-eabi/5.4.1/../../../../arm-none-eabi/lib/armv7-m/libc.a(lib_a-mlock.o)
 .ARM.attributes
                0x0000072b       0x2d /home/jonathan/Ac6/SystemWorkbench/plugins/fr.ac6.mcu.externaltools.arm-none.linux64_1.12.0.201611241417/tools/compiler/bin/../lib/gcc/arm-none-eabi/5.4.1/../../../../arm-none-eabi/lib/armv7-m/libc.a(lib_a-mprec.o)
 .ARM.attributes
                0x00000758       0x2d /home/jonathan/Ac6/SystemWorkbench/plugins/fr.ac6.mcu.externaltools.arm-none.linux64_1.12.0.201611241417/tools/compiler/bin/../lib/gcc/arm-none-eabi/5.4.1/../../../../arm-none-eabi/lib/armv7-m/libc.a(lib_a-sbrkr.o)
 .ARM.attributes
                0x00000785       0x2d /home/jonathan/Ac6/SystemWorkbench/plugins/fr.ac6.mcu.externaltools.arm-none.linux64_1.12.0.201611241417/tools/compiler/bin/../lib/gcc/arm-none-eabi/5.4.1/../../../../arm-none-eabi/lib/armv7-m/libc.a(lib_a-svfiprintf.o)
 .ARM.attributes
                0x000007b2       0x2d /home/jonathan/Ac6/SystemWorkbench/plugins/fr.ac6.mcu.externaltools.arm-none.linux64_1.12.0.201611241417/tools/compiler/bin/../lib/gcc/arm-none-eabi/5.4.1/../../../../arm-none-eabi/lib/armv7-m/libc.a(lib_a-__atexit.o)
 .ARM.attributes
                0x000007df       0x2d /home/jonathan/Ac6/SystemWorkbench/plugins/fr.ac6.mcu.externaltools.arm-none.linux64_1.12.0.201611241417/tools/compiler/bin/../lib/gcc/arm-none-eabi/5.4.1/../../../../arm-none-eabi/lib/armv7-m/libc.a(lib_a-callocr.o)
 .ARM.attributes
                0x0000080c       0x2d /home/jonathan/Ac6/SystemWorkbench/plugins/fr.ac6.mcu.externaltools.arm-none.linux64_1.12.0.201611241417/tools/compiler/bin/../lib/gcc/arm-none-eabi/5.4.1/../../../../arm-none-eabi/lib/armv7-m/libc.a(lib_a-freer.o)
 .ARM.attributes
                0x00000839       0x2d /home/jonathan/Ac6/SystemWorkbench/plugins/fr.ac6.mcu.externaltools.arm-none.linux64_1.12.0.201611241417/tools/compiler/bin/../lib/gcc/arm-none-eabi/5.4.1/../../../../arm-none-eabi/lib/armv7-m/libc.a(lib_a-memmove.o)
 .ARM.attributes
                0x00000866       0x2d /home/jonathan/Ac6/SystemWorkbench/plugins/fr.ac6.mcu.externaltools.arm-none.linux64_1.12.0.201611241417/tools/compiler/bin/../lib/gcc/arm-none-eabi/5.4.1/../../../../arm-none-eabi/lib/armv7-m/libc.a(lib_a-reallocr.o)
 .ARM.attributes
                0x00000893       0x2d /home/jonathan/Ac6/SystemWorkbench/plugins/fr.ac6.mcu.externaltools.arm-none.linux64_1.12.0.201611241417/tools/compiler/bin/../lib/gcc/arm-none-eabi/5.4.1/../../../../arm-none-eabi/lib/armv7-m/libc.a(lib_a-reent.o)
 .ARM.attributes
                0x000008c0       0x1d /home/jonathan/Ac6/SystemWorkbench/plugins/fr.ac6.mcu.externaltools.arm-none.linux64_1.12.0.201611241417/tools/compiler/bin/../lib/gcc/arm-none-eabi/5.4.1/armv7-m/libgcc.a(_arm_addsubdf3.o)
 .ARM.attributes
                0x000008dd       0x1d /home/jonathan/Ac6/SystemWorkbench/plugins/fr.ac6.mcu.externaltools.arm-none.linux64_1.12.0.201611241417/tools/compiler/bin/../lib/gcc/arm-none-eabi/5.4.1/armv7-m/libgcc.a(_arm_muldivdf3.o)
 .ARM.attributes
                0x000008fa       0x1d /home/jonathan/Ac6/SystemWorkbench/plugins/fr.ac6.mcu.externaltools.arm-none.linux64_1.12.0.201611241417/tools/compiler/bin/../lib/gcc/arm-none-eabi/5.4.1/armv7-m/libgcc.a(_arm_cmpdf2.o)
 .ARM.attributes
                0x00000917       0x1d /home/jonathan/Ac6/SystemWorkbench/plugins/fr.ac6.mcu.externaltools.arm-none.linux64_1.12.0.201611241417/tools/compiler/bin/../lib/gcc/arm-none-eabi/5.4.1/armv7-m/libgcc.a(_arm_unorddf2.o)
 .ARM.attributes
                0x00000934       0x1d /home/jonathan/Ac6/SystemWorkbench/plugins/fr.ac6.mcu.externaltools.arm-none.linux64_1.12.0.201611241417/tools/compiler/bin/../lib/gcc/arm-none-eabi/5.4.1/armv7-m/libgcc.a(_arm_fixdfsi.o)
 .ARM.attributes
                0x00000951       0x1d /home/jonathan/Ac6/SystemWorkbench/plugins/fr.ac6.mcu.externaltools.arm-none.linux64_1.12.0.201611241417/tools/compiler/bin/../lib/gcc/arm-none-eabi/5.4.1/armv7-m/libgcc.a(_aeabi_uldivmod.o)
 .ARM.attributes
                0x0000096e       0x2d /home/jonathan/Ac6/SystemWorkbench/plugins/fr.ac6.mcu.externaltools.arm-none.linux64_1.12.0.201611241417/tools/compiler/bin/../lib/gcc/arm-none-eabi/5.4.1/armv7-m/libgcc.a(_udivmoddi4.o)
 .ARM.attributes
                0x0000099b       0x1d /home/jonathan/Ac6/SystemWorkbench/plugins/fr.ac6.mcu.externaltools.arm-none.linux64_1.12.0.201611241417/tools/compiler/bin/../lib/gcc/arm-none-eabi/5.4.1/armv7-m/libgcc.a(_dvmd_tls.o)
 .ARM.attributes
                0x000009b8       0x1d /home/jonathan/Ac6/SystemWorkbench/plugins/fr.ac6.mcu.externaltools.arm-none.linux64_1.12.0.201611241417/tools/compiler/bin/../lib/gcc/arm-none-eabi/5.4.1/armv7-m/crtn.o
OUTPUT(testt.elf elf32-littlearm)

.debug_line     0x00000000       0x7d
 .debug_line    0x00000000       0x7d startup/startup_stm32f10x_md.o

.debug_info     0x00000000       0x6d
 .debug_info    0x00000000       0x6d startup/startup_stm32f10x_md.o

.debug_abbrev   0x00000000       0x12
 .debug_abbrev  0x00000000       0x12 startup/startup_stm32f10x_md.o

.debug_aranges  0x00000000       0x28
 .debug_aranges
                0x00000000       0x28 startup/startup_stm32f10x_md.o

.debug_ranges   0x00000000       0x20
 .debug_ranges  0x00000000       0x20 startup/startup_stm32f10x_md.o

.comment        0x00000000       0x6e
 .comment       0x00000000       0x6e src/ADC.o
                                 0x6f (size before relaxing)
 .comment       0x0000006e       0x6f src/DMA.o
 .comment       0x0000006e       0x6f src/GFXC.o
 .comment       0x0000006e       0x6f src/GPIO.o
 .comment       0x0000006e       0x6f src/ILI9163.o
 .comment       0x0000006e       0x6f src/LCD_I2C.o
 .comment       0x0000006e       0x6f src/NVIC.o
 .comment       0x0000006e       0x6f src/RCC.o
 .comment       0x0000006e       0x6f src/UART.o
 .comment       0x0000006e       0x6f src/main.o
 .comment       0x0000006e       0x6f src/stm32f10x_it.o
 .comment       0x0000006e       0x6f src/syscalls.o
 .comment       0x0000006e       0x6f src/system_stm32f10x.o
 .comment       0x0000006e       0x6f /home/jonathan/workspace/st_mini_stdperiph_lib/Release/libst_mini_stdperiph_lib.a(misc.o)
 .comment       0x0000006e       0x6f /home/jonathan/workspace/st_mini_stdperiph_lib/Release/libst_mini_stdperiph_lib.a(stm32f10x_adc.o)
 .comment       0x0000006e       0x6f /home/jonathan/workspace/st_mini_stdperiph_lib/Release/libst_mini_stdperiph_lib.a(stm32f10x_dma.o)
 .comment       0x0000006e       0x6f /home/jonathan/workspace/st_mini_stdperiph_lib/Release/libst_mini_stdperiph_lib.a(stm32f10x_gpio.o)
 .comment       0x0000006e       0x6f /home/jonathan/workspace/st_mini_stdperiph_lib/Release/libst_mini_stdperiph_lib.a(stm32f10x_i2c.o)
 .comment       0x0000006e       0x6f /home/jonathan/workspace/st_mini_stdperiph_lib/Release/libst_mini_stdperiph_lib.a(stm32f10x_rcc.o)
 .comment       0x0000006e       0x6f /home/jonathan/workspace/st_mini_stdperiph_lib/Release/libst_mini_stdperiph_lib.a(stm32f10x_spi.o)
 .comment       0x0000006e       0x6f /home/jonathan/workspace/st_mini_stdperiph_lib/Release/libst_mini_stdperiph_lib.a(stm32f10x_usart.o)

.debug_frame    0x00000000      0x8d4
 .debug_frame   0x00000000       0x20 /home/jonathan/Ac6/SystemWorkbench/plugins/fr.ac6.mcu.externaltools.arm-none.linux64_1.12.0.201611241417/tools/compiler/bin/../lib/gcc/arm-none-eabi/5.4.1/../../../../arm-none-eabi/lib/armv7-m/libc.a(lib_a-errno.o)
 .debug_frame   0x00000020       0x34 /home/jonathan/Ac6/SystemWorkbench/plugins/fr.ac6.mcu.externaltools.arm-none.linux64_1.12.0.201611241417/tools/compiler/bin/../lib/gcc/arm-none-eabi/5.4.1/../../../../arm-none-eabi/lib/armv7-m/libc.a(lib_a-memset.o)
 .debug_frame   0x00000054       0x84 /home/jonathan/Ac6/SystemWorkbench/plugins/fr.ac6.mcu.externaltools.arm-none.linux64_1.12.0.201611241417/tools/compiler/bin/../lib/gcc/arm-none-eabi/5.4.1/../../../../arm-none-eabi/lib/armv7-m/libc.a(lib_a-sprintf.o)
 .debug_frame   0x000000d8       0x20 /home/jonathan/Ac6/SystemWorkbench/plugins/fr.ac6.mcu.externaltools.arm-none.linux64_1.12.0.201611241417/tools/compiler/bin/../lib/gcc/arm-none-eabi/5.4.1/../../../../arm-none-eabi/lib/armv7-m/libc.a(lib_a-strlen-stub.o)
 .debug_frame   0x000000f8       0x44 /home/jonathan/Ac6/SystemWorkbench/plugins/fr.ac6.mcu.externaltools.arm-none.linux64_1.12.0.201611241417/tools/compiler/bin/../lib/gcc/arm-none-eabi/5.4.1/../../../../arm-none-eabi/lib/armv7-m/libc.a(lib_a-svfprintf.o)
 .debug_frame   0x0000013c       0x50 /home/jonathan/Ac6/SystemWorkbench/plugins/fr.ac6.mcu.externaltools.arm-none.linux64_1.12.0.201611241417/tools/compiler/bin/../lib/gcc/arm-none-eabi/5.4.1/../../../../arm-none-eabi/lib/armv7-m/libc.a(lib_a-__call_atexit.o)
 .debug_frame   0x0000018c       0x20 /home/jonathan/Ac6/SystemWorkbench/plugins/fr.ac6.mcu.externaltools.arm-none.linux64_1.12.0.201611241417/tools/compiler/bin/../lib/gcc/arm-none-eabi/5.4.1/../../../../arm-none-eabi/lib/armv7-m/libc.a(lib_a-atexit.o)
 .debug_frame   0x000001ac       0x84 /home/jonathan/Ac6/SystemWorkbench/plugins/fr.ac6.mcu.externaltools.arm-none.linux64_1.12.0.201611241417/tools/compiler/bin/../lib/gcc/arm-none-eabi/5.4.1/../../../../arm-none-eabi/lib/armv7-m/libc.a(lib_a-dtoa.o)
 .debug_frame   0x00000230       0x34 /home/jonathan/Ac6/SystemWorkbench/plugins/fr.ac6.mcu.externaltools.arm-none.linux64_1.12.0.201611241417/tools/compiler/bin/../lib/gcc/arm-none-eabi/5.4.1/../../../../arm-none-eabi/lib/armv7-m/libc.a(lib_a-fini.o)
 .debug_frame   0x00000264       0x9c /home/jonathan/Ac6/SystemWorkbench/plugins/fr.ac6.mcu.externaltools.arm-none.linux64_1.12.0.201611241417/tools/compiler/bin/../lib/gcc/arm-none-eabi/5.4.1/../../../../arm-none-eabi/lib/armv7-m/libc.a(lib_a-locale.o)
 .debug_frame   0x00000300       0x54 /home/jonathan/Ac6/SystemWorkbench/plugins/fr.ac6.mcu.externaltools.arm-none.linux64_1.12.0.201611241417/tools/compiler/bin/../lib/gcc/arm-none-eabi/5.4.1/../../../../arm-none-eabi/lib/armv7-m/libc.a(lib_a-mallocr.o)
 .debug_frame   0x00000354       0x34 /home/jonathan/Ac6/SystemWorkbench/plugins/fr.ac6.mcu.externaltools.arm-none.linux64_1.12.0.201611241417/tools/compiler/bin/../lib/gcc/arm-none-eabi/5.4.1/../../../../arm-none-eabi/lib/armv7-m/libc.a(lib_a-memchr-stub.o)
 .debug_frame   0x00000388       0x30 /home/jonathan/Ac6/SystemWorkbench/plugins/fr.ac6.mcu.externaltools.arm-none.linux64_1.12.0.201611241417/tools/compiler/bin/../lib/gcc/arm-none-eabi/5.4.1/../../../../arm-none-eabi/lib/armv7-m/libc.a(lib_a-mlock.o)
 .debug_frame   0x000003b8      0x264 /home/jonathan/Ac6/SystemWorkbench/plugins/fr.ac6.mcu.externaltools.arm-none.linux64_1.12.0.201611241417/tools/compiler/bin/../lib/gcc/arm-none-eabi/5.4.1/../../../../arm-none-eabi/lib/armv7-m/libc.a(lib_a-mprec.o)
 .debug_frame   0x0000061c       0x2c /home/jonathan/Ac6/SystemWorkbench/plugins/fr.ac6.mcu.externaltools.arm-none.linux64_1.12.0.201611241417/tools/compiler/bin/../lib/gcc/arm-none-eabi/5.4.1/../../../../arm-none-eabi/lib/armv7-m/libc.a(lib_a-sbrkr.o)
 .debug_frame   0x00000648       0x78 /home/jonathan/Ac6/SystemWorkbench/plugins/fr.ac6.mcu.externaltools.arm-none.linux64_1.12.0.201611241417/tools/compiler/bin/../lib/gcc/arm-none-eabi/5.4.1/../../../../arm-none-eabi/lib/armv7-m/libc.a(lib_a-svfiprintf.o)
 .debug_frame   0x000006c0       0x34 /home/jonathan/Ac6/SystemWorkbench/plugins/fr.ac6.mcu.externaltools.arm-none.linux64_1.12.0.201611241417/tools/compiler/bin/../lib/gcc/arm-none-eabi/5.4.1/../../../../arm-none-eabi/lib/armv7-m/libc.a(lib_a-__atexit.o)
 .debug_frame   0x000006f4       0x28 /home/jonathan/Ac6/SystemWorkbench/plugins/fr.ac6.mcu.externaltools.arm-none.linux64_1.12.0.201611241417/tools/compiler/bin/../lib/gcc/arm-none-eabi/5.4.1/../../../../arm-none-eabi/lib/armv7-m/libc.a(lib_a-callocr.o)
 .debug_frame   0x0000071c       0x74 /home/jonathan/Ac6/SystemWorkbench/plugins/fr.ac6.mcu.externaltools.arm-none.linux64_1.12.0.201611241417/tools/compiler/bin/../lib/gcc/arm-none-eabi/5.4.1/../../../../arm-none-eabi/lib/armv7-m/libc.a(lib_a-freer.o)
 .debug_frame   0x00000790       0x30 /home/jonathan/Ac6/SystemWorkbench/plugins/fr.ac6.mcu.externaltools.arm-none.linux64_1.12.0.201611241417/tools/compiler/bin/../lib/gcc/arm-none-eabi/5.4.1/../../../../arm-none-eabi/lib/armv7-m/libc.a(lib_a-memmove.o)
 .debug_frame   0x000007c0       0x58 /home/jonathan/Ac6/SystemWorkbench/plugins/fr.ac6.mcu.externaltools.arm-none.linux64_1.12.0.201611241417/tools/compiler/bin/../lib/gcc/arm-none-eabi/5.4.1/../../../../arm-none-eabi/lib/armv7-m/libc.a(lib_a-reallocr.o)
 .debug_frame   0x00000818       0x58 /home/jonathan/Ac6/SystemWorkbench/plugins/fr.ac6.mcu.externaltools.arm-none.linux64_1.12.0.201611241417/tools/compiler/bin/../lib/gcc/arm-none-eabi/5.4.1/../../../../arm-none-eabi/lib/armv7-m/libc.a(lib_a-reent.o)
 .debug_frame   0x00000870       0x2c /home/jonathan/Ac6/SystemWorkbench/plugins/fr.ac6.mcu.externaltools.arm-none.linux64_1.12.0.201611241417/tools/compiler/bin/../lib/gcc/arm-none-eabi/5.4.1/armv7-m/libgcc.a(_aeabi_uldivmod.o)
 .debug_frame   0x0000089c       0x38 /home/jonathan/Ac6/SystemWorkbench/plugins/fr.ac6.mcu.externaltools.arm-none.linux64_1.12.0.201611241417/tools/compiler/bin/../lib/gcc/arm-none-eabi/5.4.1/armv7-m/libgcc.a(_udivmoddi4.o)
